/home/jonas/Documents/MCA4MARL/Maze-Ver6

		=== The Maze: 0 means obstacle, 1 means free space, 2 means charging station ===

Maze Sub-environment Tree:

Node: Start(0, 0), End(9, 9), Size(10x10), Charging Stations: 4

Environment is static. Applying global Q-learning.
The Agent Has Converged After 5201 Episodes

Environment is static. Performing global local path planning for all leaf nodes.
Training agent in leaf node: Start(0, 0), End(9, 9)
The Agent Has Converged After 5201 Episodes

Environment changed. Applying local Q-learning.
The Agent Has Converged After 4311 Episodes

Environment changed. Performing local path planning for affected leaf nodes.
Training agent in leaf node: Start(0, 0), End(9, 9)
The Agent Has Converged After 5511 Episodes

Maze Size: 10x10

--- MasMat Results ---
Static Training Time   : 0.187328s
Dynamic Training Time  : 0.152445s
Average Planning Time  : 2.7024e-06s
Success Rate           : 100%
Average Path Length    : 0.97 steps

--- Local Path Planning Results ---
Static Training Time   : 0.168909s
Dynamic Training Time  : 0.188358s
Average Planning Time  : 2.57766e-06s
Success Rate           : 100%
Average Path Length    : 0.94 steps

		=== The Maze: 0 means obstacle, 1 means free space, 2 means charging station ===

Maze Sub-environment Tree:

Node: Start(0, 0), End(9, 9), Size(10x10), Charging Stations: 4

Environment is static. Applying global Q-learning.
The Agent Has Converged After 5201 Episodes

Environment is static. Performing global local path planning for all leaf nodes.
Training agent in leaf node: Start(0, 0), End(9, 9)
The Agent Has Converged After 5201 Episodes

Environment changed. Applying local Q-learning.
The Agent Has Converged After 4771 Episodes

Environment changed. Performing local path planning for affected leaf nodes.
Training agent in leaf node: Start(0, 0), End(9, 9)
The Agent Has Converged After 5101 Episodes

Maze Size: 10x10

--- MasMat Results ---
Static Training Time   : 0.186662s
Dynamic Training Time  : 0.172134s
Average Planning Time  : 3.13605e-06s
Success Rate           : 100%
Average Path Length    : 0.91 steps

--- Local Path Planning Results ---
Static Training Time   : 0.186132s
Dynamic Training Time  : 0.183964s
Average Planning Time  : 2.93584e-06s
Success Rate           : 100%
Average Path Length    : 1.12 steps

		=== The Maze: 0 means obstacle, 1 means free space, 2 means charging station ===

Maze Sub-environment Tree:

Node: Start(0, 0), End(9, 9), Size(10x10), Charging Stations: 4

Environment is static. Applying global Q-learning.
The Agent Has Converged After 5101 Episodes

Environment is static. Performing global local path planning for all leaf nodes.
Training agent in leaf node: Start(0, 0), End(9, 9)
The Agent Has Converged After 4721 Episodes

Environment changed. Applying local Q-learning.
The Agent Has Converged After 5271 Episodes

Environment changed. Performing local path planning for affected leaf nodes.
Training agent in leaf node: Start(0, 0), End(9, 9)
The Agent Has Converged After 5001 Episodes

Maze Size: 10x10

--- MasMat Results ---
Static Training Time   : 0.188288s
Dynamic Training Time  : 0.171022s
Average Planning Time  : 5.66247e-06s
Success Rate           : 100%
Average Path Length    : 1.04 steps

--- Local Path Planning Results ---
Static Training Time   : 0.17212s
Dynamic Training Time  : 0.192906s
Average Planning Time  : 2.87194e-06s
Success Rate           : 100%
Average Path Length    : 1.11 steps

		=== The Maze: 0 means obstacle, 1 means free space, 2 means charging station ===

Maze Sub-environment Tree:

Node: Start(0, 0), End(9, 9), Size(10x10), Charging Stations: 4

Environment is static. Applying global Q-learning.
The Agent Has Converged After 5101 Episodes

Environment is static. Performing global local path planning for all leaf nodes.
Training agent in leaf node: Start(0, 0), End(9, 9)
The Agent Has Converged After 4721 Episodes

Environment changed. Applying local Q-learning.
The Agent Has Converged After 5351 Episodes

Environment changed. Performing local path planning for affected leaf nodes.
Training agent in leaf node: Start(0, 0), End(9, 9)
The Agent Has Converged After 4841 Episodes

Maze Size: 10x10

--- MasMat Results ---
Static Training Time   : 0.176814s
Dynamic Training Time  : 0.178675s
Average Planning Time  : 5.44932e-06s
Success Rate           : 100%
Average Path Length    : 1.08 steps

--- Local Path Planning Results ---
Static Training Time   : 0.187018s
Dynamic Training Time  : 0.181971s
Average Planning Time  : 3.08846e-06s
Success Rate           : 100%
Average Path Length    : 1.32 steps

		=== The Maze: 0 means obstacle, 1 means free space, 2 means charging station ===

Maze Sub-environment Tree:

Node: Start(0, 0), End(19, 19), Size(20x20), Charging Stations: 6

Environment is static. Applying global Q-learning.
The Agent Has Converged After 20581 Episodes

Environment is static. Performing global local path planning for all leaf nodes.
Training agent in leaf node: Start(0, 0), End(19, 19)
The Agent Has Converged After 19431 Episodes

Environment changed. Applying local Q-learning.
The Agent Has Converged After 16351 Episodes

Environment changed. Performing local path planning for affected leaf nodes.
Training agent in leaf node: Start(0, 0), End(19, 19)
The Agent Has Converged After 18581 Episodes

Maze Size: 20x20

--- MasMat Results ---
Static Training Time   : 0.72047s
Dynamic Training Time  : 0.676742s
Average Planning Time  : 7.79148e-06s
Success Rate           : 100%
Average Path Length    : 2.42 steps

--- Local Path Planning Results ---
Static Training Time   : 0.722932s
Dynamic Training Time  : 0.784278s
Average Planning Time  : 4.76322e-06s
Success Rate           : 100%
Average Path Length    : 2.52 steps

		=== The Maze: 0 means obstacle, 1 means free space, 2 means charging station ===

Maze Sub-environment Tree:

Node: Start(0, 0), End(19, 19), Size(20x20), Charging Stations: 6

Environment is static. Applying global Q-learning.
The Agent Has Converged After 20581 Episodes

Environment is static. Performing global local path planning for all leaf nodes.
Training agent in leaf node: Start(0, 0), End(19, 19)
The Agent Has Converged After 19431 Episodes

Environment changed. Applying local Q-learning.
The Agent Has Converged After 18591 Episodes

Environment changed. Performing local path planning for affected leaf nodes.
Training agent in leaf node: Start(0, 0), End(19, 19)
The Agent Has Converged After 20361 Episodes

Maze Size: 20x20

--- MasMat Results ---
Static Training Time   : 0.752868s
Dynamic Training Time  : 0.746544s
Average Planning Time  : 4.6054e-06s
Success Rate           : 100%
Average Path Length    : 2.48 steps

--- Local Path Planning Results ---
Static Training Time   : 0.746555s
Dynamic Training Time  : 0.763527s
Average Planning Time  : 5.1392e-06s
Success Rate           : 100%
Average Path Length    : 2.87 steps

		=== The Maze: 0 means obstacle, 1 means free space, 2 means charging station ===

Maze Sub-environment Tree:

Node: Start(0, 0), End(19, 19), Size(20x20), Charging Stations: 6

Environment is static. Applying global Q-learning.
The Agent Has Converged After 15291 Episodes

Environment is static. Performing global local path planning for all leaf nodes.
Training agent in leaf node: Start(0, 0), End(19, 19)
The Agent Has Converged After 17151 Episodes

Environment changed. Applying local Q-learning.
The Agent Has Converged After 15221 Episodes

Environment changed. Performing local path planning for affected leaf nodes.
Training agent in leaf node: Start(0, 0), End(19, 19)
The Agent Has Converged After 13151 Episodes

Maze Size: 20x20

--- MasMat Results ---
Static Training Time   : 0.733426s
Dynamic Training Time  : 0.740539s
Average Planning Time  : 5.34976e-06s
Success Rate           : 100%
Average Path Length    : 2.89 steps

--- Local Path Planning Results ---
Static Training Time   : 0.755522s
Dynamic Training Time  : 0.706316s
Average Planning Time  : 5.10207e-06s
Success Rate           : 100%
Average Path Length    : 2.86 steps

		=== The Maze: 0 means obstacle, 1 means free space, 2 means charging station ===

Maze Sub-environment Tree:

Node: Start(0, 0), End(19, 19), Size(20x20), Charging Stations: 6

Environment is static. Applying global Q-learning.
The Agent Has Converged After 15291 Episodes

Environment is static. Performing global local path planning for all leaf nodes.
Training agent in leaf node: Start(0, 0), End(19, 19)
The Agent Has Converged After 17151 Episodes

Environment changed. Applying local Q-learning.
The Agent Has Converged After 14201 Episodes

Environment changed. Performing local path planning for affected leaf nodes.
Training agent in leaf node: Start(0, 0), End(19, 19)
The Agent Has Converged After 13591 Episodes

Maze Size: 20x20

--- MasMat Results ---
Static Training Time   : 0.744668s
Dynamic Training Time  : 0.648043s
Average Planning Time  : 5.70327e-06s
Success Rate           : 100%
Average Path Length    : 2.89 steps

--- Local Path Planning Results ---
Static Training Time   : 0.742769s
Dynamic Training Time  : 0.676937s
Average Planning Time  : 6.05883e-06s
Success Rate           : 100%
Average Path Length    : 2.79 steps

		=== The Maze: 0 means obstacle, 1 means free space, 2 means charging station ===

Maze Sub-environment Tree:

Node: Start(0, 0), End(49, 49), Size(50x50), Charging Stations: 51
 ├─ Node: Start(0, 0), End(24, 24), Size(25x25), Charging Stations: 10
 │   ├─ Node: Start(0, 0), End(12, 12), Size(13x13), Charging Stations: 3
 │   ├─ Node: Start(0, 13), End(12, 24), Size(13x12), Charging Stations: 2
 │   ├─ Node: Start(13, 0), End(24, 12), Size(12x13), Charging Stations: 1
 │   └─ Node: Start(13, 13), End(24, 24), Size(12x12), Charging Stations: 3
 ├─ Node: Start(0, 25), End(24, 49), Size(25x25), Charging Stations: 9
 │   ├─ Node: Start(0, 24), End(12, 36), Size(13x13), Charging Stations: 2
 │   ├─ Node: Start(0, 37), End(12, 49), Size(13x13), Charging Stations: 3
 │   ├─ Node: Start(13, 24), End(24, 36), Size(12x13), Charging Stations: 1
 │   └─ Node: Start(13, 37), End(24, 49), Size(12x13), Charging Stations: 3
 ├─ Node: Start(25, 0), End(49, 24), Size(25x25), Charging Stations: 15
 │   ├─ Node: Start(24, 0), End(36, 12), Size(13x13), Charging Stations: 4
 │   ├─ Node: Start(24, 13), End(36, 24), Size(13x12), Charging Stations: 1
 │   ├─ Node: Start(37, 0), End(49, 12), Size(13x13), Charging Stations: 4
 │   └─ Node: Start(37, 13), End(49, 24), Size(13x12), Charging Stations: 5
 └─ Node: Start(25, 25), End(49, 49), Size(25x25), Charging Stations: 14
     ├─ Node: Start(24, 24), End(36, 36), Size(13x13), Charging Stations: 4
     ├─ Node: Start(24, 37), End(36, 49), Size(13x13), Charging Stations: 4
     ├─ Node: Start(37, 24), End(49, 36), Size(13x13), Charging Stations: 4
     └─ Node: Start(37, 37), End(49, 49), Size(13x13), Charging Stations: 3

Environment is static. Applying global Q-learning.
The Agent Has Converged After 133731 Episodes

Environment is static. Performing global local path planning for all leaf nodes.
Training agent in leaf node: Start(37, 13), End(49, 24)
Training agent in leaf node: Start(0, 24), End(12, 36)
Training agent in leaf node: Start(0, 13), End(12, 24)
Training agent in leaf node: Start(0, 0), End(12, 12)
Training agent in leaf node: Start(13, 13), End(24, 24)
Training agent in leaf node: Start(13, 0), End(24, 12)
Training agent in leaf node: Start(24, 0), End(36, 12)
Training agent in leaf node: Start(13, 37), End(24, 49)
Training agent in leaf node: Start(24, 13), End(36, 24)
Training agent in leaf node: Start(0, 37), End(12, 49)
Training agent in leaf node: Start(37, 0), End(49, 12)
Training agent in leaf node: Start(24, 24), End(36, 36)
Training agent in leaf node: Start(13, 24), End(24, 36)
Training agent in leaf node: Start(24, 37), End(36, 49)
Training agent in leaf node: Start(37, 24), End(49, 36)
Training agent in leaf node: Start(37, 37), End(49, 49)
The Agent Has Converged After 18101 Episodes
The Agent Has Converged After 16191 Episodes
The Agent Has Converged After 12751 Episodes
The Agent Has Converged After 13491 Episodes
The Agent Has Converged After 15671 Episodes
The Agent Has Converged After 11971 Episodes
The Agent Has Converged After 12421 Episodes
The Agent Has Converged After 12921 Episodes
The Agent Has Converged After 13651 Episodes
The Agent Has Converged After 12801 Episodes
The Agent Has Converged After 10311 Episodes
The Agent Has Converged After 11021 Episodes
The Agent Has Converged After 20091 Episodes
The Agent Has Converged After 13211 Episodes
The Agent Has Converged After 16691 Episodes
The Agent Has Converged After 22621 Episodes

Environment changed. Applying local Q-learning.
The Agent Has Converged After 14121 Episodes

Environment changed. Performing local path planning for affected leaf nodes.
Training agent in leaf node: Start(13, 13), End(24, 24)
The Agent Has Converged After 15171 Episodes

Maze Size: 50x50

--- MasMat Results ---
Static Training Time   : 8.53857s
Dynamic Training Time  : 0.716224s
Average Planning Time  : 4.17228e-06s
Success Rate           : 100%
Average Path Length    : 1.86 steps

--- Local Path Planning Results ---
Static Training Time   : 4.30925s
Dynamic Training Time  : 0.787324s
Average Planning Time  : 4.5275e-06s
Success Rate           : 100%
Average Path Length    : 2.37 steps

		=== The Maze: 0 means obstacle, 1 means free space, 2 means charging station ===

Maze Sub-environment Tree:

Node: Start(0, 0), End(49, 49), Size(50x50), Charging Stations: 51
 ├─ Node: Start(0, 0), End(24, 24), Size(25x25), Charging Stations: 10
 │   ├─ Node: Start(0, 0), End(12, 12), Size(13x13), Charging Stations: 3
 │   ├─ Node: Start(0, 13), End(12, 24), Size(13x12), Charging Stations: 2
 │   ├─ Node: Start(13, 0), End(24, 12), Size(12x13), Charging Stations: 1
 │   └─ Node: Start(13, 13), End(24, 24), Size(12x12), Charging Stations: 3
 ├─ Node: Start(0, 25), End(24, 49), Size(25x25), Charging Stations: 9
 │   ├─ Node: Start(0, 24), End(12, 36), Size(13x13), Charging Stations: 2
 │   ├─ Node: Start(0, 37), End(12, 49), Size(13x13), Charging Stations: 3
 │   ├─ Node: Start(13, 24), End(24, 36), Size(12x13), Charging Stations: 1
 │   └─ Node: Start(13, 37), End(24, 49), Size(12x13), Charging Stations: 3
 ├─ Node: Start(25, 0), End(49, 24), Size(25x25), Charging Stations: 15
 │   ├─ Node: Start(24, 0), End(36, 12), Size(13x13), Charging Stations: 4
 │   ├─ Node: Start(24, 13), End(36, 24), Size(13x12), Charging Stations: 1
 │   ├─ Node: Start(37, 0), End(49, 12), Size(13x13), Charging Stations: 4
 │   └─ Node: Start(37, 13), End(49, 24), Size(13x12), Charging Stations: 5
 └─ Node: Start(25, 25), End(49, 49), Size(25x25), Charging Stations: 14
     ├─ Node: Start(24, 24), End(36, 36), Size(13x13), Charging Stations: 4
     ├─ Node: Start(24, 37), End(36, 49), Size(13x13), Charging Stations: 4
     ├─ Node: Start(37, 24), End(49, 36), Size(13x13), Charging Stations: 4
     └─ Node: Start(37, 37), End(49, 49), Size(13x13), Charging Stations: 3

Environment is static. Applying global Q-learning.
The Agent Has Converged After 133731 Episodes

Environment is static. Performing global local path planning for all leaf nodes.
Training agent in leaf node: Start(13, 13), End(24, 24)
Training agent in leaf node: Start(0, 13), End(12, 24)
Training agent in leaf node: Start(0, 24), End(12, 36)
Training agent in leaf node: Start(24, 13), End(36, 24)
Training agent in leaf node: Start(0, Training agent in leaf node: Start(370), , End(0Training agent in leaf node: Start(12, 49), 37, 13), End()
Training agent in leaf node: Start(13, 0), End(24, 12)
Training agent in leaf node: Start(13, 24), End(24, 36)
Training agent in leaf node: Start(37, 0), End(49, 12)
Training agent in leaf node: Start(24, 0), End(36, 12)
Training agent in leaf node: Start(24, 37), End(36, 49)
Training agent in leaf node: Start(24, 24), End(36, 36)
End(12, 12)
Training agent in leaf node: Start(37, 24), End(49, 36)
Training agent in leaf node: Start(13, 37), End(24, 49)
49, 24)
Training agent in leaf node: Start(37, 37), End(49, 49)
The Agent Has Converged After 18861 Episodes
The Agent Has Converged After 12831 Episodes
The Agent Has Converged After 17571 Episodes
The Agent Has Converged After 12311 Episodes
The Agent Has Converged After 10321 Episodes
The Agent Has Converged After 13251 Episodes
The Agent Has Converged After 18871 Episodes
The Agent Has Converged After 12401 Episodes
The Agent Has Converged After 9301 Episodes
The Agent Has Converged After 14921 Episodes
The Agent Has Converged After 11531 Episodes
The Agent Has Converged After 14211 Episodes
The Agent Has Converged After 14781 Episodes
The Agent Has Converged After 24871 Episodes
The Agent Has Converged After 14441 Episodes
The Agent Has Converged After 22521 Episodes

Environment changed. Applying local Q-learning.
The Agent Has Converged After 13501 Episodes
The Agent Has Converged After 14311 Episodes
The Agent Has Converged After 18251 Episodes
The Agent Has Converged After 14071 Episodes
The Agent Has Converged After 15281 Episodes
The Agent Has Converged After 14301 Episodes
The Agent Has Converged After 14581 Episodes
The Agent Has Converged After 21151 Episodes

Environment changed. Performing local path planning for affected leaf nodes.
Training agent in leaf node: Start(13, 37), End(24, 49)
Training agent in leaf node: Start(13, 0), End(24, 12)
Training agent in leaf node: Start(0, 0), End(12, 12)
Training agent in leaf node: Start(37, 13), End(49, 24)
Training agent in leaf node: Start(37, 24), End(49, 36)
Training agent in leaf node: Start(37, 0), End(49, 12)
Training agent in leaf node: Start(13, 24), End(Training agent in leaf node: Start(2413, 13), End(24, , 3624)
)
The Agent Has Converged After 18741 Episodes
The Agent Has Converged After 13811 Episodes
The Agent Has Converged After 10421 Episodes
The Agent Has Converged After 16071 Episodes
The Agent Has Converged After 14311 Episodes
The Agent Has Converged After 14291 Episodes
The Agent Has Converged After 21611 Episodes
The Agent Has Converged After 16851 Episodes

Maze Size: 50x50

--- MasMat Results ---
Static Training Time   : 8.60351s
Dynamic Training Time  : 6.33033s
Average Planning Time  : 6.91624e-06s
Success Rate           : 100%
Average Path Length    : 2.18 steps

--- Local Path Planning Results ---
Static Training Time   : 4.14094s
Dynamic Training Time  : 2.2313s
Average Planning Time  : 6.80826e-06s
Success Rate           : 99%
Average Path Length    : 2.21212 steps

		=== The Maze: 0 means obstacle, 1 means free space, 2 means charging station ===

Maze Sub-environment Tree:

Node: Start(0, 0), End(49, 49), Size(50x50), Charging Stations: 51
 ├─ Node: Start(0, 0), End(24, 24), Size(25x25), Charging Stations: 10
 │   ├─ Node: Start(0, 0), End(12, 12), Size(13x13), Charging Stations: 3
 │   ├─ Node: Start(0, 13), End(12, 24), Size(13x12), Charging Stations: 2
 │   ├─ Node: Start(13, 0), End(24, 12), Size(12x13), Charging Stations: 1
 │   └─ Node: Start(13, 13), End(24, 24), Size(12x12), Charging Stations: 3
 ├─ Node: Start(0, 25), End(24, 49), Size(25x25), Charging Stations: 9
 │   ├─ Node: Start(0, 24), End(12, 36), Size(13x13), Charging Stations: 2
 │   ├─ Node: Start(0, 37), End(12, 49), Size(13x13), Charging Stations: 3
 │   ├─ Node: Start(13, 24), End(24, 36), Size(12x13), Charging Stations: 1
 │   └─ Node: Start(13, 37), End(24, 49), Size(12x13), Charging Stations: 3
 ├─ Node: Start(25, 0), End(49, 24), Size(25x25), Charging Stations: 15
 │   ├─ Node: Start(24, 0), End(36, 12), Size(13x13), Charging Stations: 4
 │   ├─ Node: Start(24, 13), End(36, 24), Size(13x12), Charging Stations: 1
 │   ├─ Node: Start(37, 0), End(49, 12), Size(13x13), Charging Stations: 4
 │   └─ Node: Start(37, 13), End(49, 24), Size(13x12), Charging Stations: 5
 └─ Node: Start(25, 25), End(49, 49), Size(25x25), Charging Stations: 14
     ├─ Node: Start(24, 24), End(36, 36), Size(13x13), Charging Stations: 4
     ├─ Node: Start(24, 37), End(36, 49), Size(13x13), Charging Stations: 4
     ├─ Node: Start(37, 24), End(49, 36), Size(13x13), Charging Stations: 4
     └─ Node: Start(37, 37), End(49, 49), Size(13x13), Charging Stations: 3

Environment is static. Applying global Q-learning.
The Agent Has Converged After 96841 Episodes

Environment is static. Performing global local path planning for all leaf nodes.
Training agent in leaf node: Start(13, 13), End(24, 24)
Training agent in leaf node: Start(0, 0), Training agent in leaf node: Start(End(0, 24), End(1212, , 12)
Training agent in leaf node: Start(13, 24), End(24, 36)
Training agent in leaf node: Start(37, 0), End(49, 12)
Training agent in leaf node: Start(37, 13), End(49, 24)
Training agent in leaf node: Start(13, 0), End(24, 12)
Training agent in leaf node: Start(0, 37), End(12, 49)
Training agent in leaf node: Start(13, 37), End(24, 49)
Training agent in leaf node: Start(24, 0), End(36, 12)
Training agent in leaf node: Start(37, 37), End(49, 49)
Training agent in leaf node: Start(37, 24), End(49, 36)
Training agent in leaf node: Start(24, 37), End(36, 49)
36)
Training agent in leaf node: Start(24, 13), End(36, 24)
Training agent in leaf node: Start(0, 13), End(12, 24)
Training agent in leaf node: Start(24, 24), End(36, 36)
The Agent Has Converged After 5911 Episodes
The Agent Has Converged After 10651 Episodes
The Agent Has Converged After 19541 Episodes
The Agent Has Converged After 12531 Episodes
The Agent Has Converged After 11171 Episodes
The Agent Has Converged After 10741 Episodes
The Agent Has Converged After 13561 Episodes
The Agent Has Converged After 10861 Episodes
The Agent Has Converged After 9191 Episodes
The Agent Has Converged After 17781 Episodes
The Agent Has Converged After 16791 Episodes
The Agent Has Converged After 13791 Episodes
The Agent Has Converged After 16441 Episodes
The Agent Has Converged After 9771 Episodes
The Agent Has Converged After 13431 Episodes
The Agent Has Converged After 24571 Episodes

Environment changed. Applying local Q-learning.
The Agent Has Converged After 13841 Episodes

Environment changed. Performing local path planning for affected leaf nodes.
Training agent in leaf node: Start(0, 0), End(12, 12)
The Agent Has Converged After 18111 Episodes

Maze Size: 50x50

--- MasMat Results ---
Static Training Time   : 6.03772s
Dynamic Training Time  : 0.746193s
Average Planning Time  : 6.99009e-06s
Success Rate           : 100%
Average Path Length    : 2.33 steps

--- Local Path Planning Results ---
Static Training Time   : 4.19316s
Dynamic Training Time  : 0.872425s
Average Planning Time  : 5.75597e-06s
Success Rate           : 99%
Average Path Length    : 2.14141 steps

		=== The Maze: 0 means obstacle, 1 means free space, 2 means charging station ===

Maze Sub-environment Tree:

Node: Start(0, 0), End(49, 49), Size(50x50), Charging Stations: 51
 ├─ Node: Start(0, 0), End(24, 24), Size(25x25), Charging Stations: 10
 │   ├─ Node: Start(0, 0), End(12, 12), Size(13x13), Charging Stations: 3
 │   ├─ Node: Start(0, 13), End(12, 24), Size(13x12), Charging Stations: 2
 │   ├─ Node: Start(13, 0), End(24, 12), Size(12x13), Charging Stations: 1
 │   └─ Node: Start(13, 13), End(24, 24), Size(12x12), Charging Stations: 3
 ├─ Node: Start(0, 25), End(24, 49), Size(25x25), Charging Stations: 9
 │   ├─ Node: Start(0, 24), End(12, 36), Size(13x13), Charging Stations: 2
 │   ├─ Node: Start(0, 37), End(12, 49), Size(13x13), Charging Stations: 3
 │   ├─ Node: Start(13, 24), End(24, 36), Size(12x13), Charging Stations: 1
 │   └─ Node: Start(13, 37), End(24, 49), Size(12x13), Charging Stations: 3
 ├─ Node: Start(25, 0), End(49, 24), Size(25x25), Charging Stations: 15
 │   ├─ Node: Start(24, 0), End(36, 12), Size(13x13), Charging Stations: 4
 │   ├─ Node: Start(24, 13), End(36, 24), Size(13x12), Charging Stations: 1
 │   ├─ Node: Start(37, 0), End(49, 12), Size(13x13), Charging Stations: 4
 │   └─ Node: Start(37, 13), End(49, 24), Size(13x12), Charging Stations: 5
 └─ Node: Start(25, 25), End(49, 49), Size(25x25), Charging Stations: 14
     ├─ Node: Start(24, 24), End(36, 36), Size(13x13), Charging Stations: 4
     ├─ Node: Start(24, 37), End(36, 49), Size(13x13), Charging Stations: 4
     ├─ Node: Start(37, 24), End(49, 36), Size(13x13), Charging Stations: 4
     └─ Node: Start(37, 37), End(49, 49), Size(13x13), Charging Stations: 3

Environment is static. Applying global Q-learning.
The Agent Has Converged After 96841 Episodes

Environment is static. Performing global local path planning for all leaf nodes.
Training agent in leaf node: Start(0, 13), End(12, 24)
Training agent in leaf node: Start(0, 24), End(12, 36)
Training agent in leaf node: Start(13, 37), End(24, 49)
Training agent in leaf node: Start(24, 13), End(36, 24)
Training agent in leaf node: Start(13, 13), End(24, 24)
Training agent in leaf node: Start(0, 0), End(12, 12)
Training agent in leaf node: Start(13, 24), End(24, 36)
Training agent in leaf node: Start(13, 0), End(24, 12)
Training agent in leaf node: Start(0, 37), End(12, 49)
Training agent in leaf node: Start(24, 0), End(36, 12)
Training agent in leaf node: Start(37, 0), End(49, 12)
Training agent in leaf node: Start(37, 13), End(49, 24)
Training agent in leaf node: Start(37, 24), End(49, 36)
Training agent in leaf node: Start(37, 37), End(49, 49)
Training agent in leaf node: Start(24, 24), End(36, 36)
Training agent in leaf node: Start(24, 37), End(36, 49)
The Agent Has Converged After 14201 Episodes
The Agent Has Converged After 6401 Episodes
The Agent Has Converged After 9991 Episodes
The Agent Has Converged After 10821 Episodes
The Agent Has Converged After 9701 Episodes
The Agent Has Converged After 8201 Episodes
The Agent Has Converged After 12711 Episodes
The Agent Has Converged After 13431 Episodes
The Agent Has Converged After 15681 Episodes
The Agent Has Converged After 11221 Episodes
The Agent Has Converged After 10111 Episodes
The Agent Has Converged After 7751 Episodes
The Agent Has Converged After 18331 Episodes
The Agent Has Converged After 15631 Episodes
The Agent Has Converged After 13361 Episodes
The Agent Has Converged After 21471 Episodes

Environment changed. Applying local Q-learning.
The Agent Has Converged After 10671 Episodes
The Agent Has Converged After 7351 Episodes
The Agent Has Converged After 15361 Episodes
The Agent Has Converged After 15131 Episodes
The Agent Has Converged After 16451 Episodes
The Agent Has Converged After 8721 Episodes

Environment changed. Performing local path planning for affected leaf nodes.
Training agent in leaf node: Start(24, 37), End(36, 49)
Training agent in leaf node: Start(24, 13), End(36, 24)
Training agent in leaf node: Start(Training agent in leaf node: Start(Training agent in leaf node: Start(37, 13), End(49037, , , 24)
24), End(12, 36)
37), End(49, 49)
Training agent in leaf node: Start(37, 0), End(49, 12)
The Agent Has Converged After 6211 Episodes
The Agent Has Converged After 10121 Episodes
The Agent Has Converged After 9891 Episodes
The Agent Has Converged After 19111 Episodes
The Agent Has Converged After 18171 Episodes
The Agent Has Converged After 14461 Episodes

Maze Size: 50x50

--- MasMat Results ---
Static Training Time   : 6.11241s
Dynamic Training Time  : 3.93002s
Average Planning Time  : 4.44453e-06s
Success Rate           : 100%
Average Path Length    : 2.04 steps

--- Local Path Planning Results ---
Static Training Time   : 4.02288s
Dynamic Training Time  : 1.51186s
Average Planning Time  : 4.3158e-06s
Success Rate           : 100%
Average Path Length    : 2.12 steps

		=== The Maze: 0 means obstacle, 1 means free space, 2 means charging station ===

Maze Sub-environment Tree:

Node: Start(0, 0), End(99, 99), Size(100x100), Charging Stations: 220
 ├─ Node: Start(0, 0), End(49, 49), Size(50x50), Charging Stations: 59
 │   ├─ Node: Start(0, 0), End(24, 24), Size(25x25), Charging Stations: 14
 │   │   ├─ Node: Start(0, 0), End(12, 12), Size(13x13), Charging Stations: 1
 │   │   ├─ Node: Start(0, 13), End(12, 24), Size(13x12), Charging Stations: 3
 │   │   ├─ Node: Start(13, 0), End(24, 12), Size(12x13), Charging Stations: 4
 │   │   └─ Node: Start(13, 13), End(24, 24), Size(12x12), Charging Stations: 5
 │   ├─ Node: Start(0, 25), End(24, 49), Size(25x25), Charging Stations: 13
 │   │   ├─ Node: Start(0, 24), End(12, 36), Size(13x13), Charging Stations: 3
 │   │   ├─ Node: Start(0, 37), End(12, 49), Size(13x13), Charging Stations: 3
 │   │   ├─ Node: Start(13, 24), End(24, 36), Size(12x13), Charging Stations: 4
 │   │   └─ Node: Start(13, 37), End(24, 49), Size(12x13), Charging Stations: 4
 │   ├─ Node: Start(25, 0), End(49, 24), Size(25x25), Charging Stations: 15
 │   │   ├─ Node: Start(24, 0), End(36, 12), Size(13x13), Charging Stations: 4
 │   │   ├─ Node: Start(24, 13), End(36, 24), Size(13x12), Charging Stations: 6
 │   │   ├─ Node: Start(37, 0), End(49, 12), Size(13x13), Charging Stations: 2
 │   │   └─ Node: Start(37, 13), End(49, 24), Size(13x12), Charging Stations: 3
 │   └─ Node: Start(25, 25), End(49, 49), Size(25x25), Charging Stations: 14
 │       ├─ Node: Start(24, 24), End(36, 36), Size(13x13), Charging Stations: 3
 │       ├─ Node: Start(24, 37), End(36, 49), Size(13x13), Charging Stations: 3
 │       ├─ Node: Start(37, 24), End(49, 36), Size(13x13), Charging Stations: 6
 │       │   ├─ Node: Start(36, 24), End(42, 30), Size(7x7), Charging Stations: 3
 │       │   ├─ Node: Start(36, 31), End(42, 36), Size(7x6), Charging Stations: 1
 │       │   ├─ Node: Start(43, 24), End(49, 30), Size(7x7), Charging Stations: 1
 │       │   └─ Node: Start(43, 31), End(49, 36), Size(7x6), Charging Stations: 1
 │       └─ Node: Start(37, 37), End(49, 49), Size(13x13), Charging Stations: 1
 ├─ Node: Start(0, 50), End(49, 99), Size(50x50), Charging Stations: 42
 │   ├─ Node: Start(0, 49), End(24, 74), Size(25x26), Charging Stations: 10
 │   │   ├─ Node: Start(0, 49), End(12, 61), Size(13x13), Charging Stations: 3
 │   │   ├─ Node: Start(0, 62), End(12, 74), Size(13x13), Charging Stations: 3
 │   │   ├─ Node: Start(13, 49), End(24, 61), Size(12x13), Charging Stations: 3
 │   │   └─ Node: Start(13, 62), End(24, 74), Size(12x13), Charging Stations: 1
 │   ├─ Node: Start(0, 75), End(24, 99), Size(25x25), Charging Stations: 11
 │   │   ├─ Node: Start(0, 74), End(12, 86), Size(13x13), Charging Stations: 1
 │   │   ├─ Node: Start(0, 87), End(12, 99), Size(13x13), Charging Stations: 3
 │   │   ├─ Node: Start(13, 74), End(24, 86), Size(12x13), Charging Stations: 4
 │   │   └─ Node: Start(13, 87), End(24, 99), Size(12x13), Charging Stations: 2
 │   ├─ Node: Start(25, 49), End(49, 74), Size(25x26), Charging Stations: 10
 │   │   ├─ Node: Start(24, 49), End(36, 61), Size(13x13), Charging Stations: 1
 │   │   ├─ Node: Start(24, 62), End(36, 74), Size(13x13), Charging Stations: 2
 │   │   ├─ Node: Start(37, 49), End(49, 61), Size(13x13), Charging Stations: 4
 │   │   └─ Node: Start(37, 62), End(49, 74), Size(13x13), Charging Stations: 2
 │   └─ Node: Start(25, 75), End(49, 99), Size(25x25), Charging Stations: 13
 │       ├─ Node: Start(24, 74), End(36, 86), Size(13x13), Charging Stations: 2
 │       ├─ Node: Start(24, 87), End(36, 99), Size(13x13), Charging Stations: 1
 │       ├─ Node: Start(37, 74), End(49, 86), Size(13x13), Charging Stations: 4
 │       └─ Node: Start(37, 87), End(49, 99), Size(13x13), Charging Stations: 5
 ├─ Node: Start(50, 0), End(99, 49), Size(50x50), Charging Stations: 54
 │   ├─ Node: Start(49, 0), End(74, 24), Size(26x25), Charging Stations: 15
 │   │   ├─ Node: Start(49, 0), End(61, 12), Size(13x13), Charging Stations: 5
 │   │   │   ├─ Node: Start(49, 0), End(55, 6), Size(7x7), Charging Stations: 1
 │   │   │   ├─ Node: Start(49, 7), End(55, 12), Size(7x6), Charging Stations: 1
 │   │   │   ├─ Node: Start(56, 0), End(61, 6), Size(6x7), Charging Stations: 2
 │   │   │   └─ Node: Start(56, 7), End(61, 12), Size(6x6), Charging Stations: 1
 │   │   ├─ Node: Start(49, 13), End(61, 24), Size(13x12), Charging Stations: 4
 │   │   ├─ Node: Start(62, 0), End(74, 12), Size(13x13), Charging Stations: 3
 │   │   └─ Node: Start(62, 13), End(74, 24), Size(13x12), Charging Stations: 2
 │   ├─ Node: Start(49, 25), End(74, 49), Size(26x25), Charging Stations: 11
 │   │   ├─ Node: Start(49, 24), End(61, 36), Size(13x13), Charging Stations: 4
 │   │   ├─ Node: Start(49, 37), End(61, 49), Size(13x13), Charging Stations: 1
 │   │   ├─ Node: Start(62, 24), End(74, 36), Size(13x13), Charging Stations: 1
 │   │   └─ Node: Start(62, 37), End(74, 49), Size(13x13), Charging Stations: 2
 │   ├─ Node: Start(75, 0), End(99, 24), Size(25x25), Charging Stations: 15
 │   │   ├─ Node: Start(74, 0), End(86, 12), Size(13x13), Charging Stations: 4
 │   │   ├─ Node: Start(74, 13), End(86, 24), Size(13x12), Charging Stations: 4
 │   │   ├─ Node: Start(87, 0), End(99, 12), Size(13x13), Charging Stations: 5
 │   │   └─ Node: Start(87, 13), End(99, 24), Size(13x12), Charging Stations: 1
 │   └─ Node: Start(75, 25), End(99, 49), Size(25x25), Charging Stations: 10
 │       ├─ Node: Start(74, 24), End(86, 36), Size(13x13), Charging Stations: 5
 │       ├─ Node: Start(74, 37), End(86, 49), Size(13x13), Charging Stations: 1
 │       ├─ Node: Start(87, 24), End(99, 36), Size(13x13), Charging Stations: 2
 │       └─ Node: Start(87, 37), End(99, 49), Size(13x13), Charging Stations: 1
 └─ Node: Start(50, 50), End(99, 99), Size(50x50), Charging Stations: 61
     ├─ Node: Start(49, 49), End(74, 74), Size(26x26), Charging Stations: 11
     │   ├─ Node: Start(49, 49), End(61, 61), Size(13x13), Charging Stations: 1
     │   ├─ Node: Start(49, 62), End(61, 74), Size(13x13), Charging Stations: 2
     │   ├─ Node: Start(62, 49), End(74, 61), Size(13x13), Charging Stations: 4
     │   └─ Node: Start(62, 62), End(74, 74), Size(13x13), Charging Stations: 3
     ├─ Node: Start(49, 75), End(74, 99), Size(26x25), Charging Stations: 14
     │   ├─ Node: Start(49, 74), End(61, 86), Size(13x13), Charging Stations: 4
     │   ├─ Node: Start(49, 87), End(61, 99), Size(13x13), Charging Stations: 2
     │   ├─ Node: Start(62, 74), End(74, 86), Size(13x13), Charging Stations: 4
     │   │   ├─ Node: Start(61, 74), End(67, 80), Size(7x7), Charging Stations: 1
     │   │   ├─ Node: Start(61, 81), End(67, 86), Size(7x6), Charging Stations: 1
     │   │   ├─ Node: Start(68, 74), End(74, 80), Size(7x7), Charging Stations: 1
     │   │   └─ Node: Start(68, 81), End(74, 86), Size(7x6), Charging Stations: 1
     │   └─ Node: Start(62, 87), End(74, 99), Size(13x13), Charging Stations: 3
     ├─ Node: Start(75, 49), End(99, 74), Size(25x26), Charging Stations: 19
     │   ├─ Node: Start(74, 49), End(86, 61), Size(13x13), Charging Stations: 3
     │   ├─ Node: Start(74, 62), End(86, 74), Size(13x13), Charging Stations: 5
     │   ├─ Node: Start(87, 49), End(99, 61), Size(13x13), Charging Stations: 6
     │   └─ Node: Start(87, 62), End(99, 74), Size(13x13), Charging Stations: 3
     └─ Node: Start(75, 75), End(99, 99), Size(25x25), Charging Stations: 18
         ├─ Node: Start(74, 74), End(86, 86), Size(13x13), Charging Stations: 3
         ├─ Node: Start(74, 87), End(86, 99), Size(13x13), Charging Stations: 3
         ├─ Node: Start(87, 74), End(99, 86), Size(13x13), Charging Stations: 4
         └─ Node: Start(87, 87), End(99, 99), Size(13x13), Charging Stations: 6

Environment is static. Applying global Q-learning.
The Agent Has Converged After 586711 Episodes

Environment is static. Performing global local path planning for all leaf nodes.
Training agent in leaf node: Start(24, 24), End(36, 36)
Training agent in leaf node: Start(0, 37), End(12, 49)
Training agent in leaf node: Start(13, 24), End(24, 36)
Training agent in leaf node: Start(13, 37), End(24, 49)
Training agent in leaf node: Start(37, 0), End(49, 12)
Training agent in leaf node: Start(24, 0), End(36, 12)
Training agent in leaf node: Start(37, 49), End(49, 61)
Training agent in leaf node: Start(87, 24), End(99, 36)
Training agent in leaf node: Start(49, 13), End(61, 24)
Training agent in leaf node: Start(62, 0), End(74, 12)
Training agent in leaf node: Start(74, 24), End(86, 36)
Training agent in leaf node: Start(56, 0), End(61, 6)
Training agent in leaf node: Start(36, 31), End(42, 36)
Training agent in leaf node: Start(24, 37), End(36, 49)
Training agent in leaf node: Start(36, 24), End(42, 30)
Training agent in leaf node: Start(24, 13), End(36, Training agent in leaf node: Start(2437, 13)
), End(49, 24)
Training agent in leaf node: Start(62, 13), End(74, 24)
Training agent in leaf node: Start(13, 74), End(24, 86)
Training agent in leaf node: Start(24, 49), End(36, 61)
Training agent in leaf node: Start(24, 74), End(36, 86)
Training agent in leaf node: Start(13, 0), End(24, 12)
Training agent in leaf node: Start(0, 24), End(12, 36)
Training agent in leaf node: Start(0, 74), End(12, 86)
Training agent in leaf node: Start(87, 13), End(99, 24)
Training agent in leaf node: Start(0, 13), End(12, 24)
Training agent in leaf node: Start(0, 0), End(12, 12)
Training agent in leaf node: Start(74, 0), End(86, 12)
Training agent in leaf node: Start(74, 13), End(86, 24)
Training agent in leaf node: Start(43, 24), End(49, 30)
Training agent in leaf node: Start(56, 7), End(61, 12)
Training agent in leaf node: Start(13, 87), End(24, 99)
Training agent in leaf node: Start(62, 24), End(74, 36)
Training agent in leaf node: Start(13, 13), End(24, 24)
Training agent in leaf node: Start(37, 87), End(49, 99)
Training agent in leaf node: Start(49, 37), End(61, 49)
Training agent in leaf node: Start(87, 0), End(99, 12)
Training agent in leaf node: Start(87, 37), End(99, 49)
Training agent in leaf node: Start(0, 87), End(12, 99)
Training agent in leaf node: Start(0, 62), End(12, 74)
Training agent in leaf node: Start(43, 31), End(49, 36)
Training agent in leaf node: Start(13, 49), End(24, 61)
Training agent in leaf node: Start(24, 62), End(36, 74)
Training agent in leaf node: Start(37, 74), End(49, 86)
Training agent in leaf node: Start(62, 37), End(74, 49)
Training agent in leaf node: Start(0, 49), End(12, 61)
Training agent in leaf node: Start(49, 0), End(55, 6)
Training agent in leaf node: Start(37, 62), End(49, 74)
Training agent in leaf node: Start(49, 7), End(55, 12)
Training agent in leaf node: Start(24, 87), End(36, 99)
Training agent in leaf node: Start(13, 62), End(24, 74)
Training agent in leaf node: Start(61, 81), End(67, 86)
Training agent in leaf node: Start(74, 49), End(86, 61)
Training agent in leaf node: Start(87, 87), End(99, 99)
Training agent in leaf node: Start(74, 87), End(86, 99)
Training agent in leaf node: Start(Training agent in leaf node: Start(49, 62), End(61, 74)
68, 74), End(74, 80)
Training agent in leaf node: Start(49, 49), End(61, 61)
Training agent in leaf node: Start(62, 87), End(74, 99)
Training agent in leaf node: Start(37, 37), End(49, 49)
Training agent in leaf node: Start(74, 62), End(86, 74)
Training agent in leaf node: Start(49, 24), End(61, 36)
Training agent in leaf node: Start(74, 37), End(86, 49)
Training agent in leaf node: Start(49, 87), End(61, 99)
Training agent in leaf node: Start(87, 74), End(99, 86)
Training agent in leaf node: Start(68, 81), End(74, 86)
Training agent in leaf node: Start(87, 62), End(99, 74)
Training agent in leaf node: Start(61, 74), End(67, 80)
Training agent in leaf node: Start(74, 74), End(86, 86)
Training agent in leaf node: Start(Training agent in leaf node: Start(87, 49), End(99, 61)
62, 49), End(74, 61)
Training agent in leaf node: Start(62, 62), End(74, 74)
Training agent in leaf node: Start(49, 74), End(61, 86)
The Agent Has Converged After 4881 Episodes
The Agent Has Converged After 4351 Episodes
The Agent Has Converged After 6891 Episodes
The Agent Has Converged After 5231 Episodes
The Agent Has Converged After 7961 Episodes
The Agent Has Converged After 6541 Episodes
The Agent Has Converged After 6271 Episodes
The Agent Has Converged After 6361 Episodes
The Agent Has Converged After 7301 Episodes
The Agent Has Converged After 8761 Episodes
The Agent Has Converged After 11281 Episodes
The Agent Has Converged After 9391 Episodes
The Agent Has Converged After 9671 Episodes
The Agent Has Converged After 13451 Episodes
The Agent Has Converged After 12041 Episodes
The Agent Has Converged After 15171 Episodes
The Agent Has Converged After 12451 Episodes
The Agent Has Converged After 13011 Episodes
The Agent Has Converged After 13391 Episodes
The Agent Has Converged After 12811 Episodes
The Agent Has Converged After 10911 Episodes
The Agent Has Converged After 13671 Episodes
The Agent Has Converged After 15071 Episodes
The Agent Has Converged After 13051 Episodes
The Agent Has Converged After 14571 Episodes
The Agent Has Converged After 13771 Episodes
The Agent Has Converged After 16381 Episodes
The Agent Has Converged After 17281 Episodes
The Agent Has Converged After 16171 Episodes
The Agent Has Converged After 19581 Episodes
The Agent Has Converged After 16861 Episodes
The Agent Has Converged After 17661 Episodes
The Agent Has Converged After 17781 Episodes
The Agent Has Converged After 14801 Episodes
The Agent Has Converged After 15301 Episodes
The Agent Has Converged After 17001 Episodes
The Agent Has Converged After 18141 Episodes
The Agent Has Converged After 17051 Episodes
The Agent Has Converged After 14171 Episodes
The Agent Has Converged After 17911 Episodes
The Agent Has Converged After 18511 Episodes
The Agent Has Converged After 16761 Episodes
The Agent Has Converged After 19221 Episodes
The Agent Has Converged After 20901 Episodes
The Agent Has Converged After 14661 Episodes
The Agent Has Converged After 17361 Episodes
The Agent Has Converged After 18801 Episodes
The Agent Has Converged After 15531 Episodes
The Agent Has Converged After 16631 Episodes
The Agent Has Converged After 22431 Episodes
The Agent Has Converged After 17551 Episodes
The Agent Has Converged After 16741 Episodes
The Agent Has Converged After 20641 Episodes
The Agent Has Converged After 18951 Episodes
The Agent Has Converged After 20521 Episodes
The Agent Has Converged After 19411 Episodes
The Agent Has Converged After 18281 Episodes
The Agent Has Converged After 20021 Episodes
The Agent Has Converged After 23201 Episodes
The Agent Has Converged After 16681 Episodes
The Agent Has Converged After 21021 Episodes
The Agent Has Converged After 20331 Episodes
The Agent Has Converged After 23101 Episodes
The Agent Has Converged After 19371 Episodes
The Agent Has Converged After 17641 Episodes
The Agent Has Converged After 17651 Episodes
The Agent Has Converged After 24361 Episodes
The Agent Has Converged After 17981 Episodes
The Agent Has Converged After 23021 Episodes
The Agent Has Converged After 18571 Episodes
The Agent Has Converged After 21671 Episodes
The Agent Has Converged After 23101 Episodes
The Agent Has Converged After 20321 Episodes

Environment changed. Applying local Q-learning.
The Agent Has Converged After 16261 Episodes

Environment changed. Performing local path planning for affected leaf nodes.
Training agent in leaf node: Start(74, 87), End(86, 99)
The Agent Has Converged After 15561 Episodes

Maze Size: 100x100

--- MasMat Results ---
Static Training Time   : 125.206s
Dynamic Training Time  : 1.70886s
Average Planning Time  : 4.20313e-06s
Success Rate           : 100%
Average Path Length    : 1.86 steps

--- Local Path Planning Results ---
Static Training Time   : 24.3813s
Dynamic Training Time  : 1.64174s
Average Planning Time  : 4.07842e-06s
Success Rate           : 100%
Average Path Length    : 2.05 steps

		=== The Maze: 0 means obstacle, 1 means free space, 2 means charging station ===

Maze Sub-environment Tree:

Node: Start(0, 0), End(99, 99), Size(100x100), Charging Stations: 220
 ├─ Node: Start(0, 0), End(49, 49), Size(50x50), Charging Stations: 59
 │   ├─ Node: Start(0, 0), End(24, 24), Size(25x25), Charging Stations: 14
 │   │   ├─ Node: Start(0, 0), End(12, 12), Size(13x13), Charging Stations: 1
 │   │   ├─ Node: Start(0, 13), End(12, 24), Size(13x12), Charging Stations: 3
 │   │   ├─ Node: Start(13, 0), End(24, 12), Size(12x13), Charging Stations: 4
 │   │   └─ Node: Start(13, 13), End(24, 24), Size(12x12), Charging Stations: 5
 │   ├─ Node: Start(0, 25), End(24, 49), Size(25x25), Charging Stations: 13
 │   │   ├─ Node: Start(0, 24), End(12, 36), Size(13x13), Charging Stations: 3
 │   │   ├─ Node: Start(0, 37), End(12, 49), Size(13x13), Charging Stations: 3
 │   │   ├─ Node: Start(13, 24), End(24, 36), Size(12x13), Charging Stations: 4
 │   │   └─ Node: Start(13, 37), End(24, 49), Size(12x13), Charging Stations: 4
 │   ├─ Node: Start(25, 0), End(49, 24), Size(25x25), Charging Stations: 15
 │   │   ├─ Node: Start(24, 0), End(36, 12), Size(13x13), Charging Stations: 4
 │   │   ├─ Node: Start(24, 13), End(36, 24), Size(13x12), Charging Stations: 6
 │   │   ├─ Node: Start(37, 0), End(49, 12), Size(13x13), Charging Stations: 2
 │   │   └─ Node: Start(37, 13), End(49, 24), Size(13x12), Charging Stations: 3
 │   └─ Node: Start(25, 25), End(49, 49), Size(25x25), Charging Stations: 14
 │       ├─ Node: Start(24, 24), End(36, 36), Size(13x13), Charging Stations: 3
 │       ├─ Node: Start(24, 37), End(36, 49), Size(13x13), Charging Stations: 3
 │       ├─ Node: Start(37, 24), End(49, 36), Size(13x13), Charging Stations: 6
 │       │   ├─ Node: Start(36, 24), End(42, 30), Size(7x7), Charging Stations: 3
 │       │   ├─ Node: Start(36, 31), End(42, 36), Size(7x6), Charging Stations: 1
 │       │   ├─ Node: Start(43, 24), End(49, 30), Size(7x7), Charging Stations: 1
 │       │   └─ Node: Start(43, 31), End(49, 36), Size(7x6), Charging Stations: 1
 │       └─ Node: Start(37, 37), End(49, 49), Size(13x13), Charging Stations: 1
 ├─ Node: Start(0, 50), End(49, 99), Size(50x50), Charging Stations: 42
 │   ├─ Node: Start(0, 49), End(24, 74), Size(25x26), Charging Stations: 10
 │   │   ├─ Node: Start(0, 49), End(12, 61), Size(13x13), Charging Stations: 3
 │   │   ├─ Node: Start(0, 62), End(12, 74), Size(13x13), Charging Stations: 3
 │   │   ├─ Node: Start(13, 49), End(24, 61), Size(12x13), Charging Stations: 3
 │   │   └─ Node: Start(13, 62), End(24, 74), Size(12x13), Charging Stations: 1
 │   ├─ Node: Start(0, 75), End(24, 99), Size(25x25), Charging Stations: 11
 │   │   ├─ Node: Start(0, 74), End(12, 86), Size(13x13), Charging Stations: 1
 │   │   ├─ Node: Start(0, 87), End(12, 99), Size(13x13), Charging Stations: 3
 │   │   ├─ Node: Start(13, 74), End(24, 86), Size(12x13), Charging Stations: 4
 │   │   └─ Node: Start(13, 87), End(24, 99), Size(12x13), Charging Stations: 2
 │   ├─ Node: Start(25, 49), End(49, 74), Size(25x26), Charging Stations: 10
 │   │   ├─ Node: Start(24, 49), End(36, 61), Size(13x13), Charging Stations: 1
 │   │   ├─ Node: Start(24, 62), End(36, 74), Size(13x13), Charging Stations: 2
 │   │   ├─ Node: Start(37, 49), End(49, 61), Size(13x13), Charging Stations: 4
 │   │   └─ Node: Start(37, 62), End(49, 74), Size(13x13), Charging Stations: 2
 │   └─ Node: Start(25, 75), End(49, 99), Size(25x25), Charging Stations: 13
 │       ├─ Node: Start(24, 74), End(36, 86), Size(13x13), Charging Stations: 2
 │       ├─ Node: Start(24, 87), End(36, 99), Size(13x13), Charging Stations: 1
 │       ├─ Node: Start(37, 74), End(49, 86), Size(13x13), Charging Stations: 4
 │       └─ Node: Start(37, 87), End(49, 99), Size(13x13), Charging Stations: 5
 ├─ Node: Start(50, 0), End(99, 49), Size(50x50), Charging Stations: 54
 │   ├─ Node: Start(49, 0), End(74, 24), Size(26x25), Charging Stations: 15
 │   │   ├─ Node: Start(49, 0), End(61, 12), Size(13x13), Charging Stations: 5
 │   │   │   ├─ Node: Start(49, 0), End(55, 6), Size(7x7), Charging Stations: 1
 │   │   │   ├─ Node: Start(49, 7), End(55, 12), Size(7x6), Charging Stations: 1
 │   │   │   ├─ Node: Start(56, 0), End(61, 6), Size(6x7), Charging Stations: 2
 │   │   │   └─ Node: Start(56, 7), End(61, 12), Size(6x6), Charging Stations: 1
 │   │   ├─ Node: Start(49, 13), End(61, 24), Size(13x12), Charging Stations: 4
 │   │   ├─ Node: Start(62, 0), End(74, 12), Size(13x13), Charging Stations: 3
 │   │   └─ Node: Start(62, 13), End(74, 24), Size(13x12), Charging Stations: 2
 │   ├─ Node: Start(49, 25), End(74, 49), Size(26x25), Charging Stations: 11
 │   │   ├─ Node: Start(49, 24), End(61, 36), Size(13x13), Charging Stations: 4
 │   │   ├─ Node: Start(49, 37), End(61, 49), Size(13x13), Charging Stations: 1
 │   │   ├─ Node: Start(62, 24), End(74, 36), Size(13x13), Charging Stations: 1
 │   │   └─ Node: Start(62, 37), End(74, 49), Size(13x13), Charging Stations: 2
 │   ├─ Node: Start(75, 0), End(99, 24), Size(25x25), Charging Stations: 15
 │   │   ├─ Node: Start(74, 0), End(86, 12), Size(13x13), Charging Stations: 4
 │   │   ├─ Node: Start(74, 13), End(86, 24), Size(13x12), Charging Stations: 4
 │   │   ├─ Node: Start(87, 0), End(99, 12), Size(13x13), Charging Stations: 5
 │   │   └─ Node: Start(87, 13), End(99, 24), Size(13x12), Charging Stations: 1
 │   └─ Node: Start(75, 25), End(99, 49), Size(25x25), Charging Stations: 10
 │       ├─ Node: Start(74, 24), End(86, 36), Size(13x13), Charging Stations: 5
 │       ├─ Node: Start(74, 37), End(86, 49), Size(13x13), Charging Stations: 1
 │       ├─ Node: Start(87, 24), End(99, 36), Size(13x13), Charging Stations: 2
 │       └─ Node: Start(87, 37), End(99, 49), Size(13x13), Charging Stations: 1
 └─ Node: Start(50, 50), End(99, 99), Size(50x50), Charging Stations: 61
     ├─ Node: Start(49, 49), End(74, 74), Size(26x26), Charging Stations: 11
     │   ├─ Node: Start(49, 49), End(61, 61), Size(13x13), Charging Stations: 1
     │   ├─ Node: Start(49, 62), End(61, 74), Size(13x13), Charging Stations: 2
     │   ├─ Node: Start(62, 49), End(74, 61), Size(13x13), Charging Stations: 4
     │   └─ Node: Start(62, 62), End(74, 74), Size(13x13), Charging Stations: 3
     ├─ Node: Start(49, 75), End(74, 99), Size(26x25), Charging Stations: 14
     │   ├─ Node: Start(49, 74), End(61, 86), Size(13x13), Charging Stations: 4
     │   ├─ Node: Start(49, 87), End(61, 99), Size(13x13), Charging Stations: 2
     │   ├─ Node: Start(62, 74), End(74, 86), Size(13x13), Charging Stations: 4
     │   │   ├─ Node: Start(61, 74), End(67, 80), Size(7x7), Charging Stations: 1
     │   │   ├─ Node: Start(61, 81), End(67, 86), Size(7x6), Charging Stations: 1
     │   │   ├─ Node: Start(68, 74), End(74, 80), Size(7x7), Charging Stations: 1
     │   │   └─ Node: Start(68, 81), End(74, 86), Size(7x6), Charging Stations: 1
     │   └─ Node: Start(62, 87), End(74, 99), Size(13x13), Charging Stations: 3
     ├─ Node: Start(75, 49), End(99, 74), Size(25x26), Charging Stations: 19
     │   ├─ Node: Start(74, 49), End(86, 61), Size(13x13), Charging Stations: 3
     │   ├─ Node: Start(74, 62), End(86, 74), Size(13x13), Charging Stations: 5
     │   ├─ Node: Start(87, 49), End(99, 61), Size(13x13), Charging Stations: 6
     │   └─ Node: Start(87, 62), End(99, 74), Size(13x13), Charging Stations: 3
     └─ Node: Start(75, 75), End(99, 99), Size(25x25), Charging Stations: 18
         ├─ Node: Start(74, 74), End(86, 86), Size(13x13), Charging Stations: 3
         ├─ Node: Start(74, 87), End(86, 99), Size(13x13), Charging Stations: 3
         ├─ Node: Start(87, 74), End(99, 86), Size(13x13), Charging Stations: 4
         └─ Node: Start(87, 87), End(99, 99), Size(13x13), Charging Stations: 6

Environment is static. Applying global Q-learning.
The Agent Has Converged After 586711 Episodes

Environment is static. Performing global local path planning for all leaf nodes.
Training agent in leaf node: Start(0, 24), End(12, 36)
Training agent in leaf node: Start(37, 49), End(49, 61)
Training agent in leaf node: Start(0, 74), End(12, 86)
Training agent in leaf node: Start(62, 24), End(74, 36)
Training agent in leaf node: Start(24, 49), End(36, 61)
Training agent in leaf node: Start(13, 74), End(24, 86)
Training agent in leaf node: Start(87, 13), End(99, 24)
Training agent in leaf node: Start(87, 74), End(99, 86)
Training agent in leaf node: Start(49, 62), End(61, 74)
Training agent in leaf node: Start(68, 81), End(74, 86)
Training agent in leaf node: Start(87, 49), End(99, 61)
Training agent in leaf node: Start(74, 13), End(86, 24)
Training agent in leaf node: Start(13, 0), End(24, 12)
Training agent in leaf node: Start(37, 74), End(49, 86)
Training agent in leaf node: Start(61, 81), End(67, 86)
Training agent in leaf node: Start(62, 62), End(74, 74)
Training agent in leaf node: Start(87, 0), End(99, 12)
Training agent in leaf node: Start(62, 87), End(74, 99)
Training agent in leaf node: Start(37, 87), End(49, 99)
Training agent in leaf node: Start(0, 87), End(12, 99)
Training agent in leaf node: Start(68, 74), End(74, 80)
Training agent in leaf node: Start(49, 74), End(61, 86)
Training agent in leaf node: Start(62, 13), End(74, 24)
Training agent in leaf node: Start(49, 87), End(61, 99)
Training agent in leaf node: Start(49, 0), End(55, 6)
Training agent in leaf node: Start(0, 37), End(12, 49)
Training agent in leaf node: Start(49, 7), End(55, 12)
Training agent in leaf node: Start(74, 62), End(86, 74)
Training agent in leaf node: Start(74, 87), End(86, 99)
Training agent in leaf node: Start(24, 13), End(36, 24)
Training agent in leaf node: Start(87, 62), End(99, 74)
Training agent in leaf node: Start(61, 74), End(67, 80)
Training agent in leaf node: Start(56, 0), End(61, 6)
Training agent in leaf node: Start(24, 87), End(36, 99)
Training agent in leaf node: Start(87, 87), End(99, 99)
Training agent in leaf node: Start(0, 62), End(12, 74)
Training agent in leaf node: Start(62, 37), End(74, 49)
Training agent in leaf node: Start(43, 31), End(49, 36)
Training agent in leaf node: Start(74, 74), End(86, 86)
Training agent in leaf node: Start(49, 24), End(61, 36)
Training agent in leaf node: Start(74, 0), End(86, 12)
Training agent in leaf node: Start(24, 62), End(36, 74)
Training agent in leaf node: Start(Training agent in leaf node: Start(37, 13), End(49, 24)
Training agent in leaf node: Start(13, 62), End(24, 74)
Training agent in leaf node: Start(74, 49), End(86, 61)
24, 37), End(36, 49)
Training agent in leaf node: Start(13, 49), End(24, 61)
Training agent in leaf node: Start(74, 37), End(86, 49)
Training agent in leaf node: Start(87, 24), End(99, 36)
Training agent in leaf node: Start(Training agent in leaf node: Start(36, 31), End(42, 36)
37, 37), End(49, 49)
Training agent in leaf node: Start(36, 24), End(42, 30)
Training agent in leaf node: Start(43, 24), End(49, 30)
Training agent in leaf node: Start(13, 13), End(24, 24)
Training agent in leaf node: Start(0, 49), End(12, 61)
Training agent in leaf node: Start(24, 0), End(36, 12)
Training agent in leaf node: Start(37, 62), End(49, 74)
Training agent in leaf node: Start(37, 0), End(49, 12)
Training agent in leaf node: Start(74, 24), End(86, 36)
Training agent in leaf node: Start(0, 13), End(12, 24)
Training agent in leaf node: Start(0, 0), End(12, 12)
Training agent in leaf node: Start(13, 24), End(24, 36)
Training agent in leaf node: Start(24, 74), End(36, 86)
Training agent in leaf node: Start(13, 37), End(24, 49)
Training agent in leaf node: Start(13, 87), End(24, 99)
Training agent in leaf node: Start(49, 37), End(61, 49)
Training agent in leaf node: Start(62, 49), End(74, 61)
Training agent in leaf node: Start(49, 49), End(61, 61)
Training agent in leaf node: Start(49, 13), End(61, 24)
Training agent in leaf node: Start(24, 24), End(36, 36)
Training agent in leaf node: Start(56, 7), End(61, 12)
Training agent in leaf node: Start(87, 37), End(99, 49)
Training agent in leaf node: Start(62, 0), End(74, 12)
The Agent Has Converged After 4321 Episodes
The Agent Has Converged After 4951 Episodes
The Agent Has Converged After 6361 Episodes
The Agent Has Converged After 6501 Episodes
The Agent Has Converged After 7521 Episodes
The Agent Has Converged After 6131 Episodes
The Agent Has Converged After 8641 Episodes
The Agent Has Converged After 7301 Episodes
The Agent Has Converged After 6881 Episodes
The Agent Has Converged After 10741 Episodes
The Agent Has Converged After 8221 Episodes
The Agent Has Converged After 10901 Episodes
The Agent Has Converged After 10461 Episodes
The Agent Has Converged After 14421 Episodes
The Agent Has Converged After 9741 Episodes
The Agent Has Converged After 12921 Episodes
The Agent Has Converged After 15401 Episodes
The Agent Has Converged After 13241 Episodes
The Agent Has Converged After 15091 Episodes
The Agent Has Converged After 13601 Episodes
The Agent Has Converged After 13221 Episodes
The Agent Has Converged After 14551 Episodes
The Agent Has Converged After 13201 Episodes
The Agent Has Converged After 15331 Episodes
The Agent Has Converged After 19871 Episodes
The Agent Has Converged After 14451 Episodes
The Agent Has Converged After 19281 Episodes
The Agent Has Converged After 16881 Episodes
The Agent Has Converged After 13781 Episodes
The Agent Has Converged After 15171 Episodes
The Agent Has Converged After 19171 Episodes
The Agent Has Converged After 17081 Episodes
The Agent Has Converged After 15261 Episodes
The Agent Has Converged After 14091 Episodes
The Agent Has Converged After 19171 Episodes
The Agent Has Converged After 14281 Episodes
The Agent Has Converged After 15231 Episodes
The Agent Has Converged After 14121 Episodes
The Agent Has Converged After 20121 Episodes
The Agent Has Converged After 16481 Episodes
The Agent Has Converged After 18671 Episodes
The Agent Has Converged After 18201 Episodes
The Agent Has Converged After 15541 Episodes
The Agent Has Converged After 17071 Episodes
The Agent Has Converged After 17231 Episodes
The Agent Has Converged After 16431 Episodes
The Agent Has Converged After 14931 Episodes
The Agent Has Converged After 18621 Episodes
The Agent Has Converged After 21851 Episodes
The Agent Has Converged After 15051 Episodes
The Agent Has Converged After 17851 Episodes
The Agent Has Converged After 18651 Episodes
The Agent Has Converged After 19221 Episodes
The Agent Has Converged After 18141 Episodes
The Agent Has Converged After 18321 Episodes
The Agent Has Converged After 19651 Episodes
The Agent Has Converged After 17121 Episodes
The Agent Has Converged After 21171 Episodes
The Agent Has Converged After 16191 Episodes
The Agent Has Converged After 20661 Episodes
The Agent Has Converged After 19471 Episodes
The Agent Has Converged After 18491 Episodes
The Agent Has Converged After 21061 Episodes
The Agent Has Converged After 20321 Episodes
The Agent Has Converged After 21141 Episodes
The Agent Has Converged After 18521 Episodes
The Agent Has Converged After 21201 Episodes
The Agent Has Converged After 16811 Episodes
The Agent Has Converged After 23121 Episodes
The Agent Has Converged After 22331 Episodes
The Agent Has Converged After 18791 Episodes
The Agent Has Converged After 22161 Episodes
The Agent Has Converged After 20301 Episodes

Environment changed. Applying local Q-learning.
The Agent Has Converged After 15201 Episodes
The Agent Has Converged After 18261 Episodes
The Agent Has Converged After 21901 Episodes
The Agent Has Converged After 13321 Episodes
The Agent Has Converged After 19581 Episodes
The Agent Has Converged After 16791 Episodes
The Agent Has Converged After 20091 Episodes
The Agent Has Converged After 14231 Episodes
The Agent Has Converged After 19531 Episodes
The Agent Has Converged After 21691 Episodes

Environment changed. Performing local path planning for affected leaf nodes.
Training agent in leaf node: Start(24, 74), End(36, 86)
Training agent in leaf node: Start(37, 0), End(49, 12)
Training agent in leaf node: Start(49, 49), End(61, 61)
Training agent in leaf node: Start(13, 24), End(24, 36)
Training agent in leaf node: Start(13, 37), End(24, 49)
Training agent in leaf node: Start(37, 37), End(49, 49)
Training agent in leaf node: Start(74, 24), End(86, 36)
Training agent in leaf node: Start(87, 49), End(99, 61)
Training agent in leaf node: Start(13, 74), End(24, 86)
Training agent in leaf node: Start(37, 49), End(49, 61)
The Agent Has Converged After 13681 Episodes
The Agent Has Converged After 18681 Episodes
The Agent Has Converged After 20021 Episodes
The Agent Has Converged After 16231 Episodes
The Agent Has Converged After 14081 Episodes
The Agent Has Converged After 17521 Episodes
The Agent Has Converged After 18891 Episodes
The Agent Has Converged After 20051 Episodes
The Agent Has Converged After 21181 Episodes
The Agent Has Converged After 19461 Episodes

Maze Size: 100x100

--- MasMat Results ---
Static Training Time   : 125.857s
Dynamic Training Time  : 18.9574s
Average Planning Time  : 7.22966e-06s
Success Rate           : 100%
Average Path Length    : 2.02 steps

--- Local Path Planning Results ---
Static Training Time   : 24.1668s
Dynamic Training Time  : 3.92589s
Average Planning Time  : 5.00077e-06s
Success Rate           : 100%
Average Path Length    : 2.24 steps

		=== The Maze: 0 means obstacle, 1 means free space, 2 means charging station ===

Maze Sub-environment Tree:

Node: Start(0, 0), End(99, 99), Size(100x100), Charging Stations: 220
 ├─ Node: Start(0, 0), End(49, 49), Size(50x50), Charging Stations: 59
 │   ├─ Node: Start(0, 0), End(24, 24), Size(25x25), Charging Stations: 14
 │   │   ├─ Node: Start(0, 0), End(12, 12), Size(13x13), Charging Stations: 1
 │   │   ├─ Node: Start(0, 13), End(12, 24), Size(13x12), Charging Stations: 3
 │   │   ├─ Node: Start(13, 0), End(24, 12), Size(12x13), Charging Stations: 4
 │   │   └─ Node: Start(13, 13), End(24, 24), Size(12x12), Charging Stations: 5
 │   ├─ Node: Start(0, 25), End(24, 49), Size(25x25), Charging Stations: 13
 │   │   ├─ Node: Start(0, 24), End(12, 36), Size(13x13), Charging Stations: 3
 │   │   ├─ Node: Start(0, 37), End(12, 49), Size(13x13), Charging Stations: 3
 │   │   ├─ Node: Start(13, 24), End(24, 36), Size(12x13), Charging Stations: 4
 │   │   └─ Node: Start(13, 37), End(24, 49), Size(12x13), Charging Stations: 4
 │   ├─ Node: Start(25, 0), End(49, 24), Size(25x25), Charging Stations: 15
 │   │   ├─ Node: Start(24, 0), End(36, 12), Size(13x13), Charging Stations: 4
 │   │   ├─ Node: Start(24, 13), End(36, 24), Size(13x12), Charging Stations: 6
 │   │   ├─ Node: Start(37, 0), End(49, 12), Size(13x13), Charging Stations: 2
 │   │   └─ Node: Start(37, 13), End(49, 24), Size(13x12), Charging Stations: 3
 │   └─ Node: Start(25, 25), End(49, 49), Size(25x25), Charging Stations: 14
 │       ├─ Node: Start(24, 24), End(36, 36), Size(13x13), Charging Stations: 3
 │       ├─ Node: Start(24, 37), End(36, 49), Size(13x13), Charging Stations: 3
 │       ├─ Node: Start(37, 24), End(49, 36), Size(13x13), Charging Stations: 6
 │       │   ├─ Node: Start(36, 24), End(42, 30), Size(7x7), Charging Stations: 3
 │       │   ├─ Node: Start(36, 31), End(42, 36), Size(7x6), Charging Stations: 1
 │       │   ├─ Node: Start(43, 24), End(49, 30), Size(7x7), Charging Stations: 1
 │       │   └─ Node: Start(43, 31), End(49, 36), Size(7x6), Charging Stations: 1
 │       └─ Node: Start(37, 37), End(49, 49), Size(13x13), Charging Stations: 1
 ├─ Node: Start(0, 50), End(49, 99), Size(50x50), Charging Stations: 42
 │   ├─ Node: Start(0, 49), End(24, 74), Size(25x26), Charging Stations: 10
 │   │   ├─ Node: Start(0, 49), End(12, 61), Size(13x13), Charging Stations: 3
 │   │   ├─ Node: Start(0, 62), End(12, 74), Size(13x13), Charging Stations: 3
 │   │   ├─ Node: Start(13, 49), End(24, 61), Size(12x13), Charging Stations: 3
 │   │   └─ Node: Start(13, 62), End(24, 74), Size(12x13), Charging Stations: 1
 │   ├─ Node: Start(0, 75), End(24, 99), Size(25x25), Charging Stations: 11
 │   │   ├─ Node: Start(0, 74), End(12, 86), Size(13x13), Charging Stations: 1
 │   │   ├─ Node: Start(0, 87), End(12, 99), Size(13x13), Charging Stations: 3
 │   │   ├─ Node: Start(13, 74), End(24, 86), Size(12x13), Charging Stations: 4
 │   │   └─ Node: Start(13, 87), End(24, 99), Size(12x13), Charging Stations: 2
 │   ├─ Node: Start(25, 49), End(49, 74), Size(25x26), Charging Stations: 10
 │   │   ├─ Node: Start(24, 49), End(36, 61), Size(13x13), Charging Stations: 1
 │   │   ├─ Node: Start(24, 62), End(36, 74), Size(13x13), Charging Stations: 2
 │   │   ├─ Node: Start(37, 49), End(49, 61), Size(13x13), Charging Stations: 4
 │   │   └─ Node: Start(37, 62), End(49, 74), Size(13x13), Charging Stations: 2
 │   └─ Node: Start(25, 75), End(49, 99), Size(25x25), Charging Stations: 13
 │       ├─ Node: Start(24, 74), End(36, 86), Size(13x13), Charging Stations: 2
 │       ├─ Node: Start(24, 87), End(36, 99), Size(13x13), Charging Stations: 1
 │       ├─ Node: Start(37, 74), End(49, 86), Size(13x13), Charging Stations: 4
 │       └─ Node: Start(37, 87), End(49, 99), Size(13x13), Charging Stations: 5
 ├─ Node: Start(50, 0), End(99, 49), Size(50x50), Charging Stations: 54
 │   ├─ Node: Start(49, 0), End(74, 24), Size(26x25), Charging Stations: 15
 │   │   ├─ Node: Start(49, 0), End(61, 12), Size(13x13), Charging Stations: 5
 │   │   │   ├─ Node: Start(49, 0), End(55, 6), Size(7x7), Charging Stations: 1
 │   │   │   ├─ Node: Start(49, 7), End(55, 12), Size(7x6), Charging Stations: 1
 │   │   │   ├─ Node: Start(56, 0), End(61, 6), Size(6x7), Charging Stations: 2
 │   │   │   └─ Node: Start(56, 7), End(61, 12), Size(6x6), Charging Stations: 1
 │   │   ├─ Node: Start(49, 13), End(61, 24), Size(13x12), Charging Stations: 4
 │   │   ├─ Node: Start(62, 0), End(74, 12), Size(13x13), Charging Stations: 3
 │   │   └─ Node: Start(62, 13), End(74, 24), Size(13x12), Charging Stations: 2
 │   ├─ Node: Start(49, 25), End(74, 49), Size(26x25), Charging Stations: 11
 │   │   ├─ Node: Start(49, 24), End(61, 36), Size(13x13), Charging Stations: 4
 │   │   ├─ Node: Start(49, 37), End(61, 49), Size(13x13), Charging Stations: 1
 │   │   ├─ Node: Start(62, 24), End(74, 36), Size(13x13), Charging Stations: 1
 │   │   └─ Node: Start(62, 37), End(74, 49), Size(13x13), Charging Stations: 2
 │   ├─ Node: Start(75, 0), End(99, 24), Size(25x25), Charging Stations: 15
 │   │   ├─ Node: Start(74, 0), End(86, 12), Size(13x13), Charging Stations: 4
 │   │   ├─ Node: Start(74, 13), End(86, 24), Size(13x12), Charging Stations: 4
 │   │   ├─ Node: Start(87, 0), End(99, 12), Size(13x13), Charging Stations: 5
 │   │   └─ Node: Start(87, 13), End(99, 24), Size(13x12), Charging Stations: 1
 │   └─ Node: Start(75, 25), End(99, 49), Size(25x25), Charging Stations: 10
 │       ├─ Node: Start(74, 24), End(86, 36), Size(13x13), Charging Stations: 5
 │       ├─ Node: Start(74, 37), End(86, 49), Size(13x13), Charging Stations: 1
 │       ├─ Node: Start(87, 24), End(99, 36), Size(13x13), Charging Stations: 2
 │       └─ Node: Start(87, 37), End(99, 49), Size(13x13), Charging Stations: 1
 └─ Node: Start(50, 50), End(99, 99), Size(50x50), Charging Stations: 61
     ├─ Node: Start(49, 49), End(74, 74), Size(26x26), Charging Stations: 11
     │   ├─ Node: Start(49, 49), End(61, 61), Size(13x13), Charging Stations: 1
     │   ├─ Node: Start(49, 62), End(61, 74), Size(13x13), Charging Stations: 2
     │   ├─ Node: Start(62, 49), End(74, 61), Size(13x13), Charging Stations: 4
     │   └─ Node: Start(62, 62), End(74, 74), Size(13x13), Charging Stations: 3
     ├─ Node: Start(49, 75), End(74, 99), Size(26x25), Charging Stations: 14
     │   ├─ Node: Start(49, 74), End(61, 86), Size(13x13), Charging Stations: 4
     │   ├─ Node: Start(49, 87), End(61, 99), Size(13x13), Charging Stations: 2
     │   ├─ Node: Start(62, 74), End(74, 86), Size(13x13), Charging Stations: 4
     │   │   ├─ Node: Start(61, 74), End(67, 80), Size(7x7), Charging Stations: 1
     │   │   ├─ Node: Start(61, 81), End(67, 86), Size(7x6), Charging Stations: 1
     │   │   ├─ Node: Start(68, 74), End(74, 80), Size(7x7), Charging Stations: 1
     │   │   └─ Node: Start(68, 81), End(74, 86), Size(7x6), Charging Stations: 1
     │   └─ Node: Start(62, 87), End(74, 99), Size(13x13), Charging Stations: 3
     ├─ Node: Start(75, 49), End(99, 74), Size(25x26), Charging Stations: 19
     │   ├─ Node: Start(74, 49), End(86, 61), Size(13x13), Charging Stations: 3
     │   ├─ Node: Start(74, 62), End(86, 74), Size(13x13), Charging Stations: 5
     │   ├─ Node: Start(87, 49), End(99, 61), Size(13x13), Charging Stations: 6
     │   └─ Node: Start(87, 62), End(99, 74), Size(13x13), Charging Stations: 3
     └─ Node: Start(75, 75), End(99, 99), Size(25x25), Charging Stations: 18
         ├─ Node: Start(74, 74), End(86, 86), Size(13x13), Charging Stations: 3
         ├─ Node: Start(74, 87), End(86, 99), Size(13x13), Charging Stations: 3
         ├─ Node: Start(87, 74), End(99, 86), Size(13x13), Charging Stations: 4
         └─ Node: Start(87, 87), End(99, 99), Size(13x13), Charging Stations: 6

Environment is static. Applying global Q-learning.
The Agent Has Converged After 442771 Episodes

Environment is static. Performing global local path planning for all leaf nodes.
Training agent in leaf node: Start(24, 0), End(36, 12)
Training agent in leaf node: Start(37, 0), End(49, 12)
Training agent in leaf node: Start(37, 13), End(49, 24)
Training agent in leaf node: Start(62, 87), End(74, 99)
Training agent in leaf node: Start(Training agent in leaf node: Start(013, 49), End(, 24, 61)
Training agent in leaf node: Start(43, 31), End(49, 36)
Training agent in leaf node: Start(24, 37), End(36, 49)
Training agent in leaf node: Start(0, 49), Training agent in leaf node: Start(End(3712, 61)
Training agent in leaf node: Start(36, 24), End(42, 30)
Training agent in leaf node: Start(36, 31), End(42, 36)
Training agent in leaf node: Start(24, 24), End(36, 36)
Training agent in leaf node: Start(Training agent in leaf node: Start(68, 87, 49), End(9974, ), End(74, 80)
Training agent in leaf node: Start(0, 87), End(12, 99)
Training agent in leaf node: Start(37, 62), End(49, 74)
Training agent in leaf node: Start(13, 62), End(24, 74)
Training agent in leaf node: Start(13, 74), End(24, 86)
Training agent in leaf node: Start(24, 62), End(36, 74)
Training agent in leaf node: Start(37, 49), End(49, 61)
Training agent in leaf node: Start(0, 24), End(12, 36)
Training agent in leaf node: Start(0, 74), End(12, 86)
Training agent in leaf node: Start(87, 87), End(99, 99)
61)
Training agent in leaf node: Start(74, 49), End(86, 61)
Training agent in leaf node: Start(13, 24), End(24, 36)
Training agent in leaf node: Start(49, 7), End(55, 12)
Training agent in leaf node: Start(37, 87), End(49, 99)
Training agent in leaf node: Start(0, 0), End(12, 12)
Training agent in leaf node: Start(74, 62), End(86, 74)
Training agent in leaf node: Start(56, 7), End(61, 12)
Training agent in leaf node: Start(74, 13), End(86, 24)
Training agent in leaf node: Start(87, 62), End(99, 74)
Training agent in leaf node: Start(74, 37), End(86, 49)
Training agent in leaf node: Start(74, 87), End(86, 99)
Training agent in leaf node: Start(13, 87), End(24, 99)
, 37), End(49, 49)
Training agent in leaf node: Start(43, 24), End(49, 30)
Training agent in leaf node: Start(49, 49), End(61, 61)
Training agent in leaf node: Start(49, 13), End(61, 24)
Training agent in leaf node: Start(87, 0), End(99, 12)
Training agent in leaf node: Start(87, 24), End(99, 36)
Training agent in leaf node: Start(62, 0), End(74, 12)
Training agent in leaf node: Start(49, 62), End(61, 74)
Training agent in leaf node: Start(62, 13), End(74, 24)
Training agent in leaf node: Start(87, 13), End(99, 24)
Training agent in leaf node: Start(87, 37), End(99, 49)
Training agent in leaf node: Start(49, 24), End(61, 36)
Training agent in leaf node: Start(13, 0), End(24, 12)
Training agent in leaf node: Start(74, 0), End(86, 12)
Training agent in leaf node: Start(62, 49), End(74, 61)
Training agent in leaf node: Start(49, 37), End(61, 49)
Training agent in leaf node: Start(49, 87), End(61, 99)
Training agent in leaf node: Start(62, 24), End(74, 36)
Training agent in leaf node: Start(62, 62), End(74, 74)
Training agent in leaf node: Start(0, 37), End(12, 49)
Training agent in leaf node: Start(62, 37), End(74, 49)
Training agent in leaf node: Start(24, 49), End(36, 61)
Training agent in leaf node: Start(61, 81), End(67, 86)
Training agent in leaf node: Start(68, 81), End(74, 86)
Training agent in leaf node: Start(13, 13), End(24, 24)
Training agent in leaf node: Start(49, 74), End(61, 86)
Training agent in leaf node: Start(24, 87), End(36, 99)
Training agent in leaf node: Start(74, 74), End(86, 86)
Training agent in leaf node: Start(87, 74), End(99, 86)
Training agent in leaf node: Start(0, 13), End(12, 24)
Training agent in leaf node: Start(61, 74), End(67, 80)
62), End(12, 74)
Training agent in leaf node: Start(24, 13), End(36, 24)
Training agent in leaf node: Start(13, 37), End(24, 49)
Training agent in leaf node: Start(49, 0), End(55, 6)
Training agent in leaf node: Start(37, 74), End(49, 86)
Training agent in leaf node: Start(24, 74), End(36, 86)
Training agent in leaf node: Start(74, 24), End(86, 36)
Training agent in leaf node: Start(56, 0), End(61, 6)
The Agent Has Converged After 3361 Episodes
The Agent Has Converged After 2871 Episodes
The Agent Has Converged After 3751 Episodes
The Agent Has Converged After 4011 Episodes
The Agent Has Converged After 4091 Episodes
The Agent Has Converged After 3681 Episodes
The Agent Has Converged After 8151 Episodes
The Agent Has Converged After 5531 Episodes
The Agent Has Converged After 6691 Episodes
The Agent Has Converged After 6541 Episodes
The Agent Has Converged After 6911 Episodes
The Agent Has Converged After 11481 Episodes
The Agent Has Converged After 7771 Episodes
The Agent Has Converged After 11391 Episodes
The Agent Has Converged After 11671 Episodes
The Agent Has Converged After 10961 Episodes
The Agent Has Converged After 9561 Episodes
The Agent Has Converged After 9401 Episodes
The Agent Has Converged After 10891 Episodes
The Agent Has Converged After 10531 Episodes
The Agent Has Converged After 9761 Episodes
The Agent Has Converged After 14251 Episodes
The Agent Has Converged After 10801 Episodes
The Agent Has Converged After 14121 Episodes
The Agent Has Converged After 10541 Episodes
The Agent Has Converged After 10991 Episodes
The Agent Has Converged After 10291 Episodes
The Agent Has Converged After 13701 Episodes
The Agent Has Converged After 8361 Episodes
The Agent Has Converged After 11971 Episodes
The Agent Has Converged After 11991 Episodes
The Agent Has Converged After 12101 Episodes
The Agent Has Converged After 11981 Episodes
The Agent Has Converged After 13181 Episodes
The Agent Has Converged After 13781 Episodes
The Agent Has Converged After 15971 Episodes
The Agent Has Converged After 11071 Episodes
The Agent Has Converged After 12901 Episodes
The Agent Has Converged After 9831 Episodes
The Agent Has Converged After 10661 Episodes
The Agent Has Converged After 12761 Episodes
The Agent Has Converged After 12801 Episodes
The Agent Has Converged After 16691 Episodes
The Agent Has Converged After 13911 Episodes
The Agent Has Converged After 17001 Episodes
The Agent Has Converged After 11061 Episodes
The Agent Has Converged After 13391 Episodes
The Agent Has Converged After 14751 Episodes
The Agent Has Converged After 12591 Episodes
The Agent Has Converged After 15471 Episodes
The Agent Has Converged After 15691 Episodes
The Agent Has Converged After 13581 Episodes
The Agent Has Converged After 16591 Episodes
The Agent Has Converged After 14331 Episodes
The Agent Has Converged After 15811 Episodes
The Agent Has Converged After 16821 Episodes
The Agent Has Converged After 13261 Episodes
The Agent Has Converged After 14071 Episodes
The Agent Has Converged After 13401 Episodes
The Agent Has Converged After 17641 Episodes
The Agent Has Converged After 13241 Episodes
The Agent Has Converged After 16281 Episodes
The Agent Has Converged After 14441 Episodes
The Agent Has Converged After 18041 Episodes
The Agent Has Converged After 18041 Episodes
The Agent Has Converged After 17721 Episodes
The Agent Has Converged After 20921 Episodes
The Agent Has Converged After 17411 Episodes
The Agent Has Converged After 18701 Episodes
The Agent Has Converged After 18631 Episodes
The Agent Has Converged After 19281 Episodes
The Agent Has Converged After 19581 Episodes
The Agent Has Converged After 18151 Episodes

Environment changed. Applying local Q-learning.
The Agent Has Converged After 14151 Episodes

Environment changed. Performing local path planning for affected leaf nodes.
Training agent in leaf node: Start(37, 74), End(49, 86)
The Agent Has Converged After 13591 Episodes

Maze Size: 100x100

--- MasMat Results ---
Static Training Time   : 94.4119s
Dynamic Training Time  : 1.58925s
Average Planning Time  : 5.30871e-06s
Success Rate           : 100%
Average Path Length    : 2.21 steps

--- Local Path Planning Results ---
Static Training Time   : 21.5717s
Dynamic Training Time  : 1.53017s
Average Planning Time  : 4.7029e-06s
Success Rate           : 100%
Average Path Length    : 2.18 steps

		=== The Maze: 0 means obstacle, 1 means free space, 2 means charging station ===

Maze Sub-environment Tree:

Node: Start(0, 0), End(99, 99), Size(100x100), Charging Stations: 220
 ├─ Node: Start(0, 0), End(49, 49), Size(50x50), Charging Stations: 59
 │   ├─ Node: Start(0, 0), End(24, 24), Size(25x25), Charging Stations: 14
 │   │   ├─ Node: Start(0, 0), End(12, 12), Size(13x13), Charging Stations: 1
 │   │   ├─ Node: Start(0, 13), End(12, 24), Size(13x12), Charging Stations: 3
 │   │   ├─ Node: Start(13, 0), End(24, 12), Size(12x13), Charging Stations: 4
 │   │   └─ Node: Start(13, 13), End(24, 24), Size(12x12), Charging Stations: 5
 │   ├─ Node: Start(0, 25), End(24, 49), Size(25x25), Charging Stations: 13
 │   │   ├─ Node: Start(0, 24), End(12, 36), Size(13x13), Charging Stations: 3
 │   │   ├─ Node: Start(0, 37), End(12, 49), Size(13x13), Charging Stations: 3
 │   │   ├─ Node: Start(13, 24), End(24, 36), Size(12x13), Charging Stations: 4
 │   │   └─ Node: Start(13, 37), End(24, 49), Size(12x13), Charging Stations: 4
 │   ├─ Node: Start(25, 0), End(49, 24), Size(25x25), Charging Stations: 15
 │   │   ├─ Node: Start(24, 0), End(36, 12), Size(13x13), Charging Stations: 4
 │   │   ├─ Node: Start(24, 13), End(36, 24), Size(13x12), Charging Stations: 6
 │   │   ├─ Node: Start(37, 0), End(49, 12), Size(13x13), Charging Stations: 2
 │   │   └─ Node: Start(37, 13), End(49, 24), Size(13x12), Charging Stations: 3
 │   └─ Node: Start(25, 25), End(49, 49), Size(25x25), Charging Stations: 14
 │       ├─ Node: Start(24, 24), End(36, 36), Size(13x13), Charging Stations: 3
 │       ├─ Node: Start(24, 37), End(36, 49), Size(13x13), Charging Stations: 3
 │       ├─ Node: Start(37, 24), End(49, 36), Size(13x13), Charging Stations: 6
 │       │   ├─ Node: Start(36, 24), End(42, 30), Size(7x7), Charging Stations: 3
 │       │   ├─ Node: Start(36, 31), End(42, 36), Size(7x6), Charging Stations: 1
 │       │   ├─ Node: Start(43, 24), End(49, 30), Size(7x7), Charging Stations: 1
 │       │   └─ Node: Start(43, 31), End(49, 36), Size(7x6), Charging Stations: 1
 │       └─ Node: Start(37, 37), End(49, 49), Size(13x13), Charging Stations: 1
 ├─ Node: Start(0, 50), End(49, 99), Size(50x50), Charging Stations: 42
 │   ├─ Node: Start(0, 49), End(24, 74), Size(25x26), Charging Stations: 10
 │   │   ├─ Node: Start(0, 49), End(12, 61), Size(13x13), Charging Stations: 3
 │   │   ├─ Node: Start(0, 62), End(12, 74), Size(13x13), Charging Stations: 3
 │   │   ├─ Node: Start(13, 49), End(24, 61), Size(12x13), Charging Stations: 3
 │   │   └─ Node: Start(13, 62), End(24, 74), Size(12x13), Charging Stations: 1
 │   ├─ Node: Start(0, 75), End(24, 99), Size(25x25), Charging Stations: 11
 │   │   ├─ Node: Start(0, 74), End(12, 86), Size(13x13), Charging Stations: 1
 │   │   ├─ Node: Start(0, 87), End(12, 99), Size(13x13), Charging Stations: 3
 │   │   ├─ Node: Start(13, 74), End(24, 86), Size(12x13), Charging Stations: 4
 │   │   └─ Node: Start(13, 87), End(24, 99), Size(12x13), Charging Stations: 2
 │   ├─ Node: Start(25, 49), End(49, 74), Size(25x26), Charging Stations: 10
 │   │   ├─ Node: Start(24, 49), End(36, 61), Size(13x13), Charging Stations: 1
 │   │   ├─ Node: Start(24, 62), End(36, 74), Size(13x13), Charging Stations: 2
 │   │   ├─ Node: Start(37, 49), End(49, 61), Size(13x13), Charging Stations: 4
 │   │   └─ Node: Start(37, 62), End(49, 74), Size(13x13), Charging Stations: 2
 │   └─ Node: Start(25, 75), End(49, 99), Size(25x25), Charging Stations: 13
 │       ├─ Node: Start(24, 74), End(36, 86), Size(13x13), Charging Stations: 2
 │       ├─ Node: Start(24, 87), End(36, 99), Size(13x13), Charging Stations: 1
 │       ├─ Node: Start(37, 74), End(49, 86), Size(13x13), Charging Stations: 4
 │       └─ Node: Start(37, 87), End(49, 99), Size(13x13), Charging Stations: 5
 ├─ Node: Start(50, 0), End(99, 49), Size(50x50), Charging Stations: 54
 │   ├─ Node: Start(49, 0), End(74, 24), Size(26x25), Charging Stations: 15
 │   │   ├─ Node: Start(49, 0), End(61, 12), Size(13x13), Charging Stations: 5
 │   │   │   ├─ Node: Start(49, 0), End(55, 6), Size(7x7), Charging Stations: 1
 │   │   │   ├─ Node: Start(49, 7), End(55, 12), Size(7x6), Charging Stations: 1
 │   │   │   ├─ Node: Start(56, 0), End(61, 6), Size(6x7), Charging Stations: 2
 │   │   │   └─ Node: Start(56, 7), End(61, 12), Size(6x6), Charging Stations: 1
 │   │   ├─ Node: Start(49, 13), End(61, 24), Size(13x12), Charging Stations: 4
 │   │   ├─ Node: Start(62, 0), End(74, 12), Size(13x13), Charging Stations: 3
 │   │   └─ Node: Start(62, 13), End(74, 24), Size(13x12), Charging Stations: 2
 │   ├─ Node: Start(49, 25), End(74, 49), Size(26x25), Charging Stations: 11
 │   │   ├─ Node: Start(49, 24), End(61, 36), Size(13x13), Charging Stations: 4
 │   │   ├─ Node: Start(49, 37), End(61, 49), Size(13x13), Charging Stations: 1
 │   │   ├─ Node: Start(62, 24), End(74, 36), Size(13x13), Charging Stations: 1
 │   │   └─ Node: Start(62, 37), End(74, 49), Size(13x13), Charging Stations: 2
 │   ├─ Node: Start(75, 0), End(99, 24), Size(25x25), Charging Stations: 15
 │   │   ├─ Node: Start(74, 0), End(86, 12), Size(13x13), Charging Stations: 4
 │   │   ├─ Node: Start(74, 13), End(86, 24), Size(13x12), Charging Stations: 4
 │   │   ├─ Node: Start(87, 0), End(99, 12), Size(13x13), Charging Stations: 5
 │   │   └─ Node: Start(87, 13), End(99, 24), Size(13x12), Charging Stations: 1
 │   └─ Node: Start(75, 25), End(99, 49), Size(25x25), Charging Stations: 10
 │       ├─ Node: Start(74, 24), End(86, 36), Size(13x13), Charging Stations: 5
 │       ├─ Node: Start(74, 37), End(86, 49), Size(13x13), Charging Stations: 1
 │       ├─ Node: Start(87, 24), End(99, 36), Size(13x13), Charging Stations: 2
 │       └─ Node: Start(87, 37), End(99, 49), Size(13x13), Charging Stations: 1
 └─ Node: Start(50, 50), End(99, 99), Size(50x50), Charging Stations: 61
     ├─ Node: Start(49, 49), End(74, 74), Size(26x26), Charging Stations: 11
     │   ├─ Node: Start(49, 49), End(61, 61), Size(13x13), Charging Stations: 1
     │   ├─ Node: Start(49, 62), End(61, 74), Size(13x13), Charging Stations: 2
     │   ├─ Node: Start(62, 49), End(74, 61), Size(13x13), Charging Stations: 4
     │   └─ Node: Start(62, 62), End(74, 74), Size(13x13), Charging Stations: 3
     ├─ Node: Start(49, 75), End(74, 99), Size(26x25), Charging Stations: 14
     │   ├─ Node: Start(49, 74), End(61, 86), Size(13x13), Charging Stations: 4
     │   ├─ Node: Start(49, 87), End(61, 99), Size(13x13), Charging Stations: 2
     │   ├─ Node: Start(62, 74), End(74, 86), Size(13x13), Charging Stations: 4
     │   │   ├─ Node: Start(61, 74), End(67, 80), Size(7x7), Charging Stations: 1
     │   │   ├─ Node: Start(61, 81), End(67, 86), Size(7x6), Charging Stations: 1
     │   │   ├─ Node: Start(68, 74), End(74, 80), Size(7x7), Charging Stations: 1
     │   │   └─ Node: Start(68, 81), End(74, 86), Size(7x6), Charging Stations: 1
     │   └─ Node: Start(62, 87), End(74, 99), Size(13x13), Charging Stations: 3
     ├─ Node: Start(75, 49), End(99, 74), Size(25x26), Charging Stations: 19
     │   ├─ Node: Start(74, 49), End(86, 61), Size(13x13), Charging Stations: 3
     │   ├─ Node: Start(74, 62), End(86, 74), Size(13x13), Charging Stations: 5
     │   ├─ Node: Start(87, 49), End(99, 61), Size(13x13), Charging Stations: 6
     │   └─ Node: Start(87, 62), End(99, 74), Size(13x13), Charging Stations: 3
     └─ Node: Start(75, 75), End(99, 99), Size(25x25), Charging Stations: 18
         ├─ Node: Start(74, 74), End(86, 86), Size(13x13), Charging Stations: 3
         ├─ Node: Start(74, 87), End(86, 99), Size(13x13), Charging Stations: 3
         ├─ Node: Start(87, 74), End(99, 86), Size(13x13), Charging Stations: 4
         └─ Node: Start(87, 87), End(99, 99), Size(13x13), Charging Stations: 6

Environment is static. Applying global Q-learning.
The Agent Has Converged After 442771 Episodes

Environment is static. Performing global local path planning for all leaf nodes.
Training agent in leaf node: Start(0, 24), End(12, 36)
Training agent in leaf node: Start(0, 13), End(12, 24)
Training agent in leaf node: Start(0, 0), End(12, 12)
Training agent in leaf node: Start(0, 37), End(12, 49)
Training agent in leaf node: Start(0, 87), End(12, 99)
Training agent in leaf node: Start(87, 74), End(99, 86)
Training agent in leaf node: Start(49, 24), End(61, 36)
Training agent in leaf node: Start(13, 49), End(24, 61)
Training agent in leaf node: Start(43, 24), End(49, 30)
Training agent in leaf node: Start(49, 62), End(61, 74)
Training agent in leaf node: Start(61, 74), End(67, 80)
Training agent in leaf node: Start(0, 49), End(12, 61)
Training agent in leaf node: Start(13, 74), End(24, 86)
Training agent in leaf node: Start(87, 87), End(99, 99)
Training agent in leaf node: Start(43, 31), End(49, 36)
Training agent in leaf node: Start(37, 37), End(49, 49)
Training agent in leaf node: Start(36, 31), End(42, 36)
Training agent in leaf node: Start(24, 24), End(36, 36)
Training agent in leaf node: Start(24, 37), End(36, 49Training agent in leaf node: Start(74, 37), End(86, 49)
Training agent in leaf node: Start(37, 49), End(49, 61)
Training agent in leaf node: Start(24, 87), End(36, 99)
)
Training agent in leaf node: Start(37, 74), End(49, 86)
Training agent in leaf node: Start(36, 24), End(42, 30)
Training agent in leaf node: Start(37, 13), End(49, 24)
Training agent in leaf node: Start(13, 87), End(24, 99)
Training agent in leaf node: Start(74, 13), End(86, 24)
Training agent in leaf node: Start(74, 0), End(86, 12)
Training agent in leaf node: Start(62, 37), End(74, 49)
Training agent in leaf node: Start(74, 24), End(86, 36)
Training agent in leaf node: Start(24, 49), End(36, 61)
Training agent in leaf node: Start(49, 87), End(61, 99)
Training agent in leaf node: Start(37, 87), End(49, 99)
Training agent in leaf node: Start(49, 74), End(61, 86)
Training agent in leaf node: Start(62, 62), End(74, 74)
Training agent in leaf node: Start(56, 0), End(61, 6)
Training agent in leaf node: Start(13, 37), End(24, 49)
Training agent in leaf node: Start(13, 13), End(24, 24)
Training agent in leaf node: Start(68, 81), End(74, 86)
Training agent in leaf node: Start(74, 49), End(86, 61)
Training agent in leaf node: Start(0, 62), End(12, 74)
Training agent in leaf node: Start(49, 37), End(61, 49)
Training agent in leaf node: Start(13, 0), End(24, 12)
Training agent in leaf node: Start(56, 7), End(61, 12)
Training agent in leaf node: Start(87, 49), End(99, 61)
Training agent in leaf node: Start(49, 7), End(55, 12)
Training agent in leaf node: Start(49, 49), End(61, 61)
Training agent in leaf node: Start(61, 81), End(67, 86)
Training agent in leaf node: Start(62, 49), End(74, 61)
Training agent in leaf node: Start(62, 0), End(74, 12)
Training agent in leaf node: Start(49, 13), End(61, 24)
Training agent in leaf node: Start(74, 62), End(86, 74)
Training agent in leaf node: Start(87, 24), End(99, 36)
Training agent in leaf node: Start(24, 13), End(36, 24)
Training agent in leaf node: Start(24, 74), End(36, 86)
Training agent in leaf node: Start(68, 74), End(74, 80)
Training agent in leaf node: Start(62, 13), End(74, 24)
Training agent in leaf node: Start(74, 74), End(86, 86)
Training agent in leaf node: Start(74, 87), End(86, 99)
Training agent in leaf node: Start(13, 24), End(24, 36)
Training agent in leaf node: Start(24Training agent in leaf node: Start(0, 74), End(12, 86)
Training agent in leaf node: Start(24, 62), End(36, 74)
Training agent in leaf node: Start(49, 0), End(55, 6)
Training agent in leaf node: Start(87, 37), End(99, 49)
Training agent in leaf node: Start(37, 62), End(49, 74)
Training agent in leaf node: Start(13, 62), End(24, 74)
Training agent in leaf node: Start(62, 87), End(74, 99)
Training agent in leaf node: Start(37, 0), End(49, 12)
Training agent in leaf node: Start(87, 62), End(99, 74)
Training agent in leaf node: Start(87, 13), End(99, 24)
, 0), End(36, 12)
Training agent in leaf node: Start(87, 0), End(99, 12)
Training agent in leaf node: Start(62, 24), End(74, 36)
The Agent Has Converged After 3961 Episodes
The Agent Has Converged After 3811 Episodes
The Agent Has Converged After 3301 Episodes
The Agent Has Converged After 4461 Episodes
The Agent Has Converged After 4171 Episodes
The Agent Has Converged After 4061 Episodes
The Agent Has Converged After 9161 Episodes
The Agent Has Converged After 6451 Episodes
The Agent Has Converged After 6081 Episodes
The Agent Has Converged After 6041 Episodes
The Agent Has Converged After 6091 Episodes
The Agent Has Converged After 10331 Episodes
The Agent Has Converged After 9731 Episodes
The Agent Has Converged After 7611 Episodes
The Agent Has Converged After 8501 Episodes
The Agent Has Converged After 9001 Episodes
The Agent Has Converged After 11481 Episodes
The Agent Has Converged After 8911 Episodes
The Agent Has Converged After 7181 Episodes
The Agent Has Converged After 9851 Episodes
The Agent Has Converged After 10301 Episodes
The Agent Has Converged After 10151 Episodes
The Agent Has Converged After 11971 Episodes
The Agent Has Converged After 12991 Episodes
The Agent Has Converged After 12271 Episodes
The Agent Has Converged After 13011 Episodes
The Agent Has Converged After 11521 Episodes
The Agent Has Converged After 11371 Episodes
The Agent Has Converged After 14181 Episodes
The Agent Has Converged After 11701 Episodes
The Agent Has Converged After 12251 Episodes
The Agent Has Converged After 14051 Episodes
The Agent Has Converged After 12361 Episodes
The Agent Has Converged After 10341 Episodes
The Agent Has Converged After 11431 Episodes
The Agent Has Converged After 13621 Episodes
The Agent Has Converged After 16601 Episodes
The Agent Has Converged After 16831 Episodes
The Agent Has Converged After 15801 Episodes
The Agent Has Converged After 17701 Episodes
The Agent Has Converged After 9901 Episodes
The Agent Has Converged After 12311 Episodes
The Agent Has Converged After 13351 Episodes
The Agent Has Converged After 13261 Episodes
The Agent Has Converged After 12521 Episodes
The Agent Has Converged After 15301 Episodes
The Agent Has Converged After 16031 Episodes
The Agent Has Converged After 17881 Episodes
The Agent Has Converged After 14961 Episodes
The Agent Has Converged After 18121 Episodes
The Agent Has Converged After 11841 Episodes
The Agent Has Converged After 12071 Episodes
The Agent Has Converged After 14051 Episodes
The Agent Has Converged After 15431 Episodes
The Agent Has Converged After 15291 Episodes
The Agent Has Converged After 15661 Episodes
The Agent Has Converged After 13671 Episodes
The Agent Has Converged After 14511 Episodes
The Agent Has Converged After 13551 Episodes
The Agent Has Converged After 12811 Episodes
The Agent Has Converged After 14771 Episodes
The Agent Has Converged After 15771 Episodes
The Agent Has Converged After 15661 Episodes
The Agent Has Converged After 17531 Episodes
The Agent Has Converged After 17651 Episodes
The Agent Has Converged After 17641 Episodes
The Agent Has Converged After 18221 Episodes
The Agent Has Converged After 19261 Episodes
The Agent Has Converged After 17421 Episodes
The Agent Has Converged After 16541 Episodes
The Agent Has Converged After 18531 Episodes
The Agent Has Converged After 18721 Episodes
The Agent Has Converged After 19921 Episodes

Environment changed. Applying local Q-learning.
The Agent Has Converged After 13381 Episodes
The Agent Has Converged After 13501 Episodes
The Agent Has Converged After 9151 Episodes
The Agent Has Converged After 15171 Episodes
The Agent Has Converged After 9011 Episodes
The Agent Has Converged After 18491 Episodes
The Agent Has Converged After 17851 Episodes
The Agent Has Converged After 13291 Episodes
The Agent Has Converged After 15361 Episodes

Environment changed. Performing local path planning for affected leaf nodes.
Training agent in leaf node: Start(0, 74), End(12, 86)
Training agent in leaf node: Start(0, 13), End(12, 24)
Training agent in leaf node: Start(37, 62), End(49, 74)
Training agent in leaf node: Start(87, 49), End(99, 61)
Training agent in leaf node: Start(37, 87), End(49, 99)
Training agent in leaf node: Start(49, 13), End(61, 24)
Training agent in leaf node: Start(62, 0), End(74, 12)
Training agent in leaf node: Start(0, 87), End(12, 99)
Training agent in leaf node: Start(87, 0), End(99, 12)
The Agent Has Converged After 9991 Episodes
The Agent Has Converged After 9091 Episodes
The Agent Has Converged After 12671 Episodes
The Agent Has Converged After 15081 Episodes
The Agent Has Converged After 12091 Episodes
The Agent Has Converged After 16111 Episodes
The Agent Has Converged After 20501 Episodes
The Agent Has Converged After 16641 Episodes
The Agent Has Converged After 17741 Episodes

Maze Size: 100x100

--- MasMat Results ---
Static Training Time   : 94.5716s
Dynamic Training Time  : 13.9134s
Average Planning Time  : 6.2068e-06s
Success Rate           : 100%
Average Path Length    : 2.14 steps

--- Local Path Planning Results ---
Static Training Time   : 21.7158s
Dynamic Training Time  : 3.45992s
Average Planning Time  : 4.87748e-06s
Success Rate           : 100%
Average Path Length    : 2.13 steps

		=== The Maze: 0 means obstacle, 1 means free space, 2 means charging station ===

Maze Sub-environment Tree:

Node: Start(0, 0), End(149, 149), Size(150x150), Charging Stations: 456
 ├─ Node: Start(0, 0), End(74, 74), Size(75x75), Charging Stations: 119
 │   ├─ Node: Start(0, 0), End(37, 37), Size(38x38), Charging Stations: 32
 │   │   ├─ Node: Start(0, 0), End(18, 18), Size(19x19), Charging Stations: 9
 │   │   │   ├─ Node: Start(0, 0), End(9, 9), Size(10x10), Charging Stations: 1
 │   │   │   ├─ Node: Start(0, 10), End(9, 18), Size(10x9), Charging Stations: 4
 │   │   │   ├─ Node: Start(10, 0), End(18, 9), Size(9x10), Charging Stations: 2
 │   │   │   └─ Node: Start(10, 10), End(18, 18), Size(9x9), Charging Stations: 2
 │   │   ├─ Node: Start(0, 19), End(18, 37), Size(19x19), Charging Stations: 6
 │   │   │   ├─ Node: Start(0, 18), End(9, 27), Size(10x10), Charging Stations: 1
 │   │   │   ├─ Node: Start(0, 28), End(9, 37), Size(10x10), Charging Stations: 1
 │   │   │   ├─ Node: Start(10, 18), End(18, 27), Size(9x10), Charging Stations: 2
 │   │   │   └─ Node: Start(10, 28), End(18, 37), Size(9x10), Charging Stations: 2
 │   │   ├─ Node: Start(19, 0), End(37, 18), Size(19x19), Charging Stations: 9
 │   │   │   ├─ Node: Start(18, 0), End(27, 9), Size(10x10), Charging Stations: 3
 │   │   │   ├─ Node: Start(18, 10), End(27, 18), Size(10x9), Charging Stations: 2
 │   │   │   ├─ Node: Start(28, 0), End(37, 9), Size(10x10), Charging Stations: 3
 │   │   │   └─ Node: Start(28, 10), End(37, 18), Size(10x9), Charging Stations: 1
 │   │   └─ Node: Start(19, 19), End(37, 37), Size(19x19), Charging Stations: 6
 │   ├─ Node: Start(0, 38), End(37, 74), Size(38x37), Charging Stations: 24
 │   │   ├─ Node: Start(0, 37), End(18, 55), Size(19x19), Charging Stations: 7
 │   │   ├─ Node: Start(0, 56), End(18, 74), Size(19x19), Charging Stations: 6
 │   │   ├─ Node: Start(19, 37), End(37, 55), Size(19x19), Charging Stations: 6
 │   │   │   ├─ Node: Start(18, 37), End(27, 46), Size(10x10), Charging Stations: 1
 │   │   │   ├─ Node: Start(18, 47), End(27, 55), Size(10x9), Charging Stations: 2
 │   │   │   ├─ Node: Start(28, 37), End(37, 46), Size(10x10), Charging Stations: 1
 │   │   │   └─ Node: Start(28, 47), End(37, 55), Size(10x9), Charging Stations: 1
 │   │   └─ Node: Start(19, 56), End(37, 74), Size(19x19), Charging Stations: 5
 │   ├─ Node: Start(38, 0), End(74, 37), Size(37x38), Charging Stations: 28
 │   │   ├─ Node: Start(37, 0), End(55, 18), Size(19x19), Charging Stations: 4
 │   │   ├─ Node: Start(37, 19), End(55, 37), Size(19x19), Charging Stations: 10
 │   │   │   ├─ Node: Start(37, 18), End(46, 27), Size(10x10), Charging Stations: 1
 │   │   │   ├─ Node: Start(37, 28), End(46, 37), Size(10x10), Charging Stations: 4
 │   │   │   ├─ Node: Start(47, 18), End(55, 27), Size(9x10), Charging Stations: 3
 │   │   │   └─ Node: Start(47, 28), End(55, 37), Size(9x10), Charging Stations: 3
 │   │   ├─ Node: Start(56, 0), End(74, 18), Size(19x19), Charging Stations: 7
 │   │   └─ Node: Start(56, 19), End(74, 37), Size(19x19), Charging Stations: 4
 │   └─ Node: Start(38, 38), End(74, 74), Size(37x37), Charging Stations: 30
 │       ├─ Node: Start(37, 37), End(55, 55), Size(19x19), Charging Stations: 8
 │       ├─ Node: Start(37, 56), End(55, 74), Size(19x19), Charging Stations: 9
 │       │   ├─ Node: Start(37, 55), End(46, 64), Size(10x10), Charging Stations: 2
 │       │   ├─ Node: Start(37, 65), End(46, 74), Size(10x10), Charging Stations: 3
 │       │   ├─ Node: Start(47, 55), End(55, 64), Size(9x10), Charging Stations: 2
 │       │   └─ Node: Start(47, 65), End(55, 74), Size(9x10), Charging Stations: 3
 │       ├─ Node: Start(56, 37), End(74, 55), Size(19x19), Charging Stations: 8
 │       └─ Node: Start(56, 56), End(74, 74), Size(19x19), Charging Stations: 5
 ├─ Node: Start(0, 75), End(74, 149), Size(75x75), Charging Stations: 123
 │   ├─ Node: Start(0, 74), End(37, 111), Size(38x38), Charging Stations: 27
 │   │   ├─ Node: Start(0, 74), End(18, 92), Size(19x19), Charging Stations: 13
 │   │   │   ├─ Node: Start(0, 74), End(9, 83), Size(10x10), Charging Stations: 3
 │   │   │   ├─ Node: Start(0, 84), End(9, 92), Size(10x9), Charging Stations: 1
 │   │   │   ├─ Node: Start(10, 74), End(18, 83), Size(9x10), Charging Stations: 2
 │   │   │   └─ Node: Start(10, 84), End(18, 92), Size(9x9), Charging Stations: 7
 │   │   ├─ Node: Start(0, 93), End(18, 111), Size(19x19), Charging Stations: 6
 │   │   ├─ Node: Start(19, 74), End(37, 92), Size(19x19), Charging Stations: 6
 │   │   └─ Node: Start(19, 93), End(37, 111), Size(19x19), Charging Stations: 2
 │   ├─ Node: Start(0, 112), End(37, 149), Size(38x38), Charging Stations: 32
 │   │   ├─ Node: Start(0, 111), End(18, 130), Size(19x20), Charging Stations: 7
 │   │   ├─ Node: Start(0, 131), End(18, 149), Size(19x19), Charging Stations: 4
 │   │   ├─ Node: Start(19, 111), End(37, 130), Size(19x20), Charging Stations: 12
 │   │   │   ├─ Node: Start(18, 111), End(27, 120), Size(10x10), Charging Stations: 3
 │   │   │   ├─ Node: Start(18, 121), End(27, 130), Size(10x10), Charging Stations: 2
 │   │   │   ├─ Node: Start(28, 111), End(37, 120), Size(10x10), Charging Stations: 3
 │   │   │   └─ Node: Start(28, 121), End(37, 130), Size(10x10), Charging Stations: 3
 │   │   └─ Node: Start(19, 131), End(37, 149), Size(19x19), Charging Stations: 9
 │   ├─ Node: Start(38, 74), End(74, 111), Size(37x38), Charging Stations: 27
 │   │   ├─ Node: Start(37, 74), End(55, 92), Size(19x19), Charging Stations: 4
 │   │   │   ├─ Node: Start(37, 74), End(46, 83), Size(10x10), Charging Stations: 1
 │   │   │   ├─ Node: Start(37, 84), End(46, 92), Size(10x9), Charging Stations: 1
 │   │   │   ├─ Node: Start(47, 74), End(55, 83), Size(9x10), Charging Stations: 1
 │   │   │   └─ Node: Start(47, 84), End(55, 92), Size(9x9), Charging Stations: 1
 │   │   ├─ Node: Start(37, 93), End(55, 111), Size(19x19), Charging Stations: 6
 │   │   ├─ Node: Start(56, 74), End(74, 92), Size(19x19), Charging Stations: 6
 │   │   │   ├─ Node: Start(55, 74), End(64, 83), Size(10x10), Charging Stations: 1
 │   │   │   ├─ Node: Start(55, 84), End(64, 92), Size(10x9), Charging Stations: 1
 │   │   │   ├─ Node: Start(65, 74), End(74, 83), Size(10x10), Charging Stations: 1
 │   │   │   └─ Node: Start(65, 84), End(74, 92), Size(10x9), Charging Stations: 2
 │   │   └─ Node: Start(56, 93), End(74, 111), Size(19x19), Charging Stations: 11
 │   │       ├─ Node: Start(55, 92), End(64, 101), Size(10x10), Charging Stations: 2
 │   │       ├─ Node: Start(55, 102), End(64, 111), Size(10x10), Charging Stations: 3
 │   │       ├─ Node: Start(65, 92), End(74, 101), Size(10x10), Charging Stations: 1
 │   │       └─ Node: Start(65, 102), End(74, 111), Size(10x10), Charging Stations: 4
 │   └─ Node: Start(38, 112), End(74, 149), Size(37x38), Charging Stations: 35
 │       ├─ Node: Start(37, 111), End(55, 130), Size(19x20), Charging Stations: 8
 │       │   ├─ Node: Start(37, 111), End(46, 120), Size(10x10), Charging Stations: 1
 │       │   ├─ Node: Start(37, 121), End(46, 130), Size(10x10), Charging Stations: 3
 │       │   ├─ Node: Start(47, 111), End(55, 120), Size(9x10), Charging Stations: 2
 │       │   └─ Node: Start(47, 121), End(55, 130), Size(9x10), Charging Stations: 1
 │       ├─ Node: Start(37, 131), End(55, 149), Size(19x19), Charging Stations: 6
 │       ├─ Node: Start(56, 111), End(74, 130), Size(19x20), Charging Stations: 10
 │       │   ├─ Node: Start(55, 111), End(64, 120), Size(10x10), Charging Stations: 3
 │       │   ├─ Node: Start(55, 121), End(64, 130), Size(10x10), Charging Stations: 2
 │       │   ├─ Node: Start(65, 111), End(74, 120), Size(10x10), Charging Stations: 1
 │       │   └─ Node: Start(65, 121), End(74, 130), Size(10x10), Charging Stations: 3
 │       └─ Node: Start(56, 131), End(74, 149), Size(19x19), Charging Stations: 12
 │           ├─ Node: Start(55, 130), End(64, 139), Size(10x10), Charging Stations: 6
 │           │   ├─ Node: Start(55, 130), End(59, 134), Size(5x5), Charging Stations: 1
 │           │   ├─ Node: Start(55, 135), End(59, 139), Size(5x5), Charging Stations: 1
 │           │   ├─ Node: Start(60, 130), End(64, 134), Size(5x5), Charging Stations: 3
 │           │   └─ Node: Start(60, 135), End(64, 139), Size(5x5), Charging Stations: 1
 │           ├─ Node: Start(55, 140), End(64, 149), Size(10x10), Charging Stations: 2
 │           ├─ Node: Start(65, 130), End(74, 139), Size(10x10), Charging Stations: 3
 │           └─ Node: Start(65, 140), End(74, 149), Size(10x10), Charging Stations: 2
 ├─ Node: Start(75, 0), End(149, 74), Size(75x75), Charging Stations: 105
 │   ├─ Node: Start(74, 0), End(111, 37), Size(38x38), Charging Stations: 24
 │   │   ├─ Node: Start(74, 0), End(92, 18), Size(19x19), Charging Stations: 5
 │   │   ├─ Node: Start(74, 19), End(92, 37), Size(19x19), Charging Stations: 5
 │   │   │   ├─ Node: Start(74, 18), End(83, 27), Size(10x10), Charging Stations: 1
 │   │   │   ├─ Node: Start(74, 28), End(83, 37), Size(10x10), Charging Stations: 1
 │   │   │   ├─ Node: Start(84, 18), End(92, 27), Size(9x10), Charging Stations: 1
 │   │   │   └─ Node: Start(84, 28), End(92, 37), Size(9x10), Charging Stations: 2
 │   │   ├─ Node: Start(93, 0), End(111, 18), Size(19x19), Charging Stations: 6
 │   │   └─ Node: Start(93, 19), End(111, 37), Size(19x19), Charging Stations: 8
 │   │       ├─ Node: Start(92, 18), End(101, 27), Size(10x10), Charging Stations: 2
 │   │       ├─ Node: Start(92, 28), End(101, 37), Size(10x10), Charging Stations: 2
 │   │       ├─ Node: Start(102, 18), End(111, 27), Size(10x10), Charging Stations: 1
 │   │       └─ Node: Start(102, 28), End(111, 37), Size(10x10), Charging Stations: 1
 │   ├─ Node: Start(74, 38), End(111, 74), Size(38x37), Charging Stations: 30
 │   │   ├─ Node: Start(74, 37), End(92, 55), Size(19x19), Charging Stations: 11
 │   │   │   ├─ Node: Start(74, 37), End(83, 46), Size(10x10), Charging Stations: 4
 │   │   │   ├─ Node: Start(74, 47), End(83, 55), Size(10x9), Charging Stations: 2
 │   │   │   ├─ Node: Start(84, 37), End(92, 46), Size(9x10), Charging Stations: 1
 │   │   │   └─ Node: Start(84, 47), End(92, 55), Size(9x9), Charging Stations: 3
 │   │   ├─ Node: Start(74, 56), End(92, 74), Size(19x19), Charging Stations: 7
 │   │   │   ├─ Node: Start(74, 55), End(83, 64), Size(10x10), Charging Stations: 2
 │   │   │   ├─ Node: Start(74, 65), End(83, 74), Size(10x10), Charging Stations: 2
 │   │   │   ├─ Node: Start(84, 55), End(92, 64), Size(9x10), Charging Stations: 2
 │   │   │   └─ Node: Start(84, 65), End(92, 74), Size(9x10), Charging Stations: 1
 │   │   ├─ Node: Start(93, 37), End(111, 55), Size(19x19), Charging Stations: 6
 │   │   └─ Node: Start(93, 56), End(111, 74), Size(19x19), Charging Stations: 6
 │   ├─ Node: Start(112, 0), End(149, 37), Size(38x38), Charging Stations: 24
 │   │   ├─ Node: Start(111, 0), End(130, 18), Size(20x19), Charging Stations: 8
 │   │   │   ├─ Node: Start(111, 0), End(120, 9), Size(10x10), Charging Stations: 1
 │   │   │   ├─ Node: Start(111, 10), End(120, 18), Size(10x9), Charging Stations: 1
 │   │   │   ├─ Node: Start(121, 0), End(130, 9), Size(10x10), Charging Stations: 2
 │   │   │   └─ Node: Start(121, 10), End(130, 18), Size(10x9), Charging Stations: 4
 │   │   ├─ Node: Start(111, 19), End(130, 37), Size(20x19), Charging Stations: 6
 │   │   ├─ Node: Start(131, 0), End(149, 18), Size(19x19), Charging Stations: 7
 │   │   │   ├─ Node: Start(130, 0), End(139, 9), Size(10x10), Charging Stations: 1
 │   │   │   ├─ Node: Start(130, 10), End(139, 18), Size(10x9), Charging Stations: 3
 │   │   │   ├─ Node: Start(140, 0), End(149, 9), Size(10x10), Charging Stations: 1
 │   │   │   └─ Node: Start(140, 10), End(149, 18), Size(10x9), Charging Stations: 1
 │   │   └─ Node: Start(131, 19), End(149, 37), Size(19x19), Charging Stations: 1
 │   └─ Node: Start(112, 38), End(149, 74), Size(38x37), Charging Stations: 27
 │       ├─ Node: Start(111, 37), End(130, 55), Size(20x19), Charging Stations: 9
 │       │   ├─ Node: Start(111, 37), End(120, 46), Size(10x10), Charging Stations: 4
 │       │   ├─ Node: Start(111, 47), End(120, 55), Size(10x9), Charging Stations: 2
 │       │   ├─ Node: Start(121, 37), End(130, 46), Size(10x10), Charging Stations: 2
 │       │   └─ Node: Start(121, 47), End(130, 55), Size(10x9), Charging Stations: 1
 │       ├─ Node: Start(111, 56), End(130, 74), Size(20x19), Charging Stations: 8
 │       ├─ Node: Start(131, 37), End(149, 55), Size(19x19), Charging Stations: 6
 │       └─ Node: Start(131, 56), End(149, 74), Size(19x19), Charging Stations: 4
 └─ Node: Start(75, 75), End(149, 149), Size(75x75), Charging Stations: 100
     ├─ Node: Start(74, 74), End(111, 111), Size(38x38), Charging Stations: 29
     │   ├─ Node: Start(74, 74), End(92, 92), Size(19x19), Charging Stations: 9
     │   │   ├─ Node: Start(74, 74), End(83, 83), Size(10x10), Charging Stations: 2
     │   │   ├─ Node: Start(74, 84), End(83, 92), Size(10x9), Charging Stations: 3
     │   │   │   ├─ Node: Start(74, 83), End(78, 87), Size(5x5), Charging Stations: 1
     │   │   │   ├─ Node: Start(74, 88), End(78, 92), Size(5x5), Charging Stations: 1
     │   │   │   ├─ Node: Start(79, 83), End(83, 87), Size(5x5), Charging Stations: 1
     │   │   │   └─ Node: Start(79, 88), End(83, 92), Size(5x5), Charging Stations: 1
     │   │   ├─ Node: Start(84, 74), End(92, 83), Size(9x10), Charging Stations: 1
     │   │   └─ Node: Start(84, 84), End(92, 92), Size(9x9), Charging Stations: 2
     │   ├─ Node: Start(74, 93), End(92, 111), Size(19x19), Charging Stations: 4
     │   ├─ Node: Start(93, 74), End(111, 92), Size(19x19), Charging Stations: 7
     │   └─ Node: Start(93, 93), End(111, 111), Size(19x19), Charging Stations: 8
     │       ├─ Node: Start(92, 92), End(101, 101), Size(10x10), Charging Stations: 3
     │       ├─ Node: Start(92, 102), End(101, 111), Size(10x10), Charging Stations: 1
     │       ├─ Node: Start(102, 92), End(111, 101), Size(10x10), Charging Stations: 3
     │       └─ Node: Start(102, 102), End(111, 111), Size(10x10), Charging Stations: 1
     ├─ Node: Start(74, 112), End(111, 149), Size(38x38), Charging Stations: 27
     │   ├─ Node: Start(74, 111), End(92, 130), Size(19x20), Charging Stations: 9
     │   │   ├─ Node: Start(74, 111), End(83, 120), Size(10x10), Charging Stations: 3
     │   │   ├─ Node: Start(74, 121), End(83, 130), Size(10x10), Charging Stations: 2
     │   │   ├─ Node: Start(84, 111), End(92, 120), Size(9x10), Charging Stations: 2
     │   │   └─ Node: Start(84, 121), End(92, 130), Size(9x10), Charging Stations: 2
     │   ├─ Node: Start(74, 131), End(92, 149), Size(19x19), Charging Stations: 7
     │   ├─ Node: Start(93, 111), End(111, 130), Size(19x20), Charging Stations: 6
     │   │   ├─ Node: Start(92, 111), End(101, 120), Size(10x10), Charging Stations: 1
     │   │   ├─ Node: Start(92, 121), End(101, 130), Size(10x10), Charging Stations: 3
     │   │   ├─ Node: Start(102, 111), End(111, 120), Size(10x10), Charging Stations: 1
     │   │   └─ Node: Start(102, 121), End(111, 130), Size(10x10), Charging Stations: 2
     │   └─ Node: Start(93, 131), End(111, 149), Size(19x19), Charging Stations: 4
     ├─ Node: Start(112, 74), End(149, 111), Size(38x38), Charging Stations: 24
     │   ├─ Node: Start(111, 74), End(130, 92), Size(20x19), Charging Stations: 7
     │   │   ├─ Node: Start(111, 74), End(120, 83), Size(10x10), Charging Stations: 1
     │   │   ├─ Node: Start(111, 84), End(120, 92), Size(10x9), Charging Stations: 2
     │   │   ├─ Node: Start(121, 74), End(130, 83), Size(10x10), Charging Stations: 1
     │   │   └─ Node: Start(121, 84), End(130, 92), Size(10x9), Charging Stations: 2
     │   ├─ Node: Start(111, 93), End(130, 111), Size(20x19), Charging Stations: 5
     │   ├─ Node: Start(131, 74), End(149, 92), Size(19x19), Charging Stations: 5
     │   └─ Node: Start(131, 93), End(149, 111), Size(19x19), Charging Stations: 8
     └─ Node: Start(112, 112), End(149, 149), Size(38x38), Charging Stations: 23
         ├─ Node: Start(111, 111), End(130, 130), Size(20x20), Charging Stations: 6
         ├─ Node: Start(111, 131), End(130, 149), Size(20x19), Charging Stations: 1
         ├─ Node: Start(131, 111), End(149, 130), Size(19x20), Charging Stations: 6
         └─ Node: Start(131, 131), End(149, 149), Size(19x19), Charging Stations: 8
             ├─ Node: Start(130, 130), End(139, 139), Size(10x10), Charging Stations: 1
             ├─ Node: Start(130, 140), End(139, 149), Size(10x10), Charging Stations: 2
             ├─ Node: Start(140, 130), End(149, 139), Size(10x10), Charging Stations: 2
             └─ Node: Start(140, 140), End(149, 149), Size(10x10), Charging Stations: 2

Environment is static. Applying global Q-learning.
The Agent Has Converged After 1343981 Episodes

Environment is static. Performing global local path planning for all leaf nodes.
Training agent in leaf node: Start(131, 111), End(149, 130)
Training agent in leaf node: Start(0, 10), End(9, 18)
Training agent in leaf node: Start(18, 111), End(27, 120)
Training agent in leaf node: Start(28, 111), End(37, 120)
Training agent in leaf node: Start(93, 0), End(111, 18)
Training agent in leaf node: Start(74, 83), End(78, 87)
Training agent in leaf node: Start(56, 19), End(74, 37)
Training agent in leaf node: Start(18, 10), End(27, 18)
Training agent in leaf node: Start(55, 111), End(64, 120)
Training agent in leaf node: Start(47, 55), End(55, 64)
Training agent in leaf node: Start(92, 28), End(101, 37)
Training agent in leaf node: Start(74, 88), End(78, 92)
Training agent in leaf node: Start(65, 140), End(74, 149)
Training agent in leaf node: Start(55, 92), End(64, 101)
Training agent in leaf node: Start(10, 10), End(18, 18)
Training agent in leaf node: Start(0, 56), End(18, 74)
Training agent in leaf node: Start(10, 28), End(18, 37)
Training agent in leaf node: Start(79, 83), End(83, 87)
Training agent in leaf node: Start(93, 74), End(111, 92)
Training agent in leaf node: Start(37, 93), End(55, 111)
Training agent in leaf node: Start(74, 111), End(83, 120)
Training agent in leaf node: Start(55, 121), End(64, 130)
Training agent in leaf node: Start(0, 84), End(9, 92)
Training agent in leaf node: Start(37, 55), End(46, 64)
Training agent in leaf node: Start(10, 74), End(18, 83)
Training agent in leaf node: Start(37, 131), End(55, 149)
Training agent in leaf node: Start(0, 37), End(18, 55)
Training agent in leaf node: Start(0, 93), End(18, 111)
Training agent in leaf node: Start(28, 121), End(37, 130)
Training agent in leaf node: Start(92, 18), End(101, 27)
Training agent in leaf node: Start(102, 102), End(111, 111)
Training agent in leaf node: Start(74, 37), End(83, 46)
Training agent in leaf node: Start(37, 74), End(46, 83)
Training agent in leaf node: Start(Training agent in leaf node: Start(28, 1810), End(37, 18)
Training agent in leaf node: Start(37, 84), End(46, 92)
Training agent in leaf node: Start(19, 93), End(37, 111)
Training agent in leaf node: Start(37, 37), End(55, 55)
Training agent in leaf node: Start(65, 130), End(74, 139)
, 0), End(27, 9)
Training agent in leaf node: Start(74, 28), End(83, 37)
Training agent in leaf node: Start(10, 84), End(18, 92)
Training agent in leaf node: Start(37, 65), End(46, 74)
Training agent in leaf node: Start(37, 121), End(46, 130)
Training agent in leaf node: Start(55, 130), End(59, 134)
Training agent in leaf node: Start(84, 84), End(92, 92)
Training agent in leaf node: Start(140, 0), End(149, 9)
Training agent in leaf node: Start(28, 37), End(37, 46)
Training agent in leaf node: Start(131, 56), End(149, 74)
Training agent in leaf node: Start(111, 56), End(130, 74)
Training agent in leaf node: Start(18, 121), End(27, 130)
Training agent in leaf node: Start(18, 47), End(27, 55)
Training agent in leaf node: Start(28, 0), End(37, 9)
Training agent in leaf node: Start(84, 28), End(92, 37)
Training agent in leaf node: Start(19, 19), End(37, 37)
Training agent in leaf node: Start(130, 140), End(139, 149)
Training agent in leaf node: Start(37, 111), End(46, 120)
Training agent in leaf node: Start(19, 74), End(37, 92)
Training agent in leaf node: Start(74, 0), End(92, 18)
Training agent in leaf node: Start(55, 84), End(64, 92)
Training agent in leaf node: Start(74, 74), End(83, 83)
Training agent in leaf node: Start(121, 10), End(130, 18)
Training agent in leaf node: Start(55, 74), End(64, 83)
Training agent in leaf node: Start(84, 74), End(92, 83)
Training agent in leaf node: Start(92, 92), End(101, 101)
Training agent in leaf node: Start(65, 102), End(74, 111)
Training agent in leaf node: Start(111, 47), End(120, 55)
Training agent in leaf node: Start(47, 111), End(55, 120)
Training agent in leaf node: Start(55, 140), End(64, 149)
Training agent in leaf node: Start(130, 10), End(139, 18)
Training agent in leaf node: Start(65, 84), End(74, 92)
Training agent in leaf node: Start(0, 131), End(18, 149)
Training agent in leaf node: Start(0, 111), End(18, 130)
Training agent in leaf node: Start(111, 0), End(120, 9)
Training agent in leaf node: Start(102, 18), End(111, 27)
Training agent in leaf node: Start(0, 28), End(9, 37)
Training agent in leaf node: Start(111, 19), End(130, 37)
Training agent in leaf node: Start(0, 0), End(9, 9)
Training agent in leaf node: Start(47, 28), End(55, 37)
Training agent in leaf node: Start(19, 56), End(37, 74)
Training agent in leaf node: Start(18, 37), End(27, 46)
Training agent in leaf node: Start(47, 18), End(55, 27)
Training agent in leaf node: Start(74, 121), End(83, 130)
Training agent in leaf node: Start(74, 131), End(92, 149)
Training agent in leaf node: Start(74, 18), End(83, 27)
Training agent in leaf node: Start(102, 111), End(111, 120)
Training agent in leaf node: Start(56, 56), End(74, 74)
Training agent in leaf node: Start(28, 47), End(37, 55)
Training agent in leaf node: Start(0, 74), End(9, 83)
Training agent in leaf node: Start(65, 92), End(74, 101)
Training agent in leaf node: Start(79, 88), End(83, 92)
Training agent in leaf node: Start(111, 74), End(120, 83)
Training agent in leaf node: Start(Training agent in leaf node: Start(74, 65), End(83, 74)
131, 93), End(149, 111)
Training agent in leaf node: Start(19, 131), End(37, 149)
Training agent in leaf node: Start(84, 121), End(92, 130)
Training agent in leaf node: Start(47, 121), End(55, 130)
Training agent in leaf node: Start(131, 74), End(149, 92)
Training agent in leaf node: Start(65, 111), End(74, 120)
Training agent in leaf node: Start(10, 0), End(18, 9)
Training agent in leaf node: Start(65, 74), End(74, 83)
Training agent in leaf node: Start(0, 18), End(9, 27)
Training agent in leaf node: Start(140, 130), End(149, 139)
Training agent in leaf node: Start(121, 74), End(130, 83)
Training agent in leaf node: Start(37, 0), End(55, 18)
Training agent in leaf node: Start(130, Training agent in leaf node: Start(131, 37), End(149, 55)
Training agent in leaf node: Start(84, 65), End(92, 74)
Training agent in leaf node: Start(74, 55), End(83, 64)
Training agent in leaf node: Start(47, 84), End(55, 92)
Training agent in leaf node: Start(60, 135), End(64, 139)
Training agent in leaf node: Start(121, 47), End(130, 55)
0), End(139, 9)
Training agent in leaf node: Start(93, 37), End(111, 55)
Training agent in leaf node: Start(111, 84), End(120, 92)
Training agent in leaf node: Start(84, 47), End(92, 55)
Training agent in leaf node: Start(60, 130), End(64, 134)
Training agent in leaf node: Start(84, 18), End(92, 27)
Training agent in leaf node: Start(37, 18), End(46, 27)
Training agent in leaf node: Start(56, 37), End(74, 55)
Training agent in leaf node: Start(65, 121), End(74, 130)
Training agent in leaf node: Start(74, 93), End(92, 111)
Training agent in leaf node: Start(111, 111), End(130, 130)
Training agent in leaf node: Start(93, 56), End(111, 74)
Training agent in leaf node: Start(121, 37), End(130, 46)
Training agent in leaf node: Start(131, 19), End(149, 37)
Training agent in leaf node: Start(10, 18), End(18, 27)
Training agent in leaf node: Start(92, 111), End(101, 120)
Training agent in leaf node: Start(111, 37), End(120, 46)
Training agent in leaf node: Start(55, 135), End(59, 139)
Training agent in leaf node: Start(37, 28), End(46, 37)
Training agent in leaf node: Start(140, 140), End(149, 149)
Training agent in leaf node: Start(92, 121), End(101, 130)
Training agent in leaf node: Start(74, 47), End(83, 55)
Training agent in leaf node: Start(111, 131), End(130, 149)
Training agent in leaf node: Start(130, 130), End(139, 139)
Training agent in leaf node: Start(102, 121), End(111, 130)
Training agent in leaf node: Start(84, 55), End(92, 64)
Training agent in leaf node: Start(111, 10), End(120, 18)
Training agent in leaf node: Start(121, 84), End(130, 92)
Training agent in leaf node: Start(56, 0), End(74, 18)
Training agent in leaf node: Start(102, 28), End(111, 37)
Training agent in leaf node: Start(102, 92), End(111, 101)
Training agent in leaf node: Start(121, 0), End(130, 9)
Training agent in leaf node: Start(55, 102), End(64, 111)
Training agent in leaf node: Start(140, 10), End(149, 18)
Training agent in leaf node: Start(47, 65), End(55, 74)
Training agent in leaf node: Start(111, 93), End(130, 111)
Training agent in leaf node: Start(92, 102), End(101, 111)
Training agent in leaf node: Start(84, 111), End(92, 120)
Training agent in leaf node: Start(93, 131), End(111, 149)
Training agent in leaf node: Start(47, 74), End(55, 83)
Training agent in leaf node: Start(84, 37), End(92, 46)
The Agent Has Converged After 5081 Episodes
The Agent Has Converged After 5721 Episodes
The Agent Has Converged After 5721 Episodes
The Agent Has Converged After 7801 Episodes
The Agent Has Converged After 7371 Episodes
The Agent Has Converged After 7071 Episodes
The Agent Has Converged After 6501 Episodes
The Agent Has Converged After 6551 Episodes
The Agent Has Converged After 8181 Episodes
The Agent Has Converged After 6741 Episodes
The Agent Has Converged After 8361 Episodes
The Agent Has Converged After 8541 Episodes
The Agent Has Converged After 8351 Episodes
The Agent Has Converged After 8021 Episodes
The Agent Has Converged After 8411 Episodes
The Agent Has Converged After 8391 Episodes
The Agent Has Converged After 8351 Episodes
The Agent Has Converged After 8321 Episodes
The Agent Has Converged After 9141 Episodes
The Agent Has Converged After 10201 Episodes
The Agent Has Converged After 9171 Episodes
The Agent Has Converged After 8541 Episodes
The Agent Has Converged After 8801 Episodes
The Agent Has Converged After 9921 Episodes
The Agent Has Converged After 12551 Episodes
The Agent Has Converged After 10021 Episodes
The Agent Has Converged After 9721 Episodes
The Agent Has Converged After 12371 Episodes
The Agent Has Converged After 9101 Episodes
The Agent Has Converged After 9091 Episodes
The Agent Has Converged After 9591 Episodes
The Agent Has Converged After 11591 Episodes
The Agent Has Converged After 9071 Episodes
The Agent Has Converged After 10051 Episodes
The Agent Has Converged After 11131 Episodes
The Agent Has Converged After 11441 Episodes
The Agent Has Converged After 9511 Episodes
The Agent Has Converged After 10951 Episodes
The Agent Has Converged After 10671 Episodes
The Agent Has Converged After 11041 Episodes
The Agent Has Converged After 10731 Episodes
The Agent Has Converged After 11141 Episodes
The Agent Has Converged After 12321 Episodes
The Agent Has Converged After 9651 Episodes
The Agent Has Converged After 12331 Episodes
The Agent Has Converged After 12941 Episodes
The Agent Has Converged After 10501 Episodes
The Agent Has Converged After 11641 Episodes
The Agent Has Converged After 10341 Episodes
The Agent Has Converged After 12731 Episodes
The Agent Has Converged After 11061 Episodes
The Agent Has Converged After 10751 Episodes
The Agent Has Converged After 11651 Episodes
The Agent Has Converged After 13031 Episodes
The Agent Has Converged After 10931 Episodes
The Agent Has Converged After 11701 Episodes
The Agent Has Converged After 10861 Episodes
The Agent Has Converged After 13001 Episodes
The Agent Has Converged After 11601 Episodes
The Agent Has Converged After 12221 Episodes
The Agent Has Converged After 12881 Episodes
The Agent Has Converged After 11711 Episodes
The Agent Has Converged After 12571 Episodes
The Agent Has Converged After 12611 Episodes
The Agent Has Converged After 11581 Episodes
The Agent Has Converged After 11871 Episodes
The Agent Has Converged After 12191 Episodes
The Agent Has Converged After 11961 Episodes
The Agent Has Converged After 11951 Episodes
The Agent Has Converged After 12571 Episodes
The Agent Has Converged After 14001 Episodes
The Agent Has Converged After 14371 Episodes
The Agent Has Converged After 12911 Episodes
The Agent Has Converged After 11801 Episodes
The Agent Has Converged After 13141 Episodes
The Agent Has Converged After 12171 Episodes
The Agent Has Converged After 13091 Episodes
The Agent Has Converged After 11811 Episodes
The Agent Has Converged After 12761 Episodes
The Agent Has Converged After 13051 Episodes
The Agent Has Converged After 12461 Episodes
The Agent Has Converged After 14481 Episodes
The Agent Has Converged After 13431 Episodes
The Agent Has Converged After 13491 Episodes
The Agent Has Converged After 13261 Episodes
The Agent Has Converged After 14471 Episodes
The Agent Has Converged After 13041 Episodes
The Agent Has Converged After 14181 Episodes
The Agent Has Converged After 16061 Episodes
The Agent Has Converged After 14541 Episodes
The Agent Has Converged After 14811 Episodes
The Agent Has Converged After 13941 Episodes
The Agent Has Converged After 14421 Episodes
The Agent Has Converged After 15671 Episodes
The Agent Has Converged After 15501 Episodes
The Agent Has Converged After 15221 Episodes
The Agent Has Converged After 14501 Episodes
The Agent Has Converged After 12741 Episodes
The Agent Has Converged After 14781 Episodes
The Agent Has Converged After 15251 Episodes
The Agent Has Converged After 14521 Episodes
The Agent Has Converged After 16671 Episodes
The Agent Has Converged After 14291 Episodes
The Agent Has Converged After 16801 Episodes
The Agent Has Converged After 13561 Episodes
The Agent Has Converged After 16331 Episodes
The Agent Has Converged After 15581 Episodes
The Agent Has Converged After 13791 Episodes
The Agent Has Converged After 16001 Episodes
The Agent Has Converged After 17071 Episodes
The Agent Has Converged After 16921 Episodes
The Agent Has Converged After 17421 Episodes
The Agent Has Converged After 16351 Episodes
The Agent Has Converged After 17641 Episodes
The Agent Has Converged After 23501 Episodes
The Agent Has Converged After 24551 Episodes
The Agent Has Converged After 22641 Episodes
The Agent Has Converged After 23241 Episodes
The Agent Has Converged After 25731 Episodes
The Agent Has Converged After 25351 Episodes
The Agent Has Converged After 26151 Episodes
The Agent Has Converged After 25941 Episodes
The Agent Has Converged After 27001 Episodes
The Agent Has Converged After 23421 Episodes
The Agent Has Converged After 27931 Episodes
The Agent Has Converged After 26321 Episodes
The Agent Has Converged After 26461 Episodes
The Agent Has Converged After 26031 Episodes
The Agent Has Converged After 25001 Episodes
The Agent Has Converged After 28631 Episodes
The Agent Has Converged After 26371 Episodes
The Agent Has Converged After 27611 Episodes
The Agent Has Converged After 28881 Episodes
The Agent Has Converged After 27211 Episodes
The Agent Has Converged After 28661 Episodes
The Agent Has Converged After 27131 Episodes
The Agent Has Converged After 26531 Episodes
The Agent Has Converged After 26001 Episodes
The Agent Has Converged After 24471 Episodes
The Agent Has Converged After 29231 Episodes
The Agent Has Converged After 25931 Episodes
The Agent Has Converged After 27801 Episodes
The Agent Has Converged After 28571 Episodes
The Agent Has Converged After 29301 Episodes
The Agent Has Converged After 28751 Episodes
The Agent Has Converged After 29561 Episodes
The Agent Has Converged After 29721 Episodes
The Agent Has Converged After 32361 Episodes
The Agent Has Converged After 29231 Episodes
The Agent Has Converged After 30431 Episodes
The Agent Has Converged After 29381 Episodes

Environment changed. Applying local Q-learning.
The Agent Has Converged After 26541 Episodes

Environment changed. Performing local path planning for affected leaf nodes.
Training agent in leaf node: Start(93, 0), End(111, 18)
The Agent Has Converged After 22601 Episodes

Maze Size: 150x150

--- MasMat Results ---
Static Training Time   : 633.752s
Dynamic Training Time  : 5.43224s
Average Planning Time  : 6.49503e-06s
Success Rate           : 100%
Average Path Length    : 2.19 steps

--- Local Path Planning Results ---
Static Training Time   : 86.5186s
Dynamic Training Time  : 4.69073s
Average Planning Time  : 4.78697e-06s
Success Rate           : 100%
Average Path Length    : 2.21 steps

		=== The Maze: 0 means obstacle, 1 means free space, 2 means charging station ===

Maze Sub-environment Tree:

Node: Start(0, 0), End(149, 149), Size(150x150), Charging Stations: 456
 ├─ Node: Start(0, 0), End(74, 74), Size(75x75), Charging Stations: 119
 │   ├─ Node: Start(0, 0), End(37, 37), Size(38x38), Charging Stations: 32
 │   │   ├─ Node: Start(0, 0), End(18, 18), Size(19x19), Charging Stations: 9
 │   │   │   ├─ Node: Start(0, 0), End(9, 9), Size(10x10), Charging Stations: 1
 │   │   │   ├─ Node: Start(0, 10), End(9, 18), Size(10x9), Charging Stations: 4
 │   │   │   ├─ Node: Start(10, 0), End(18, 9), Size(9x10), Charging Stations: 2
 │   │   │   └─ Node: Start(10, 10), End(18, 18), Size(9x9), Charging Stations: 2
 │   │   ├─ Node: Start(0, 19), End(18, 37), Size(19x19), Charging Stations: 6
 │   │   │   ├─ Node: Start(0, 18), End(9, 27), Size(10x10), Charging Stations: 1
 │   │   │   ├─ Node: Start(0, 28), End(9, 37), Size(10x10), Charging Stations: 1
 │   │   │   ├─ Node: Start(10, 18), End(18, 27), Size(9x10), Charging Stations: 2
 │   │   │   └─ Node: Start(10, 28), End(18, 37), Size(9x10), Charging Stations: 2
 │   │   ├─ Node: Start(19, 0), End(37, 18), Size(19x19), Charging Stations: 9
 │   │   │   ├─ Node: Start(18, 0), End(27, 9), Size(10x10), Charging Stations: 3
 │   │   │   ├─ Node: Start(18, 10), End(27, 18), Size(10x9), Charging Stations: 2
 │   │   │   ├─ Node: Start(28, 0), End(37, 9), Size(10x10), Charging Stations: 3
 │   │   │   └─ Node: Start(28, 10), End(37, 18), Size(10x9), Charging Stations: 1
 │   │   └─ Node: Start(19, 19), End(37, 37), Size(19x19), Charging Stations: 6
 │   ├─ Node: Start(0, 38), End(37, 74), Size(38x37), Charging Stations: 24
 │   │   ├─ Node: Start(0, 37), End(18, 55), Size(19x19), Charging Stations: 7
 │   │   ├─ Node: Start(0, 56), End(18, 74), Size(19x19), Charging Stations: 6
 │   │   ├─ Node: Start(19, 37), End(37, 55), Size(19x19), Charging Stations: 6
 │   │   │   ├─ Node: Start(18, 37), End(27, 46), Size(10x10), Charging Stations: 1
 │   │   │   ├─ Node: Start(18, 47), End(27, 55), Size(10x9), Charging Stations: 2
 │   │   │   ├─ Node: Start(28, 37), End(37, 46), Size(10x10), Charging Stations: 1
 │   │   │   └─ Node: Start(28, 47), End(37, 55), Size(10x9), Charging Stations: 1
 │   │   └─ Node: Start(19, 56), End(37, 74), Size(19x19), Charging Stations: 5
 │   ├─ Node: Start(38, 0), End(74, 37), Size(37x38), Charging Stations: 28
 │   │   ├─ Node: Start(37, 0), End(55, 18), Size(19x19), Charging Stations: 4
 │   │   ├─ Node: Start(37, 19), End(55, 37), Size(19x19), Charging Stations: 10
 │   │   │   ├─ Node: Start(37, 18), End(46, 27), Size(10x10), Charging Stations: 1
 │   │   │   ├─ Node: Start(37, 28), End(46, 37), Size(10x10), Charging Stations: 4
 │   │   │   ├─ Node: Start(47, 18), End(55, 27), Size(9x10), Charging Stations: 3
 │   │   │   └─ Node: Start(47, 28), End(55, 37), Size(9x10), Charging Stations: 3
 │   │   ├─ Node: Start(56, 0), End(74, 18), Size(19x19), Charging Stations: 7
 │   │   └─ Node: Start(56, 19), End(74, 37), Size(19x19), Charging Stations: 4
 │   └─ Node: Start(38, 38), End(74, 74), Size(37x37), Charging Stations: 30
 │       ├─ Node: Start(37, 37), End(55, 55), Size(19x19), Charging Stations: 8
 │       ├─ Node: Start(37, 56), End(55, 74), Size(19x19), Charging Stations: 9
 │       │   ├─ Node: Start(37, 55), End(46, 64), Size(10x10), Charging Stations: 2
 │       │   ├─ Node: Start(37, 65), End(46, 74), Size(10x10), Charging Stations: 3
 │       │   ├─ Node: Start(47, 55), End(55, 64), Size(9x10), Charging Stations: 2
 │       │   └─ Node: Start(47, 65), End(55, 74), Size(9x10), Charging Stations: 3
 │       ├─ Node: Start(56, 37), End(74, 55), Size(19x19), Charging Stations: 8
 │       └─ Node: Start(56, 56), End(74, 74), Size(19x19), Charging Stations: 5
 ├─ Node: Start(0, 75), End(74, 149), Size(75x75), Charging Stations: 123
 │   ├─ Node: Start(0, 74), End(37, 111), Size(38x38), Charging Stations: 27
 │   │   ├─ Node: Start(0, 74), End(18, 92), Size(19x19), Charging Stations: 13
 │   │   │   ├─ Node: Start(0, 74), End(9, 83), Size(10x10), Charging Stations: 3
 │   │   │   ├─ Node: Start(0, 84), End(9, 92), Size(10x9), Charging Stations: 1
 │   │   │   ├─ Node: Start(10, 74), End(18, 83), Size(9x10), Charging Stations: 2
 │   │   │   └─ Node: Start(10, 84), End(18, 92), Size(9x9), Charging Stations: 7
 │   │   ├─ Node: Start(0, 93), End(18, 111), Size(19x19), Charging Stations: 6
 │   │   ├─ Node: Start(19, 74), End(37, 92), Size(19x19), Charging Stations: 6
 │   │   └─ Node: Start(19, 93), End(37, 111), Size(19x19), Charging Stations: 2
 │   ├─ Node: Start(0, 112), End(37, 149), Size(38x38), Charging Stations: 32
 │   │   ├─ Node: Start(0, 111), End(18, 130), Size(19x20), Charging Stations: 7
 │   │   ├─ Node: Start(0, 131), End(18, 149), Size(19x19), Charging Stations: 4
 │   │   ├─ Node: Start(19, 111), End(37, 130), Size(19x20), Charging Stations: 12
 │   │   │   ├─ Node: Start(18, 111), End(27, 120), Size(10x10), Charging Stations: 3
 │   │   │   ├─ Node: Start(18, 121), End(27, 130), Size(10x10), Charging Stations: 2
 │   │   │   ├─ Node: Start(28, 111), End(37, 120), Size(10x10), Charging Stations: 3
 │   │   │   └─ Node: Start(28, 121), End(37, 130), Size(10x10), Charging Stations: 3
 │   │   └─ Node: Start(19, 131), End(37, 149), Size(19x19), Charging Stations: 9
 │   ├─ Node: Start(38, 74), End(74, 111), Size(37x38), Charging Stations: 27
 │   │   ├─ Node: Start(37, 74), End(55, 92), Size(19x19), Charging Stations: 4
 │   │   │   ├─ Node: Start(37, 74), End(46, 83), Size(10x10), Charging Stations: 1
 │   │   │   ├─ Node: Start(37, 84), End(46, 92), Size(10x9), Charging Stations: 1
 │   │   │   ├─ Node: Start(47, 74), End(55, 83), Size(9x10), Charging Stations: 1
 │   │   │   └─ Node: Start(47, 84), End(55, 92), Size(9x9), Charging Stations: 1
 │   │   ├─ Node: Start(37, 93), End(55, 111), Size(19x19), Charging Stations: 6
 │   │   ├─ Node: Start(56, 74), End(74, 92), Size(19x19), Charging Stations: 6
 │   │   │   ├─ Node: Start(55, 74), End(64, 83), Size(10x10), Charging Stations: 1
 │   │   │   ├─ Node: Start(55, 84), End(64, 92), Size(10x9), Charging Stations: 1
 │   │   │   ├─ Node: Start(65, 74), End(74, 83), Size(10x10), Charging Stations: 1
 │   │   │   └─ Node: Start(65, 84), End(74, 92), Size(10x9), Charging Stations: 2
 │   │   └─ Node: Start(56, 93), End(74, 111), Size(19x19), Charging Stations: 11
 │   │       ├─ Node: Start(55, 92), End(64, 101), Size(10x10), Charging Stations: 2
 │   │       ├─ Node: Start(55, 102), End(64, 111), Size(10x10), Charging Stations: 3
 │   │       ├─ Node: Start(65, 92), End(74, 101), Size(10x10), Charging Stations: 1
 │   │       └─ Node: Start(65, 102), End(74, 111), Size(10x10), Charging Stations: 4
 │   └─ Node: Start(38, 112), End(74, 149), Size(37x38), Charging Stations: 35
 │       ├─ Node: Start(37, 111), End(55, 130), Size(19x20), Charging Stations: 8
 │       │   ├─ Node: Start(37, 111), End(46, 120), Size(10x10), Charging Stations: 1
 │       │   ├─ Node: Start(37, 121), End(46, 130), Size(10x10), Charging Stations: 3
 │       │   ├─ Node: Start(47, 111), End(55, 120), Size(9x10), Charging Stations: 2
 │       │   └─ Node: Start(47, 121), End(55, 130), Size(9x10), Charging Stations: 1
 │       ├─ Node: Start(37, 131), End(55, 149), Size(19x19), Charging Stations: 6
 │       ├─ Node: Start(56, 111), End(74, 130), Size(19x20), Charging Stations: 10
 │       │   ├─ Node: Start(55, 111), End(64, 120), Size(10x10), Charging Stations: 3
 │       │   ├─ Node: Start(55, 121), End(64, 130), Size(10x10), Charging Stations: 2
 │       │   ├─ Node: Start(65, 111), End(74, 120), Size(10x10), Charging Stations: 1
 │       │   └─ Node: Start(65, 121), End(74, 130), Size(10x10), Charging Stations: 3
 │       └─ Node: Start(56, 131), End(74, 149), Size(19x19), Charging Stations: 12
 │           ├─ Node: Start(55, 130), End(64, 139), Size(10x10), Charging Stations: 6
 │           │   ├─ Node: Start(55, 130), End(59, 134), Size(5x5), Charging Stations: 1
 │           │   ├─ Node: Start(55, 135), End(59, 139), Size(5x5), Charging Stations: 1
 │           │   ├─ Node: Start(60, 130), End(64, 134), Size(5x5), Charging Stations: 3
 │           │   └─ Node: Start(60, 135), End(64, 139), Size(5x5), Charging Stations: 1
 │           ├─ Node: Start(55, 140), End(64, 149), Size(10x10), Charging Stations: 2
 │           ├─ Node: Start(65, 130), End(74, 139), Size(10x10), Charging Stations: 3
 │           └─ Node: Start(65, 140), End(74, 149), Size(10x10), Charging Stations: 2
 ├─ Node: Start(75, 0), End(149, 74), Size(75x75), Charging Stations: 105
 │   ├─ Node: Start(74, 0), End(111, 37), Size(38x38), Charging Stations: 24
 │   │   ├─ Node: Start(74, 0), End(92, 18), Size(19x19), Charging Stations: 5
 │   │   ├─ Node: Start(74, 19), End(92, 37), Size(19x19), Charging Stations: 5
 │   │   │   ├─ Node: Start(74, 18), End(83, 27), Size(10x10), Charging Stations: 1
 │   │   │   ├─ Node: Start(74, 28), End(83, 37), Size(10x10), Charging Stations: 1
 │   │   │   ├─ Node: Start(84, 18), End(92, 27), Size(9x10), Charging Stations: 1
 │   │   │   └─ Node: Start(84, 28), End(92, 37), Size(9x10), Charging Stations: 2
 │   │   ├─ Node: Start(93, 0), End(111, 18), Size(19x19), Charging Stations: 6
 │   │   └─ Node: Start(93, 19), End(111, 37), Size(19x19), Charging Stations: 8
 │   │       ├─ Node: Start(92, 18), End(101, 27), Size(10x10), Charging Stations: 2
 │   │       ├─ Node: Start(92, 28), End(101, 37), Size(10x10), Charging Stations: 2
 │   │       ├─ Node: Start(102, 18), End(111, 27), Size(10x10), Charging Stations: 1
 │   │       └─ Node: Start(102, 28), End(111, 37), Size(10x10), Charging Stations: 1
 │   ├─ Node: Start(74, 38), End(111, 74), Size(38x37), Charging Stations: 30
 │   │   ├─ Node: Start(74, 37), End(92, 55), Size(19x19), Charging Stations: 11
 │   │   │   ├─ Node: Start(74, 37), End(83, 46), Size(10x10), Charging Stations: 4
 │   │   │   ├─ Node: Start(74, 47), End(83, 55), Size(10x9), Charging Stations: 2
 │   │   │   ├─ Node: Start(84, 37), End(92, 46), Size(9x10), Charging Stations: 1
 │   │   │   └─ Node: Start(84, 47), End(92, 55), Size(9x9), Charging Stations: 3
 │   │   ├─ Node: Start(74, 56), End(92, 74), Size(19x19), Charging Stations: 7
 │   │   │   ├─ Node: Start(74, 55), End(83, 64), Size(10x10), Charging Stations: 2
 │   │   │   ├─ Node: Start(74, 65), End(83, 74), Size(10x10), Charging Stations: 2
 │   │   │   ├─ Node: Start(84, 55), End(92, 64), Size(9x10), Charging Stations: 2
 │   │   │   └─ Node: Start(84, 65), End(92, 74), Size(9x10), Charging Stations: 1
 │   │   ├─ Node: Start(93, 37), End(111, 55), Size(19x19), Charging Stations: 6
 │   │   └─ Node: Start(93, 56), End(111, 74), Size(19x19), Charging Stations: 6
 │   ├─ Node: Start(112, 0), End(149, 37), Size(38x38), Charging Stations: 24
 │   │   ├─ Node: Start(111, 0), End(130, 18), Size(20x19), Charging Stations: 8
 │   │   │   ├─ Node: Start(111, 0), End(120, 9), Size(10x10), Charging Stations: 1
 │   │   │   ├─ Node: Start(111, 10), End(120, 18), Size(10x9), Charging Stations: 1
 │   │   │   ├─ Node: Start(121, 0), End(130, 9), Size(10x10), Charging Stations: 2
 │   │   │   └─ Node: Start(121, 10), End(130, 18), Size(10x9), Charging Stations: 4
 │   │   ├─ Node: Start(111, 19), End(130, 37), Size(20x19), Charging Stations: 6
 │   │   ├─ Node: Start(131, 0), End(149, 18), Size(19x19), Charging Stations: 7
 │   │   │   ├─ Node: Start(130, 0), End(139, 9), Size(10x10), Charging Stations: 1
 │   │   │   ├─ Node: Start(130, 10), End(139, 18), Size(10x9), Charging Stations: 3
 │   │   │   ├─ Node: Start(140, 0), End(149, 9), Size(10x10), Charging Stations: 1
 │   │   │   └─ Node: Start(140, 10), End(149, 18), Size(10x9), Charging Stations: 1
 │   │   └─ Node: Start(131, 19), End(149, 37), Size(19x19), Charging Stations: 1
 │   └─ Node: Start(112, 38), End(149, 74), Size(38x37), Charging Stations: 27
 │       ├─ Node: Start(111, 37), End(130, 55), Size(20x19), Charging Stations: 9
 │       │   ├─ Node: Start(111, 37), End(120, 46), Size(10x10), Charging Stations: 4
 │       │   ├─ Node: Start(111, 47), End(120, 55), Size(10x9), Charging Stations: 2
 │       │   ├─ Node: Start(121, 37), End(130, 46), Size(10x10), Charging Stations: 2
 │       │   └─ Node: Start(121, 47), End(130, 55), Size(10x9), Charging Stations: 1
 │       ├─ Node: Start(111, 56), End(130, 74), Size(20x19), Charging Stations: 8
 │       ├─ Node: Start(131, 37), End(149, 55), Size(19x19), Charging Stations: 6
 │       └─ Node: Start(131, 56), End(149, 74), Size(19x19), Charging Stations: 4
 └─ Node: Start(75, 75), End(149, 149), Size(75x75), Charging Stations: 100
     ├─ Node: Start(74, 74), End(111, 111), Size(38x38), Charging Stations: 29
     │   ├─ Node: Start(74, 74), End(92, 92), Size(19x19), Charging Stations: 9
     │   │   ├─ Node: Start(74, 74), End(83, 83), Size(10x10), Charging Stations: 2
     │   │   ├─ Node: Start(74, 84), End(83, 92), Size(10x9), Charging Stations: 3
     │   │   │   ├─ Node: Start(74, 83), End(78, 87), Size(5x5), Charging Stations: 1
     │   │   │   ├─ Node: Start(74, 88), End(78, 92), Size(5x5), Charging Stations: 1
     │   │   │   ├─ Node: Start(79, 83), End(83, 87), Size(5x5), Charging Stations: 1
     │   │   │   └─ Node: Start(79, 88), End(83, 92), Size(5x5), Charging Stations: 1
     │   │   ├─ Node: Start(84, 74), End(92, 83), Size(9x10), Charging Stations: 1
     │   │   └─ Node: Start(84, 84), End(92, 92), Size(9x9), Charging Stations: 2
     │   ├─ Node: Start(74, 93), End(92, 111), Size(19x19), Charging Stations: 4
     │   ├─ Node: Start(93, 74), End(111, 92), Size(19x19), Charging Stations: 7
     │   └─ Node: Start(93, 93), End(111, 111), Size(19x19), Charging Stations: 8
     │       ├─ Node: Start(92, 92), End(101, 101), Size(10x10), Charging Stations: 3
     │       ├─ Node: Start(92, 102), End(101, 111), Size(10x10), Charging Stations: 1
     │       ├─ Node: Start(102, 92), End(111, 101), Size(10x10), Charging Stations: 3
     │       └─ Node: Start(102, 102), End(111, 111), Size(10x10), Charging Stations: 1
     ├─ Node: Start(74, 112), End(111, 149), Size(38x38), Charging Stations: 27
     │   ├─ Node: Start(74, 111), End(92, 130), Size(19x20), Charging Stations: 9
     │   │   ├─ Node: Start(74, 111), End(83, 120), Size(10x10), Charging Stations: 3
     │   │   ├─ Node: Start(74, 121), End(83, 130), Size(10x10), Charging Stations: 2
     │   │   ├─ Node: Start(84, 111), End(92, 120), Size(9x10), Charging Stations: 2
     │   │   └─ Node: Start(84, 121), End(92, 130), Size(9x10), Charging Stations: 2
     │   ├─ Node: Start(74, 131), End(92, 149), Size(19x19), Charging Stations: 7
     │   ├─ Node: Start(93, 111), End(111, 130), Size(19x20), Charging Stations: 6
     │   │   ├─ Node: Start(92, 111), End(101, 120), Size(10x10), Charging Stations: 1
     │   │   ├─ Node: Start(92, 121), End(101, 130), Size(10x10), Charging Stations: 3
     │   │   ├─ Node: Start(102, 111), End(111, 120), Size(10x10), Charging Stations: 1
     │   │   └─ Node: Start(102, 121), End(111, 130), Size(10x10), Charging Stations: 2
     │   └─ Node: Start(93, 131), End(111, 149), Size(19x19), Charging Stations: 4
     ├─ Node: Start(112, 74), End(149, 111), Size(38x38), Charging Stations: 24
     │   ├─ Node: Start(111, 74), End(130, 92), Size(20x19), Charging Stations: 7
     │   │   ├─ Node: Start(111, 74), End(120, 83), Size(10x10), Charging Stations: 1
     │   │   ├─ Node: Start(111, 84), End(120, 92), Size(10x9), Charging Stations: 2
     │   │   ├─ Node: Start(121, 74), End(130, 83), Size(10x10), Charging Stations: 1
     │   │   └─ Node: Start(121, 84), End(130, 92), Size(10x9), Charging Stations: 2
     │   ├─ Node: Start(111, 93), End(130, 111), Size(20x19), Charging Stations: 5
     │   ├─ Node: Start(131, 74), End(149, 92), Size(19x19), Charging Stations: 5
     │   └─ Node: Start(131, 93), End(149, 111), Size(19x19), Charging Stations: 8
     └─ Node: Start(112, 112), End(149, 149), Size(38x38), Charging Stations: 23
         ├─ Node: Start(111, 111), End(130, 130), Size(20x20), Charging Stations: 6
         ├─ Node: Start(111, 131), End(130, 149), Size(20x19), Charging Stations: 1
         ├─ Node: Start(131, 111), End(149, 130), Size(19x20), Charging Stations: 6
         └─ Node: Start(131, 131), End(149, 149), Size(19x19), Charging Stations: 8
             ├─ Node: Start(130, 130), End(139, 139), Size(10x10), Charging Stations: 1
             ├─ Node: Start(130, 140), End(139, 149), Size(10x10), Charging Stations: 2
             ├─ Node: Start(140, 130), End(149, 139), Size(10x10), Charging Stations: 2
             └─ Node: Start(140, 140), End(149, 149), Size(10x10), Charging Stations: 2

Environment is static. Applying global Q-learning.
The Agent Has Converged After 1343981 Episodes

Environment is static. Performing global local path planning for all leaf nodes.
Training agent in leaf node: Start(0, 10), End(9, 18)
Training agent in leaf node: Start(56, 19), End(74, 37)
Training agent in leaf node: Start(10, 10), End(18, 18)
Training agent in leaf node: Start(37, 18), End(46, 27)
Training agent in leaf node: Start(47, 65), End(55, 74)
Training agent in leaf node: Start(18, 0), End(27, 9)
Training agent in leaf node: Start(28, 0), End(37, 9)
Training agent in leaf node: Start(92, 28), End(101, 37)
Training agent in leaf node: Start(18, 47), End(27, 55)
Training agent in leaf node: Start(0, 56), End(18, 74)
Training agent in leaf node: Start(65, 92), End(74, 101)
Training agent in leaf node: Start(74, 37), End(83, 46)
Training agent in leaf node: Start(0, 111), End(18, 130)
Training agent in leaf node: Start(84, 28), End(92, 37)
Training agent in leaf node: Start(0, 74), End(9, 83)
Training agent in leaf node: Start(140, 140), End(149, 149)
Training agent in leaf node: Start(65, 74), End(74, 83)
Training agent in leaf node: Start(0, 18), End(9, 27)
Training agent in leaf node: Start(55, 102), End(64, 111)
Training agent in leaf node: Start(55, 121), End(64, 130)
Training agent in leaf node: Start(0, 84), End(9, 92)
Training agent in leaf node: Start(19, 74), End(37, 92)
Training agent in leaf node: Start(65, 111), End(74, 120)
Training agent in leaf node: Start(0, 37), End(18, 55)
Training agent in leaf node: Start(55, 140), End(64, 149)
Training agent in leaf node: Start(55, 111), End(64, 120)
Training agent in leaf node: Start(28, 10), End(37, 18)
Training agent in leaf node: Start(18, 121), End(27, 130)
Training agent in leaf node: Start(37, 0), End(55, 18)
Training agent in leaf node: Start(10, 0), End(18, 9)
Training agent in leaf node: Start(28, 111), End(37, 120)
Training agent in leaf node: Start(74, 28), End(83, 37)
Training agent in leaf node: Start(37, 93), End(55, 111)
Training agent in leaf node: Start(47, 121), End(55, 130)
Training agent in leaf node: Start(37, 37), End(55, 55)
Training agent in leaf node: Start(28, 47), End(37, 55)
Training agent in leaf node: Start(19, 131), End(37, 149)
Training agent in leaf node: Start(19, 93), End(37, 111)
Training agent in leaf node: Start(93, 37), End(111, 55)
Training agent in leaf node: Start(111, 111), End(130, 130)
Training agent in leaf node: Start(131, 74), End(149, 92)
Training agent in leaf node: Start(84, 74), End(92, 83)
Training agent in leaf node: Start(121, 84), End(130, 92)
Training agent in leaf node: Start(121, 37), End(130, 46)
Training agent in leaf node: Start(84, 111), End(92, 120)
Training agent in leaf node: Start(74, 88), End(78, 92)
Training agent in leaf node: Start(37, 74), End(46, 83)
Training agent in leaf node: Start(92, 121), End(101, 130)
Training agent in leaf node: Start(10, 74), End(18, 83)
Training agent in leaf node: Start(131, 93), End(149, 111)
Training agent in leaf node: Start(56, 0), End(74, 18)
Training agent in leaf node: Start(84, 84), End(92, 92)
Training agent in leaf node: Start(111, 0), End(120, 9)
Training agent in leaf node: Start(74, 18), End(83, 27)
Training agent in leaf node: Start(55, 92), End(64, 101)
Training agent in leaf node: Start(74, 93), End(92, 111)
Training agent in leaf node: Start(121, 0), End(130, 9)
Training agent in leaf node: Start(37, 121), End(46, 130)
Training agent in leaf node: Start(74, 121), End(83, 130)
Training agent in leaf node: Start(121, 74), End(130, 83)
Training agent in leaf node: Start(28, 121), End(37, 130)
Training agent in leaf node: Start(92, 92), End(101, 101)
Training agent in leaf node: Start(55, 84), End(64, 92)
Training agent in leaf node: Start(111, 37), End(120, 46)
Training agent in leaf node: Start(111, 74), End(120, 83)
Training agent in leaf node: Start(140, 130), End(149, 139)
Training agent in leaf node: Start(18, 37), End(27, 46)
Training agent in leaf node: Start(37, 84), End(46, 92)
Training agent in leaf node: Start(121, 10), End(130, 18)
Training agent in leaf node: Start(93, 0), End(111, 18)
Training agent in leaf node: Start(84, 121), End(92, 130)
Training agent in leaf node: Start(111, 10), End(120, 18)
Training agent in leaf node: Start(92, 111), End(101, 120)
Training agent in leaf node: Start(56, 37), End(74, 55)
Training agent in leaf node: Start(130, 0), End(139, 9)
Training agent in leaf node: Start(79, 83), End(83, 87)
Training agent in leaf node: Start(74, 131), End(92, 149)
Training agent in leaf node: Start(131, 19), End(149, 37)
Training agent in leaf node: Start(102, 92), End(111, 101)
Training agent in leaf node: Start(130, 140), End(139, 149)
Training agent in leaf node: Start(84, 18), End(92, 27)
Training agent in leaf node: Start(19, 56), End(37, 74)
Training agent in leaf node: Start(60, 130), End(64, 134)
Training agent in leaf node: Start(102, 111), End(111, 120)
Training agent in leaf node: Start(37, 65), End(46, 74)
Training agent in leaf node: Start(Training agent in leaf node: Start(10, 84), End(18, 92)
102, 18), End(111, 27)
Training agent in leaf node: Start(84, 47), End(92, 55)
Training agent in leaf node: Start(37, 111), End(46, 120)
Training agent in leaf node: Start(102, 102), End(111, 111)
Training agent in leaf node: Start(47, 111), End(55, 120)
Training agent in leaf node: Start(111, 56), End(130, 74)
Training agent in leaf node: Start(65, 84), End(74, 92)
Training agent in leaf node: Start(47, 84), End(55, 92)
Training agent in leaf node: Start(47, 74), End(55, 83)
Training agent in leaf node: Start(60, 135), End(64, 139)
Training agent in leaf node: Start(0, 131), End(18, 149)
Training agent in leaf node: Start(65, 102), End(74, 111)
Training agent in leaf node: Start(0, 93), End(18, 111)
Training agent in leaf node: Start(47, 28), End(55, 37)
Training agent in leaf node: Start(65, 140), End(74, 149)
Training agent in leaf node: Start(55, 74), End(64, 83)
Training agent in leaf node: Start(37, 131), End(55, 149)
Training agent in leaf node: Start(18, 10), End(27, 18)
Training agent in leaf node: Start(74, 0), End(92, 18)
Training agent in leaf node: Start(37, 55), End(46, 64)
Training agent in leaf node: Start(10, 18), End(18, 27)
Training agent in leaf node: Start(102, 28), End(111, 37)
Training agent in leaf node: Start(55, 130), End(59, 134)
Training agent in leaf node: Start(74, 83), End(78, 87)
Training agent in leaf node: Start(74, 74), End(83, 83)
Training agent in leaf node: Start(111, 131), End(130, 149)
Training agent in leaf node: Start(111, 84), End(120, 92)
Training agent in leaf node: Start(74, 111), End(83, 120)
Training agent in leaf node: Start(65, 130), End(74, 139)
Training agent in leaf node: Start(74, 47), End(83, 55)
Training agent in leaf node: Start(55, 135), End(59, 139)
Training agent in leaf node: Start(19, 19), End(37, 37)
Training agent in leaf node: Start(37, 28), End(46, 37)
Training agent in leaf node: Start(84, 37), End(92, 46)
Training agent in leaf node: Start(130, 130), End(139, 139)
Training agent in leaf node: Start(74, 65), End(83, 74)
Training agent in leaf node: Start(47, 18), End(55, 27)
Training agent in leaf node: Start(131, 37), End(149, 55)
Training agent in leaf node: Start(0, 0), End(9, 9)
Training agent in leaf node: Start(0, 28), End(9, 37)
Training agent in leaf node: Start(84, 55), End(92, 64)
Training agent in leaf node: Start(28, 37), End(37, 46)
Training agent in leaf node: Start(131, 111), End(149, 130)
Training agent in leaf node: Start(111, 19), End(130, 37)
Training agent in leaf node: Start(56, 56), End(74, 74)
Training agent in leaf node: Start(130, 10), End(139, 18)
Training agent in leaf node: Start(79, 88), End(83, 92)
Training agent in leaf node: Start(Training agent in leaf node: Start(140, 10), End(149, 18)
Training agent in leaf node: Start(111, 93), End(130, 111)
93, 56), End(111, 74)
Training agent in leaf node: Start(Training agent in leaf node: Start(Training agent in leaf node: Start(140, 0), End(149, 9)
Training agent in leaf node: Start(111, 47), End(120, 55)
Training agent in leaf node: Start(92, 102), End(101, 111)
Training agent in leaf node: Start(74, 55), End(83, 64)
Training agent in leaf node: Start(131, 56), End(149, 74)
93, 74), End(111, 92)
65, 121), End(74, 130)
Training agent in leaf node: Start(121, 47), End(130, 55)
Training agent in leaf node: Start(102, 121), End(111, 130)
Training agent in leaf node: Start(93, 131), End(111, 149)
Training agent in leaf node: Start(18, 111), End(27, 120)
Training agent in leaf node: Start(92, 18), End(101, 27)
Training agent in leaf node: Start(47, 55), End(55, 64)
Training agent in leaf node: Start(84, 65), End(92, 74)
Training agent in leaf node: Start(10, 28), End(18, 37)
The Agent Has Converged After 5771 Episodes
The Agent Has Converged After 4981 Episodes
The Agent Has Converged After 5881 Episodes
The Agent Has Converged After 7211 Episodes
The Agent Has Converged After 7831 Episodes
The Agent Has Converged After 7401 Episodes
The Agent Has Converged After 6531 Episodes
The Agent Has Converged After 7921 Episodes
The Agent Has Converged After 6531 Episodes
The Agent Has Converged After 6961 Episodes
The Agent Has Converged After 7451 Episodes
The Agent Has Converged After 8931 Episodes
The Agent Has Converged After 8221 Episodes
The Agent Has Converged After 8951 Episodes
The Agent Has Converged After 8231 Episodes
The Agent Has Converged After 8291 Episodes
The Agent Has Converged After 7811 Episodes
The Agent Has Converged After 8171 Episodes
The Agent Has Converged After 9001 Episodes
The Agent Has Converged After 8421 Episodes
The Agent Has Converged After 9871 Episodes
The Agent Has Converged After 11891 Episodes
The Agent Has Converged After 8761 Episodes
The Agent Has Converged After 8181 Episodes
The Agent Has Converged After 8961 Episodes
The Agent Has Converged After 9631 Episodes
The Agent Has Converged After 8351 Episodes
The Agent Has Converged After 9201 Episodes
The Agent Has Converged After 9101 Episodes
The Agent Has Converged After 8951 Episodes
The Agent Has Converged After 8661 Episodes
The Agent Has Converged After 10961 Episodes
The Agent Has Converged After 10511 Episodes
The Agent Has Converged After 10561 Episodes
The Agent Has Converged After 9961 Episodes
The Agent Has Converged After 10481 Episodes
The Agent Has Converged After 10081 Episodes
The Agent Has Converged After 9801 Episodes
The Agent Has Converged After 10491 Episodes
The Agent Has Converged After 9931 Episodes
The Agent Has Converged After 10751 Episodes
The Agent Has Converged After 11351 Episodes
The Agent Has Converged After 11411 Episodes
The Agent Has Converged After 9381 Episodes
The Agent Has Converged After 11601 Episodes
The Agent Has Converged After 10981 Episodes
The Agent Has Converged After 10471 Episodes
The Agent Has Converged After 11471 Episodes
The Agent Has Converged After 10301 Episodes
The Agent Has Converged After 10591 Episodes
The Agent Has Converged After 12251 Episodes
The Agent Has Converged After 10831 Episodes
The Agent Has Converged After 11351 Episodes
The Agent Has Converged After 12161 Episodes
The Agent Has Converged After 10451 Episodes
The Agent Has Converged After 11411 Episodes
The Agent Has Converged After 10501 Episodes
The Agent Has Converged After 11601 Episodes
The Agent Has Converged After 10411 Episodes
The Agent Has Converged After 11341 Episodes
The Agent Has Converged After 12231 Episodes
The Agent Has Converged After 11211 Episodes
The Agent Has Converged After 12851 Episodes
The Agent Has Converged After 12671 Episodes
The Agent Has Converged After 13031 Episodes
The Agent Has Converged After 11691 Episodes
The Agent Has Converged After 12851 Episodes
The Agent Has Converged After 14221 Episodes
The Agent Has Converged After 11901 Episodes
The Agent Has Converged After 11811 Episodes
The Agent Has Converged After 13231 Episodes
The Agent Has Converged After 13921 Episodes
The Agent Has Converged After 14341 Episodes
The Agent Has Converged After 13621 Episodes
The Agent Has Converged After 12471 Episodes
The Agent Has Converged After 12251 Episodes
The Agent Has Converged After 13551 Episodes
The Agent Has Converged After 12981 Episodes
The Agent Has Converged After 13611 Episodes
The Agent Has Converged After 11411 Episodes
The Agent Has Converged After 12131 Episodes
The Agent Has Converged After 13551 Episodes
The Agent Has Converged After 12611 Episodes
The Agent Has Converged After 12761 Episodes
The Agent Has Converged After 11631 Episodes
The Agent Has Converged After 12951 Episodes
The Agent Has Converged After 13461 Episodes
The Agent Has Converged After 13651 Episodes
The Agent Has Converged After 15331 Episodes
The Agent Has Converged After 12381 Episodes
The Agent Has Converged After 15111 Episodes
The Agent Has Converged After 14151 Episodes
The Agent Has Converged After 12841 Episodes
The Agent Has Converged After 14961 Episodes
The Agent Has Converged After 15741 Episodes
The Agent Has Converged After 12991 Episodes
The Agent Has Converged After 13651 Episodes
The Agent Has Converged After 14841 Episodes
The Agent Has Converged After 14981 Episodes
The Agent Has Converged After 15321 Episodes
The Agent Has Converged After 15721 Episodes
The Agent Has Converged After 13861 Episodes
The Agent Has Converged After 14651 Episodes
The Agent Has Converged After 16571 Episodes
The Agent Has Converged After 16451 Episodes
The Agent Has Converged After 13921 Episodes
The Agent Has Converged After 13891 Episodes
The Agent Has Converged After 16401 Episodes
The Agent Has Converged After 15641 Episodes
The Agent Has Converged After 14791 Episodes
The Agent Has Converged After 14091 Episodes
The Agent Has Converged After 17331 Episodes
The Agent Has Converged After 17611 Episodes
The Agent Has Converged After 15581 Episodes
The Agent Has Converged After 21051 Episodes
The Agent Has Converged After 29311 Episodes
The Agent Has Converged After 22271 Episodes
The Agent Has Converged After 24821 Episodes
The Agent Has Converged After 26141 Episodes
The Agent Has Converged After 25861 Episodes
The Agent Has Converged After 23251 Episodes
The Agent Has Converged After 26411 Episodes
The Agent Has Converged After 28231 Episodes
The Agent Has Converged After 26461 Episodes
The Agent Has Converged After 26441 Episodes
The Agent Has Converged After 27131 Episodes
The Agent Has Converged After 25721 Episodes
The Agent Has Converged After 25751 Episodes
The Agent Has Converged After 26181 Episodes
The Agent Has Converged After 28631 Episodes
The Agent Has Converged After 26461 Episodes
The Agent Has Converged After 29711 Episodes
The Agent Has Converged After 27481 Episodes
The Agent Has Converged After 25951 Episodes
The Agent Has Converged After 27981 Episodes
The Agent Has Converged After 28871 Episodes
The Agent Has Converged After 25271 Episodes
The Agent Has Converged After 27171 Episodes
The Agent Has Converged After 28131 Episodes
The Agent Has Converged After 23421 Episodes
The Agent Has Converged After 25871 Episodes
The Agent Has Converged After 28911 Episodes
The Agent Has Converged After 28431 Episodes
The Agent Has Converged After 29971 Episodes
The Agent Has Converged After 29701 Episodes
The Agent Has Converged After 28121 Episodes
The Agent Has Converged After 28001 Episodes
The Agent Has Converged After 29931 Episodes
The Agent Has Converged After 28171 Episodes
The Agent Has Converged After 29261 Episodes
The Agent Has Converged After 30561 Episodes

Environment changed. Applying local Q-learning.
The Agent Has Converged After 28281 Episodes
The Agent Has Converged After 25991 Episodes
The Agent Has Converged After 26261 Episodes
The Agent Has Converged After 26381 Episodes
The Agent Has Converged After 25331 Episodes
The Agent Has Converged After 23981 Episodes
The Agent Has Converged After 28231 Episodes
The Agent Has Converged After 29011 Episodes
The Agent Has Converged After 13341 Episodes
The Agent Has Converged After 24691 Episodes
The Agent Has Converged After 13321 Episodes

Environment changed. Performing local path planning for affected leaf nodes.
Training agent in leaf node: Start(0, 37), End(18, 55)
Training agent in leaf node: Start(28, 0), End(37, 9)
Training agent in leaf node: Start(56, 0), End(74, 18)
Training agent in leaf node: Start(74, 131), End(92, 149)
Training agent in leaf node: Start(19, 74), End(37, 92)
Training agent in leaf node: Start(74, 74), End(83, 83)
Training agent in leaf node: Start(93, 131), End(111, 149)
Training agent in leaf node: Start(19, 19), End(37, 37)
Training agent in leaf node: Start(93, 37), End(111, 55)
Training agent in leaf node: Start(0, 93), End(18, 111)
Training agent in leaf node: Start(56, 19), End(74, 37)
The Agent Has Converged After 12611 Episodes
The Agent Has Converged After 13541 Episodes
The Agent Has Converged After 24231 Episodes
The Agent Has Converged After 22551 Episodes
The Agent Has Converged After 23691 Episodes
The Agent Has Converged After 23211 Episodes
The Agent Has Converged After 25621 Episodes
The Agent Has Converged After 27981 Episodes
The Agent Has Converged After 27071 Episodes
The Agent Has Converged After 26491 Episodes
The Agent Has Converged After 27011 Episodes

Maze Size: 150x150

--- MasMat Results ---
Static Training Time   : 655.425s
Dynamic Training Time  : 56.7542s
Average Planning Time  : 7.93039e-06s
Success Rate           : 100%
Average Path Length    : 2.02 steps

--- Local Path Planning Results ---
Static Training Time   : 87.6731s
Dynamic Training Time  : 10.6031s
Average Planning Time  : 9.1217e-06s
Success Rate           : 100%
Average Path Length    : 2.16 steps

		=== The Maze: 0 means obstacle, 1 means free space, 2 means charging station ===

Maze Sub-environment Tree:

Node: Start(0, 0), End(149, 149), Size(150x150), Charging Stations: 456
 ├─ Node: Start(0, 0), End(74, 74), Size(75x75), Charging Stations: 119
 │   ├─ Node: Start(0, 0), End(37, 37), Size(38x38), Charging Stations: 32
 │   │   ├─ Node: Start(0, 0), End(18, 18), Size(19x19), Charging Stations: 9
 │   │   │   ├─ Node: Start(0, 0), End(9, 9), Size(10x10), Charging Stations: 1
 │   │   │   ├─ Node: Start(0, 10), End(9, 18), Size(10x9), Charging Stations: 4
 │   │   │   ├─ Node: Start(10, 0), End(18, 9), Size(9x10), Charging Stations: 2
 │   │   │   └─ Node: Start(10, 10), End(18, 18), Size(9x9), Charging Stations: 2
 │   │   ├─ Node: Start(0, 19), End(18, 37), Size(19x19), Charging Stations: 6
 │   │   │   ├─ Node: Start(0, 18), End(9, 27), Size(10x10), Charging Stations: 1
 │   │   │   ├─ Node: Start(0, 28), End(9, 37), Size(10x10), Charging Stations: 1
 │   │   │   ├─ Node: Start(10, 18), End(18, 27), Size(9x10), Charging Stations: 2
 │   │   │   └─ Node: Start(10, 28), End(18, 37), Size(9x10), Charging Stations: 2
 │   │   ├─ Node: Start(19, 0), End(37, 18), Size(19x19), Charging Stations: 9
 │   │   │   ├─ Node: Start(18, 0), End(27, 9), Size(10x10), Charging Stations: 3
 │   │   │   ├─ Node: Start(18, 10), End(27, 18), Size(10x9), Charging Stations: 2
 │   │   │   ├─ Node: Start(28, 0), End(37, 9), Size(10x10), Charging Stations: 3
 │   │   │   └─ Node: Start(28, 10), End(37, 18), Size(10x9), Charging Stations: 1
 │   │   └─ Node: Start(19, 19), End(37, 37), Size(19x19), Charging Stations: 6
 │   ├─ Node: Start(0, 38), End(37, 74), Size(38x37), Charging Stations: 24
 │   │   ├─ Node: Start(0, 37), End(18, 55), Size(19x19), Charging Stations: 7
 │   │   ├─ Node: Start(0, 56), End(18, 74), Size(19x19), Charging Stations: 6
 │   │   ├─ Node: Start(19, 37), End(37, 55), Size(19x19), Charging Stations: 6
 │   │   │   ├─ Node: Start(18, 37), End(27, 46), Size(10x10), Charging Stations: 1
 │   │   │   ├─ Node: Start(18, 47), End(27, 55), Size(10x9), Charging Stations: 2
 │   │   │   ├─ Node: Start(28, 37), End(37, 46), Size(10x10), Charging Stations: 1
 │   │   │   └─ Node: Start(28, 47), End(37, 55), Size(10x9), Charging Stations: 1
 │   │   └─ Node: Start(19, 56), End(37, 74), Size(19x19), Charging Stations: 5
 │   ├─ Node: Start(38, 0), End(74, 37), Size(37x38), Charging Stations: 28
 │   │   ├─ Node: Start(37, 0), End(55, 18), Size(19x19), Charging Stations: 4
 │   │   ├─ Node: Start(37, 19), End(55, 37), Size(19x19), Charging Stations: 10
 │   │   │   ├─ Node: Start(37, 18), End(46, 27), Size(10x10), Charging Stations: 1
 │   │   │   ├─ Node: Start(37, 28), End(46, 37), Size(10x10), Charging Stations: 4
 │   │   │   ├─ Node: Start(47, 18), End(55, 27), Size(9x10), Charging Stations: 3
 │   │   │   └─ Node: Start(47, 28), End(55, 37), Size(9x10), Charging Stations: 3
 │   │   ├─ Node: Start(56, 0), End(74, 18), Size(19x19), Charging Stations: 7
 │   │   └─ Node: Start(56, 19), End(74, 37), Size(19x19), Charging Stations: 4
 │   └─ Node: Start(38, 38), End(74, 74), Size(37x37), Charging Stations: 30
 │       ├─ Node: Start(37, 37), End(55, 55), Size(19x19), Charging Stations: 8
 │       ├─ Node: Start(37, 56), End(55, 74), Size(19x19), Charging Stations: 9
 │       │   ├─ Node: Start(37, 55), End(46, 64), Size(10x10), Charging Stations: 2
 │       │   ├─ Node: Start(37, 65), End(46, 74), Size(10x10), Charging Stations: 3
 │       │   ├─ Node: Start(47, 55), End(55, 64), Size(9x10), Charging Stations: 2
 │       │   └─ Node: Start(47, 65), End(55, 74), Size(9x10), Charging Stations: 3
 │       ├─ Node: Start(56, 37), End(74, 55), Size(19x19), Charging Stations: 8
 │       └─ Node: Start(56, 56), End(74, 74), Size(19x19), Charging Stations: 5
 ├─ Node: Start(0, 75), End(74, 149), Size(75x75), Charging Stations: 123
 │   ├─ Node: Start(0, 74), End(37, 111), Size(38x38), Charging Stations: 27
 │   │   ├─ Node: Start(0, 74), End(18, 92), Size(19x19), Charging Stations: 13
 │   │   │   ├─ Node: Start(0, 74), End(9, 83), Size(10x10), Charging Stations: 3
 │   │   │   ├─ Node: Start(0, 84), End(9, 92), Size(10x9), Charging Stations: 1
 │   │   │   ├─ Node: Start(10, 74), End(18, 83), Size(9x10), Charging Stations: 2
 │   │   │   └─ Node: Start(10, 84), End(18, 92), Size(9x9), Charging Stations: 7
 │   │   ├─ Node: Start(0, 93), End(18, 111), Size(19x19), Charging Stations: 6
 │   │   ├─ Node: Start(19, 74), End(37, 92), Size(19x19), Charging Stations: 6
 │   │   └─ Node: Start(19, 93), End(37, 111), Size(19x19), Charging Stations: 2
 │   ├─ Node: Start(0, 112), End(37, 149), Size(38x38), Charging Stations: 32
 │   │   ├─ Node: Start(0, 111), End(18, 130), Size(19x20), Charging Stations: 7
 │   │   ├─ Node: Start(0, 131), End(18, 149), Size(19x19), Charging Stations: 4
 │   │   ├─ Node: Start(19, 111), End(37, 130), Size(19x20), Charging Stations: 12
 │   │   │   ├─ Node: Start(18, 111), End(27, 120), Size(10x10), Charging Stations: 3
 │   │   │   ├─ Node: Start(18, 121), End(27, 130), Size(10x10), Charging Stations: 2
 │   │   │   ├─ Node: Start(28, 111), End(37, 120), Size(10x10), Charging Stations: 3
 │   │   │   └─ Node: Start(28, 121), End(37, 130), Size(10x10), Charging Stations: 3
 │   │   └─ Node: Start(19, 131), End(37, 149), Size(19x19), Charging Stations: 9
 │   ├─ Node: Start(38, 74), End(74, 111), Size(37x38), Charging Stations: 27
 │   │   ├─ Node: Start(37, 74), End(55, 92), Size(19x19), Charging Stations: 4
 │   │   │   ├─ Node: Start(37, 74), End(46, 83), Size(10x10), Charging Stations: 1
 │   │   │   ├─ Node: Start(37, 84), End(46, 92), Size(10x9), Charging Stations: 1
 │   │   │   ├─ Node: Start(47, 74), End(55, 83), Size(9x10), Charging Stations: 1
 │   │   │   └─ Node: Start(47, 84), End(55, 92), Size(9x9), Charging Stations: 1
 │   │   ├─ Node: Start(37, 93), End(55, 111), Size(19x19), Charging Stations: 6
 │   │   ├─ Node: Start(56, 74), End(74, 92), Size(19x19), Charging Stations: 6
 │   │   │   ├─ Node: Start(55, 74), End(64, 83), Size(10x10), Charging Stations: 1
 │   │   │   ├─ Node: Start(55, 84), End(64, 92), Size(10x9), Charging Stations: 1
 │   │   │   ├─ Node: Start(65, 74), End(74, 83), Size(10x10), Charging Stations: 1
 │   │   │   └─ Node: Start(65, 84), End(74, 92), Size(10x9), Charging Stations: 2
 │   │   └─ Node: Start(56, 93), End(74, 111), Size(19x19), Charging Stations: 11
 │   │       ├─ Node: Start(55, 92), End(64, 101), Size(10x10), Charging Stations: 2
 │   │       ├─ Node: Start(55, 102), End(64, 111), Size(10x10), Charging Stations: 3
 │   │       ├─ Node: Start(65, 92), End(74, 101), Size(10x10), Charging Stations: 1
 │   │       └─ Node: Start(65, 102), End(74, 111), Size(10x10), Charging Stations: 4
 │   └─ Node: Start(38, 112), End(74, 149), Size(37x38), Charging Stations: 35
 │       ├─ Node: Start(37, 111), End(55, 130), Size(19x20), Charging Stations: 8
 │       │   ├─ Node: Start(37, 111), End(46, 120), Size(10x10), Charging Stations: 1
 │       │   ├─ Node: Start(37, 121), End(46, 130), Size(10x10), Charging Stations: 3
 │       │   ├─ Node: Start(47, 111), End(55, 120), Size(9x10), Charging Stations: 2
 │       │   └─ Node: Start(47, 121), End(55, 130), Size(9x10), Charging Stations: 1
 │       ├─ Node: Start(37, 131), End(55, 149), Size(19x19), Charging Stations: 6
 │       ├─ Node: Start(56, 111), End(74, 130), Size(19x20), Charging Stations: 10
 │       │   ├─ Node: Start(55, 111), End(64, 120), Size(10x10), Charging Stations: 3
 │       │   ├─ Node: Start(55, 121), End(64, 130), Size(10x10), Charging Stations: 2
 │       │   ├─ Node: Start(65, 111), End(74, 120), Size(10x10), Charging Stations: 1
 │       │   └─ Node: Start(65, 121), End(74, 130), Size(10x10), Charging Stations: 3
 │       └─ Node: Start(56, 131), End(74, 149), Size(19x19), Charging Stations: 12
 │           ├─ Node: Start(55, 130), End(64, 139), Size(10x10), Charging Stations: 6
 │           │   ├─ Node: Start(55, 130), End(59, 134), Size(5x5), Charging Stations: 1
 │           │   ├─ Node: Start(55, 135), End(59, 139), Size(5x5), Charging Stations: 1
 │           │   ├─ Node: Start(60, 130), End(64, 134), Size(5x5), Charging Stations: 3
 │           │   └─ Node: Start(60, 135), End(64, 139), Size(5x5), Charging Stations: 1
 │           ├─ Node: Start(55, 140), End(64, 149), Size(10x10), Charging Stations: 2
 │           ├─ Node: Start(65, 130), End(74, 139), Size(10x10), Charging Stations: 3
 │           └─ Node: Start(65, 140), End(74, 149), Size(10x10), Charging Stations: 2
 ├─ Node: Start(75, 0), End(149, 74), Size(75x75), Charging Stations: 105
 │   ├─ Node: Start(74, 0), End(111, 37), Size(38x38), Charging Stations: 24
 │   │   ├─ Node: Start(74, 0), End(92, 18), Size(19x19), Charging Stations: 5
 │   │   ├─ Node: Start(74, 19), End(92, 37), Size(19x19), Charging Stations: 5
 │   │   │   ├─ Node: Start(74, 18), End(83, 27), Size(10x10), Charging Stations: 1
 │   │   │   ├─ Node: Start(74, 28), End(83, 37), Size(10x10), Charging Stations: 1
 │   │   │   ├─ Node: Start(84, 18), End(92, 27), Size(9x10), Charging Stations: 1
 │   │   │   └─ Node: Start(84, 28), End(92, 37), Size(9x10), Charging Stations: 2
 │   │   ├─ Node: Start(93, 0), End(111, 18), Size(19x19), Charging Stations: 6
 │   │   └─ Node: Start(93, 19), End(111, 37), Size(19x19), Charging Stations: 8
 │   │       ├─ Node: Start(92, 18), End(101, 27), Size(10x10), Charging Stations: 2
 │   │       ├─ Node: Start(92, 28), End(101, 37), Size(10x10), Charging Stations: 2
 │   │       ├─ Node: Start(102, 18), End(111, 27), Size(10x10), Charging Stations: 1
 │   │       └─ Node: Start(102, 28), End(111, 37), Size(10x10), Charging Stations: 1
 │   ├─ Node: Start(74, 38), End(111, 74), Size(38x37), Charging Stations: 30
 │   │   ├─ Node: Start(74, 37), End(92, 55), Size(19x19), Charging Stations: 11
 │   │   │   ├─ Node: Start(74, 37), End(83, 46), Size(10x10), Charging Stations: 4
 │   │   │   ├─ Node: Start(74, 47), End(83, 55), Size(10x9), Charging Stations: 2
 │   │   │   ├─ Node: Start(84, 37), End(92, 46), Size(9x10), Charging Stations: 1
 │   │   │   └─ Node: Start(84, 47), End(92, 55), Size(9x9), Charging Stations: 3
 │   │   ├─ Node: Start(74, 56), End(92, 74), Size(19x19), Charging Stations: 7
 │   │   │   ├─ Node: Start(74, 55), End(83, 64), Size(10x10), Charging Stations: 2
 │   │   │   ├─ Node: Start(74, 65), End(83, 74), Size(10x10), Charging Stations: 2
 │   │   │   ├─ Node: Start(84, 55), End(92, 64), Size(9x10), Charging Stations: 2
 │   │   │   └─ Node: Start(84, 65), End(92, 74), Size(9x10), Charging Stations: 1
 │   │   ├─ Node: Start(93, 37), End(111, 55), Size(19x19), Charging Stations: 6
 │   │   └─ Node: Start(93, 56), End(111, 74), Size(19x19), Charging Stations: 6
 │   ├─ Node: Start(112, 0), End(149, 37), Size(38x38), Charging Stations: 24
 │   │   ├─ Node: Start(111, 0), End(130, 18), Size(20x19), Charging Stations: 8
 │   │   │   ├─ Node: Start(111, 0), End(120, 9), Size(10x10), Charging Stations: 1
 │   │   │   ├─ Node: Start(111, 10), End(120, 18), Size(10x9), Charging Stations: 1
 │   │   │   ├─ Node: Start(121, 0), End(130, 9), Size(10x10), Charging Stations: 2
 │   │   │   └─ Node: Start(121, 10), End(130, 18), Size(10x9), Charging Stations: 4
 │   │   ├─ Node: Start(111, 19), End(130, 37), Size(20x19), Charging Stations: 6
 │   │   ├─ Node: Start(131, 0), End(149, 18), Size(19x19), Charging Stations: 7
 │   │   │   ├─ Node: Start(130, 0), End(139, 9), Size(10x10), Charging Stations: 1
 │   │   │   ├─ Node: Start(130, 10), End(139, 18), Size(10x9), Charging Stations: 3
 │   │   │   ├─ Node: Start(140, 0), End(149, 9), Size(10x10), Charging Stations: 1
 │   │   │   └─ Node: Start(140, 10), End(149, 18), Size(10x9), Charging Stations: 1
 │   │   └─ Node: Start(131, 19), End(149, 37), Size(19x19), Charging Stations: 1
 │   └─ Node: Start(112, 38), End(149, 74), Size(38x37), Charging Stations: 27
 │       ├─ Node: Start(111, 37), End(130, 55), Size(20x19), Charging Stations: 9
 │       │   ├─ Node: Start(111, 37), End(120, 46), Size(10x10), Charging Stations: 4
 │       │   ├─ Node: Start(111, 47), End(120, 55), Size(10x9), Charging Stations: 2
 │       │   ├─ Node: Start(121, 37), End(130, 46), Size(10x10), Charging Stations: 2
 │       │   └─ Node: Start(121, 47), End(130, 55), Size(10x9), Charging Stations: 1
 │       ├─ Node: Start(111, 56), End(130, 74), Size(20x19), Charging Stations: 8
 │       ├─ Node: Start(131, 37), End(149, 55), Size(19x19), Charging Stations: 6
 │       └─ Node: Start(131, 56), End(149, 74), Size(19x19), Charging Stations: 4
 └─ Node: Start(75, 75), End(149, 149), Size(75x75), Charging Stations: 100
     ├─ Node: Start(74, 74), End(111, 111), Size(38x38), Charging Stations: 29
     │   ├─ Node: Start(74, 74), End(92, 92), Size(19x19), Charging Stations: 9
     │   │   ├─ Node: Start(74, 74), End(83, 83), Size(10x10), Charging Stations: 2
     │   │   ├─ Node: Start(74, 84), End(83, 92), Size(10x9), Charging Stations: 3
     │   │   │   ├─ Node: Start(74, 83), End(78, 87), Size(5x5), Charging Stations: 1
     │   │   │   ├─ Node: Start(74, 88), End(78, 92), Size(5x5), Charging Stations: 1
     │   │   │   ├─ Node: Start(79, 83), End(83, 87), Size(5x5), Charging Stations: 1
     │   │   │   └─ Node: Start(79, 88), End(83, 92), Size(5x5), Charging Stations: 1
     │   │   ├─ Node: Start(84, 74), End(92, 83), Size(9x10), Charging Stations: 1
     │   │   └─ Node: Start(84, 84), End(92, 92), Size(9x9), Charging Stations: 2
     │   ├─ Node: Start(74, 93), End(92, 111), Size(19x19), Charging Stations: 4
     │   ├─ Node: Start(93, 74), End(111, 92), Size(19x19), Charging Stations: 7
     │   └─ Node: Start(93, 93), End(111, 111), Size(19x19), Charging Stations: 8
     │       ├─ Node: Start(92, 92), End(101, 101), Size(10x10), Charging Stations: 3
     │       ├─ Node: Start(92, 102), End(101, 111), Size(10x10), Charging Stations: 1
     │       ├─ Node: Start(102, 92), End(111, 101), Size(10x10), Charging Stations: 3
     │       └─ Node: Start(102, 102), End(111, 111), Size(10x10), Charging Stations: 1
     ├─ Node: Start(74, 112), End(111, 149), Size(38x38), Charging Stations: 27
     │   ├─ Node: Start(74, 111), End(92, 130), Size(19x20), Charging Stations: 9
     │   │   ├─ Node: Start(74, 111), End(83, 120), Size(10x10), Charging Stations: 3
     │   │   ├─ Node: Start(74, 121), End(83, 130), Size(10x10), Charging Stations: 2
     │   │   ├─ Node: Start(84, 111), End(92, 120), Size(9x10), Charging Stations: 2
     │   │   └─ Node: Start(84, 121), End(92, 130), Size(9x10), Charging Stations: 2
     │   ├─ Node: Start(74, 131), End(92, 149), Size(19x19), Charging Stations: 7
     │   ├─ Node: Start(93, 111), End(111, 130), Size(19x20), Charging Stations: 6
     │   │   ├─ Node: Start(92, 111), End(101, 120), Size(10x10), Charging Stations: 1
     │   │   ├─ Node: Start(92, 121), End(101, 130), Size(10x10), Charging Stations: 3
     │   │   ├─ Node: Start(102, 111), End(111, 120), Size(10x10), Charging Stations: 1
     │   │   └─ Node: Start(102, 121), End(111, 130), Size(10x10), Charging Stations: 2
     │   └─ Node: Start(93, 131), End(111, 149), Size(19x19), Charging Stations: 4
     ├─ Node: Start(112, 74), End(149, 111), Size(38x38), Charging Stations: 24
     │   ├─ Node: Start(111, 74), End(130, 92), Size(20x19), Charging Stations: 7
     │   │   ├─ Node: Start(111, 74), End(120, 83), Size(10x10), Charging Stations: 1
     │   │   ├─ Node: Start(111, 84), End(120, 92), Size(10x9), Charging Stations: 2
     │   │   ├─ Node: Start(121, 74), End(130, 83), Size(10x10), Charging Stations: 1
     │   │   └─ Node: Start(121, 84), End(130, 92), Size(10x9), Charging Stations: 2
     │   ├─ Node: Start(111, 93), End(130, 111), Size(20x19), Charging Stations: 5
     │   ├─ Node: Start(131, 74), End(149, 92), Size(19x19), Charging Stations: 5
     │   └─ Node: Start(131, 93), End(149, 111), Size(19x19), Charging Stations: 8
     └─ Node: Start(112, 112), End(149, 149), Size(38x38), Charging Stations: 23
         ├─ Node: Start(111, 111), End(130, 130), Size(20x20), Charging Stations: 6
         ├─ Node: Start(111, 131), End(130, 149), Size(20x19), Charging Stations: 1
         ├─ Node: Start(131, 111), End(149, 130), Size(19x20), Charging Stations: 6
         └─ Node: Start(131, 131), End(149, 149), Size(19x19), Charging Stations: 8
             ├─ Node: Start(130, 130), End(139, 139), Size(10x10), Charging Stations: 1
             ├─ Node: Start(130, 140), End(139, 149), Size(10x10), Charging Stations: 2
             ├─ Node: Start(140, 130), End(149, 139), Size(10x10), Charging Stations: 2
             └─ Node: Start(140, 140), End(149, 149), Size(10x10), Charging Stations: 2

Environment is static. Applying global Q-learning.
The Agent Has Converged After 1022581 Episodes

Environment is static. Performing global local path planning for all leaf nodes.
Training agent in leaf node: Start(10, 10), End(18, 18)
Training agent in leaf node: Start(65, 111), End(74, 120)
Training agent in leaf node: Start(37, 84), End(46, 92)
Training agent in leaf node: Start(10, 28), End(18, 37)
Training agent in leaf node: Start(28, 10), End(37, 18)
Training agent in leaf node: Start(28, 37), End(37, 46)
Training agent in leaf node: Start(10, 0), End(18, 9)
Training agent in leaf node: Start(131, 74), End(149, 92)
Training agent in leaf node: Start(111, 47), End(120, 55)
Training agent in leaf node: Start(28, 47), End(37, 55)
Training agent in leaf node: Start(37, 28), End(46, 37)
Training agent in leaf node: Start(92, 111), End(101, 120)
Training agent in leaf node: Start(92, 28), End(101, 37)
Training agent in leaf node: Start(130, 140), End(139, 149)
Training agent in leaf node: Start(121, 84), End(130, 92)
Training agent in leaf node: Start(111, 131), End(130, 149)
Training agent in leaf node: Start(92, 121), End(101, 130)
Training agent in leaf node: Start(18, 37), End(27, 46)
Training agent in leaf node: Start(121, 74), End(130, 83)
Training agent in leaf node: Start(19, 56), End(37, 74)
Training agent in leaf node: Start(18, 0), End(27, 9)
Training agent in leaf node: Start(37, 18), End(46, 27)
Training agent in leaf node: Start(84, 121), End(92, 130)
Training agent in leaf node: Start(74, 0), End(92, 18)
Training agent in leaf node: Start(65, 140), End(74, 149)
Training agent in leaf node: Start(74, 74), End(83, 83)
Training agent in leaf node: Start(84, 18), End(92, 27)
Training agent in leaf node: Start(18, 121), End(27, 130)
Training agent in leaf node: Start(84, 84), End(92, 92)
Training agent in leaf node: Start(84, 111), End(92, 120)
Training agent in leaf node: Start(65, 102), End(74, 111)
Training agent in leaf node: Start(74, 55), End(83, 64)
Training agent in leaf node: Start(74, 83), End(78, 87)
Training agent in leaf node: Start(74, 131), End(92, 149)
Training agent in leaf node: Start(140, 0), End(149, 9)
Training agent in leaf node: Start(37, 0), End(55, 18)
Training agent in leaf node: Start(10, 18), End(18, 27)
Training agent in leaf node: Start(74, 47), End(83, 55)
Training agent in leaf node: Start(37, 131), End(55, 149)
Training agent in leaf node: Start(131, 56), End(149, 74)
Training agent in leaf node: Start(65, 84), End(74, 92)
Training agent in leaf node: Start(74, 28), End(83, 37)
Training agent in leaf node: Start(55, 121), End(64, 130)
Training agent in leaf node: Start(93, 56), End(111, 74)
Training agent in leaf node: Start(47, 28), End(55, 37)
Training agent in leaf node: Start(47, 18), End(55, 27)
Training agent in leaf node: Start(60, 135), End(64, 139)
Training agent in leaf node: Start(37, 111), End(46, 120)
Training agent in leaf node: Start(0, 0), End(9, 9)
Training agent in leaf node: Start(111, 19), End(130, 37)
Training agent in leaf node: Start(47, 65), End(55, 74)
Training agent in leaf node: Start(0, 56), End(18, 74)
Training agent in leaf node: Start(0, 18), End(9, 27)
Training agent in leaf node: Start(0, 28), End(9, 37)
Training agent in leaf node: Start(65, 74), End(74, 83)
Training agent in leaf node: Start(56, 37), End(74, 55)
Training agent in leaf node: Start(55, 74), End(64, 83)
Training agent in leaf node: Start(74, 18), End(83, 27)
Training agent in leaf node: Start(28, 121), End(37, 130)
Training agent in leaf node: Start(74, 37), End(83, 46)
Training agent in leaf node: Start(37, 74), End(46, 83)
Training agent in leaf node: Start(37, 65), End(46, 74)
Training agent in leaf node: Start(93, 37), End(111, 55)
Training agent in leaf node: Start(47, 84), End(55, 92)
Training agent in leaf node: Start(65, 130), End(74, 139)
Training agent in leaf node: Start(74, 65), End(83, 74)
Training agent in leaf node: Start(10, 74), End(18, 83)
Training agent in leaf node: Start(102, 102), End(111, 111)
Training agent in leaf node: Start(92, 92), End(101, 101)
Training agent in leaf node: Start(111, 84), End(120, 92)
Training agent in leaf node: Start(10, 84), End(18, 92)
Training agent in leaf node: Start(84, 37), End(92, 46)
Training agent in leaf node: Start(55, 84), End(64, 92)
Training agent in leaf node: Start(19, 93), End(37, 111)
Training agent in leaf node: Start(47, 111), End(55, 120)
Training agent in leaf node: Start(84, 28), End(92, 37)
Training agent in leaf node: Start(65, 92), End(74, 101)
Training agent in leaf node: Start(93, 0), End(111, 18)
Training agent in leaf node: Start(0, 37), End(18, 55)
Training agent in leaf node: Start(111, 10), End(120, 18)
Training agent in leaf node: Start(0, 10), End(9, 18)
Training agent in leaf node: Start(55, 111), End(64, 120)
Training agent in leaf node: Start(130, 0), End(139, 9)
Training agent in leaf node: Start(92, 18), End(101, 27)
Training agent in leaf node: Start(56, 56), End(74, 74)
Training agent in leaf node: Start(131, 19), End(149, 37)
Training agent in leaf node: Start(55, 130), End(59, 134)
Training agent in leaf node: Start(18, 111), End(27, 120)
Training agent in leaf node: Start(74, 121), End(83, 130)
Training agent in leaf node: Start(79, 83), End(83, 87)
Training agent in leaf node: Start(47, 121), End(55, 130)
Training agent in leaf node: Start(19, 19), End(37, 37)
Training agent in leaf node: Start(0, 84), End(9, 92)
Training agent in leaf node: Start(47, 74), End(55, 83)
Training agent in leaf node: Start(93, 131), End(111, 149)
Training agent in leaf node: Start(28, 111), End(37, 120)
Training agent in leaf node: Start(102, 111), End(111, 120)
Training agent in leaf node: Start(102, 121), End(111, 130)
Training agent in leaf node: Start(0, 74), End(9, 83)
Training agent in leaf node: Start(102, 92), End(111, 101)
Training agent in leaf node: Start(47, 55), End(55, 64)
Training agent in leaf node: Start(0, 131), End(18, 149)
Training agent in leaf node: Start(55, 102), End(64, 111)
Training agent in leaf node: Start(102, 28), End(111, 37)
Training agent in leaf node: Start(92, 102), End(101, 111)
Training agent in leaf node: Start(55, 140), End(64, 149)
Training agent in leaf node: Start(93, 74), End(111, 92)
Training agent in leaf node: Start(102, 18), End(111, 27)
Training agent in leaf node: Start(131, 37), End(149, 55)
Training agent in leaf node: Start(37, 121), End(46, 130)
Training agent in leaf node: Start(111, 74), End(120, 83)
Training agent in leaf node: Start(84, 47), End(92, 55)
Training agent in leaf node: Start(121, 37), End(130, 46)
Training agent in leaf node: Start(0, 111), End(18, 130)
Training agent in leaf node: Start(84, 65), End(92, 74)
Training agent in leaf node: Start(19, 74), End(37, 92)
Training agent in leaf node: Start(84, 74), End(92, 83)
Training agent in leaf node: Start(131, 111), End(149, 130)
Training agent in leaf node: Start(121, 0), End(130, 9)
Training agent in leaf node: Start(84, 55), End(92, 64)
Training agent in leaf node: Start(121, 10), End(130, 18)
Training agent in leaf node: Start(0, 93), End(18, 111)
Training agent in leaf node: Start(74, 93), End(92, 111)
Training agent in leaf node: Start(18, 47), End(27, 55)
Training agent in leaf node: Start(37, 55), End(46, 64)
Training agent in leaf node: Start(37, 37), End(55, 55)
Training agent in leaf node: Start(111, 111), End(130, 130)
Training agent in leaf node: Start(111, 56), End(130, 74)
Training agent in leaf node: Start(Training agent in leaf node: Start(121, 47), End(130, 55)
Training agent in leaf node: Start(130, 130), End(139, 139)
Training agent in leaf node: Start(140, 130), End(149, 139)
Training agent in leaf node: Start(74, 111), End(83, 120)
Training agent in leaf node: Start(Training agent in leaf node: Start(74, 88), End(78, 92)
Training agent in leaf node: Start(111, 0), End(120, 9)
Training agent in leaf node: Start(130, 10), End(139, 18)
Training agent in leaf node: Start(37, 93), End(55, 111)
Training agent in leaf node: Start(19, 131), End(37, 149)
Training agent in leaf node: Start(56, 0), End(74, 18)
Training agent in leaf node: Start(55, 92), End(64, 101)
Training agent in leaf node: Start(140, 10), End(149, 18)
Training agent in leaf node: Start(60, 130), End(64, 134)
Training agent in leaf node: Start(56, 19), End(74, 37)
Training agent in leaf node: Start(55, 135), End(59, 139)
Training agent in leaf node: Start(65, 121), End(74, 130)
Training agent in leaf node: Start(140, 140), End(149, 149)
111, 37), End(120, 46)
Training agent in leaf node: Start(18, 10), End(27, 18)
Training agent in leaf node: Start(111, 93), End(130, 111)
Training agent in leaf node: Start(131, 93), End(149, 111)
79, 88), End(83, 92)
Training agent in leaf node: Start(28, 0), End(37, 9)
The Agent Has Converged After 3001 Episodes
The Agent Has Converged After 3411 Episodes
The Agent Has Converged After 3881 Episodes
The Agent Has Converged After 3861 Episodes
The Agent Has Converged After 4211 Episodes
The Agent Has Converged After 4921 Episodes
The Agent Has Converged After 5741 Episodes
The Agent Has Converged After 5321 Episodes
The Agent Has Converged After 4841 Episodes
The Agent Has Converged After 4311 Episodes
The Agent Has Converged After 4651 Episodes
The Agent Has Converged After 6621 Episodes
The Agent Has Converged After 6021 Episodes
The Agent Has Converged After 9621 Episodes
The Agent Has Converged After 5601 Episodes
The Agent Has Converged After 6801 Episodes
The Agent Has Converged After 8361 Episodes
The Agent Has Converged After 7941 Episodes
The Agent Has Converged After 6581 Episodes
The Agent Has Converged After 7051 Episodes
The Agent Has Converged After 6441 Episodes
The Agent Has Converged After 6921 Episodes
The Agent Has Converged After 7411 Episodes
The Agent Has Converged After 7511 Episodes
The Agent Has Converged After 7841 Episodes
The Agent Has Converged After 6901 Episodes
The Agent Has Converged After 7281 Episodes
The Agent Has Converged After 9601 Episodes
The Agent Has Converged After 7091 Episodes
The Agent Has Converged After 8451 Episodes
The Agent Has Converged After 9191 Episodes
The Agent Has Converged After 9191 Episodes
The Agent Has Converged After 10131 Episodes
The Agent Has Converged After 7791 Episodes
The Agent Has Converged After 6671 Episodes
The Agent Has Converged After 7421 Episodes
The Agent Has Converged After 10101 Episodes
The Agent Has Converged After 7531 Episodes
The Agent Has Converged After 8121 Episodes
The Agent Has Converged After 11531 Episodes
The Agent Has Converged After 9001 Episodes
The Agent Has Converged After 9201 Episodes
The Agent Has Converged After 7271 Episodes
The Agent Has Converged After 8241 Episodes
The Agent Has Converged After 9981 Episodes
The Agent Has Converged After 8141 Episodes
The Agent Has Converged After 9491 Episodes
The Agent Has Converged After 9931 Episodes
The Agent Has Converged After 10471 Episodes
The Agent Has Converged After 11011 Episodes
The Agent Has Converged After 8811 Episodes
The Agent Has Converged After 8011 Episodes
The Agent Has Converged After 8141 Episodes
The Agent Has Converged After 9751 Episodes
The Agent Has Converged After 7591 Episodes
The Agent Has Converged After 9941 Episodes
The Agent Has Converged After 8991 Episodes
The Agent Has Converged After 9081 Episodes
The Agent Has Converged After 8341 Episodes
The Agent Has Converged After 11041 Episodes
The Agent Has Converged After 9571 Episodes
The Agent Has Converged After 11471 Episodes
The Agent Has Converged After 8621 Episodes
The Agent Has Converged After 9321 Episodes
The Agent Has Converged After 9281 Episodes
The Agent Has Converged After 9781 Episodes
The Agent Has Converged After 9611 Episodes
The Agent Has Converged After 11051 Episodes
The Agent Has Converged After 10621 Episodes
The Agent Has Converged After 10581 Episodes
The Agent Has Converged After 10601 Episodes
The Agent Has Converged After 9901 Episodes
The Agent Has Converged After 9821 Episodes
The Agent Has Converged After 10401 Episodes
The Agent Has Converged After 11761 Episodes
The Agent Has Converged After 11941 Episodes
The Agent Has Converged After 9881 Episodes
The Agent Has Converged After 11161 Episodes
The Agent Has Converged After 10991 Episodes
The Agent Has Converged After 11291 Episodes
The Agent Has Converged After 11771 Episodes
The Agent Has Converged After 11841 Episodes
The Agent Has Converged After 11571 Episodes
The Agent Has Converged After 12411 Episodes
The Agent Has Converged After 10371 Episodes
The Agent Has Converged After 11861 Episodes
The Agent Has Converged After 10951 Episodes
The Agent Has Converged After 11951 Episodes
The Agent Has Converged After 11491 Episodes
The Agent Has Converged After 11401 Episodes
The Agent Has Converged After 12421 Episodes
The Agent Has Converged After 11251 Episodes
The Agent Has Converged After 13831 Episodes
The Agent Has Converged After 12121 Episodes
The Agent Has Converged After 12881 Episodes
The Agent Has Converged After 12231 Episodes
The Agent Has Converged After 10881 Episodes
The Agent Has Converged After 13781 Episodes
The Agent Has Converged After 11291 Episodes
The Agent Has Converged After 15691 Episodes
The Agent Has Converged After 12011 Episodes
The Agent Has Converged After 12751 Episodes
The Agent Has Converged After 14871 Episodes
The Agent Has Converged After 13571 Episodes
The Agent Has Converged After 13131 Episodes
The Agent Has Converged After 15681 Episodes
The Agent Has Converged After 12951 Episodes
The Agent Has Converged After 16461 Episodes
The Agent Has Converged After 15901 Episodes
The Agent Has Converged After 16341 Episodes
The Agent Has Converged After 15871 Episodes
The Agent Has Converged After 15381 Episodes
The Agent Has Converged After 15131 Episodes
The Agent Has Converged After 15271 Episodes
The Agent Has Converged After 17461 Episodes
The Agent Has Converged After 16241 Episodes
The Agent Has Converged After 20351 Episodes
The Agent Has Converged After 19671 Episodes
The Agent Has Converged After 19771 Episodes
The Agent Has Converged After 19501 Episodes
The Agent Has Converged After 21541 Episodes
The Agent Has Converged After 20661 Episodes
The Agent Has Converged After 22821 Episodes
The Agent Has Converged After 19731 Episodes
The Agent Has Converged After 21101 Episodes
The Agent Has Converged After 22941 Episodes
The Agent Has Converged After 19241 Episodes
The Agent Has Converged After 23041 Episodes
The Agent Has Converged After 22041 Episodes
The Agent Has Converged After 22791 Episodes
The Agent Has Converged After 22411 Episodes
The Agent Has Converged After 22881 Episodes
The Agent Has Converged After 24851 Episodes
The Agent Has Converged After 22001 Episodes
The Agent Has Converged After 22341 Episodes
The Agent Has Converged After 23081 Episodes
The Agent Has Converged After 23621 Episodes
The Agent Has Converged After 23811 Episodes
The Agent Has Converged After 23991 Episodes
The Agent Has Converged After 23831 Episodes
The Agent Has Converged After 24311 Episodes
The Agent Has Converged After 24121 Episodes
The Agent Has Converged After 27421 Episodes
The Agent Has Converged After 25351 Episodes
The Agent Has Converged After 25841 Episodes
The Agent Has Converged After 24401 Episodes
The Agent Has Converged After 24821 Episodes
The Agent Has Converged After 25681 Episodes
The Agent Has Converged After 28431 Episodes
The Agent Has Converged After 28141 Episodes
The Agent Has Converged After 27721 Episodes

Environment changed. Applying local Q-learning.
The Agent Has Converged After 23031 Episodes

Environment changed. Performing local path planning for affected leaf nodes.
Training agent in leaf node: Start(19, 131), End(37, 149)
The Agent Has Converged After 23371 Episodes

Maze Size: 150x150

--- MasMat Results ---
Static Training Time   : 582.508s
Dynamic Training Time  : 5.03122s
Average Planning Time  : 6.21153e-06s
Success Rate           : 100%
Average Path Length    : 2.65 steps

--- Local Path Planning Results ---
Static Training Time   : 87.3104s
Dynamic Training Time  : 5.4169s
Average Planning Time  : 4.82148e-06s
Success Rate           : 100%
Average Path Length    : 2.21 steps

		=== The Maze: 0 means obstacle, 1 means free space, 2 means charging station ===

Maze Sub-environment Tree:

Node: Start(0, 0), End(149, 149), Size(150x150), Charging Stations: 456
 ├─ Node: Start(0, 0), End(74, 74), Size(75x75), Charging Stations: 119
 │   ├─ Node: Start(0, 0), End(37, 37), Size(38x38), Charging Stations: 32
 │   │   ├─ Node: Start(0, 0), End(18, 18), Size(19x19), Charging Stations: 9
 │   │   │   ├─ Node: Start(0, 0), End(9, 9), Size(10x10), Charging Stations: 1
 │   │   │   ├─ Node: Start(0, 10), End(9, 18), Size(10x9), Charging Stations: 4
 │   │   │   ├─ Node: Start(10, 0), End(18, 9), Size(9x10), Charging Stations: 2
 │   │   │   └─ Node: Start(10, 10), End(18, 18), Size(9x9), Charging Stations: 2
 │   │   ├─ Node: Start(0, 19), End(18, 37), Size(19x19), Charging Stations: 6
 │   │   │   ├─ Node: Start(0, 18), End(9, 27), Size(10x10), Charging Stations: 1
 │   │   │   ├─ Node: Start(0, 28), End(9, 37), Size(10x10), Charging Stations: 1
 │   │   │   ├─ Node: Start(10, 18), End(18, 27), Size(9x10), Charging Stations: 2
 │   │   │   └─ Node: Start(10, 28), End(18, 37), Size(9x10), Charging Stations: 2
 │   │   ├─ Node: Start(19, 0), End(37, 18), Size(19x19), Charging Stations: 9
 │   │   │   ├─ Node: Start(18, 0), End(27, 9), Size(10x10), Charging Stations: 3
 │   │   │   ├─ Node: Start(18, 10), End(27, 18), Size(10x9), Charging Stations: 2
 │   │   │   ├─ Node: Start(28, 0), End(37, 9), Size(10x10), Charging Stations: 3
 │   │   │   └─ Node: Start(28, 10), End(37, 18), Size(10x9), Charging Stations: 1
 │   │   └─ Node: Start(19, 19), End(37, 37), Size(19x19), Charging Stations: 6
 │   ├─ Node: Start(0, 38), End(37, 74), Size(38x37), Charging Stations: 24
 │   │   ├─ Node: Start(0, 37), End(18, 55), Size(19x19), Charging Stations: 7
 │   │   ├─ Node: Start(0, 56), End(18, 74), Size(19x19), Charging Stations: 6
 │   │   ├─ Node: Start(19, 37), End(37, 55), Size(19x19), Charging Stations: 6
 │   │   │   ├─ Node: Start(18, 37), End(27, 46), Size(10x10), Charging Stations: 1
 │   │   │   ├─ Node: Start(18, 47), End(27, 55), Size(10x9), Charging Stations: 2
 │   │   │   ├─ Node: Start(28, 37), End(37, 46), Size(10x10), Charging Stations: 1
 │   │   │   └─ Node: Start(28, 47), End(37, 55), Size(10x9), Charging Stations: 1
 │   │   └─ Node: Start(19, 56), End(37, 74), Size(19x19), Charging Stations: 5
 │   ├─ Node: Start(38, 0), End(74, 37), Size(37x38), Charging Stations: 28
 │   │   ├─ Node: Start(37, 0), End(55, 18), Size(19x19), Charging Stations: 4
 │   │   ├─ Node: Start(37, 19), End(55, 37), Size(19x19), Charging Stations: 10
 │   │   │   ├─ Node: Start(37, 18), End(46, 27), Size(10x10), Charging Stations: 1
 │   │   │   ├─ Node: Start(37, 28), End(46, 37), Size(10x10), Charging Stations: 4
 │   │   │   ├─ Node: Start(47, 18), End(55, 27), Size(9x10), Charging Stations: 3
 │   │   │   └─ Node: Start(47, 28), End(55, 37), Size(9x10), Charging Stations: 3
 │   │   ├─ Node: Start(56, 0), End(74, 18), Size(19x19), Charging Stations: 7
 │   │   └─ Node: Start(56, 19), End(74, 37), Size(19x19), Charging Stations: 4
 │   └─ Node: Start(38, 38), End(74, 74), Size(37x37), Charging Stations: 30
 │       ├─ Node: Start(37, 37), End(55, 55), Size(19x19), Charging Stations: 8
 │       ├─ Node: Start(37, 56), End(55, 74), Size(19x19), Charging Stations: 9
 │       │   ├─ Node: Start(37, 55), End(46, 64), Size(10x10), Charging Stations: 2
 │       │   ├─ Node: Start(37, 65), End(46, 74), Size(10x10), Charging Stations: 3
 │       │   ├─ Node: Start(47, 55), End(55, 64), Size(9x10), Charging Stations: 2
 │       │   └─ Node: Start(47, 65), End(55, 74), Size(9x10), Charging Stations: 3
 │       ├─ Node: Start(56, 37), End(74, 55), Size(19x19), Charging Stations: 8
 │       └─ Node: Start(56, 56), End(74, 74), Size(19x19), Charging Stations: 5
 ├─ Node: Start(0, 75), End(74, 149), Size(75x75), Charging Stations: 123
 │   ├─ Node: Start(0, 74), End(37, 111), Size(38x38), Charging Stations: 27
 │   │   ├─ Node: Start(0, 74), End(18, 92), Size(19x19), Charging Stations: 13
 │   │   │   ├─ Node: Start(0, 74), End(9, 83), Size(10x10), Charging Stations: 3
 │   │   │   ├─ Node: Start(0, 84), End(9, 92), Size(10x9), Charging Stations: 1
 │   │   │   ├─ Node: Start(10, 74), End(18, 83), Size(9x10), Charging Stations: 2
 │   │   │   └─ Node: Start(10, 84), End(18, 92), Size(9x9), Charging Stations: 7
 │   │   ├─ Node: Start(0, 93), End(18, 111), Size(19x19), Charging Stations: 6
 │   │   ├─ Node: Start(19, 74), End(37, 92), Size(19x19), Charging Stations: 6
 │   │   └─ Node: Start(19, 93), End(37, 111), Size(19x19), Charging Stations: 2
 │   ├─ Node: Start(0, 112), End(37, 149), Size(38x38), Charging Stations: 32
 │   │   ├─ Node: Start(0, 111), End(18, 130), Size(19x20), Charging Stations: 7
 │   │   ├─ Node: Start(0, 131), End(18, 149), Size(19x19), Charging Stations: 4
 │   │   ├─ Node: Start(19, 111), End(37, 130), Size(19x20), Charging Stations: 12
 │   │   │   ├─ Node: Start(18, 111), End(27, 120), Size(10x10), Charging Stations: 3
 │   │   │   ├─ Node: Start(18, 121), End(27, 130), Size(10x10), Charging Stations: 2
 │   │   │   ├─ Node: Start(28, 111), End(37, 120), Size(10x10), Charging Stations: 3
 │   │   │   └─ Node: Start(28, 121), End(37, 130), Size(10x10), Charging Stations: 3
 │   │   └─ Node: Start(19, 131), End(37, 149), Size(19x19), Charging Stations: 9
 │   ├─ Node: Start(38, 74), End(74, 111), Size(37x38), Charging Stations: 27
 │   │   ├─ Node: Start(37, 74), End(55, 92), Size(19x19), Charging Stations: 4
 │   │   │   ├─ Node: Start(37, 74), End(46, 83), Size(10x10), Charging Stations: 1
 │   │   │   ├─ Node: Start(37, 84), End(46, 92), Size(10x9), Charging Stations: 1
 │   │   │   ├─ Node: Start(47, 74), End(55, 83), Size(9x10), Charging Stations: 1
 │   │   │   └─ Node: Start(47, 84), End(55, 92), Size(9x9), Charging Stations: 1
 │   │   ├─ Node: Start(37, 93), End(55, 111), Size(19x19), Charging Stations: 6
 │   │   ├─ Node: Start(56, 74), End(74, 92), Size(19x19), Charging Stations: 6
 │   │   │   ├─ Node: Start(55, 74), End(64, 83), Size(10x10), Charging Stations: 1
 │   │   │   ├─ Node: Start(55, 84), End(64, 92), Size(10x9), Charging Stations: 1
 │   │   │   ├─ Node: Start(65, 74), End(74, 83), Size(10x10), Charging Stations: 1
 │   │   │   └─ Node: Start(65, 84), End(74, 92), Size(10x9), Charging Stations: 2
 │   │   └─ Node: Start(56, 93), End(74, 111), Size(19x19), Charging Stations: 11
 │   │       ├─ Node: Start(55, 92), End(64, 101), Size(10x10), Charging Stations: 2
 │   │       ├─ Node: Start(55, 102), End(64, 111), Size(10x10), Charging Stations: 3
 │   │       ├─ Node: Start(65, 92), End(74, 101), Size(10x10), Charging Stations: 1
 │   │       └─ Node: Start(65, 102), End(74, 111), Size(10x10), Charging Stations: 4
 │   └─ Node: Start(38, 112), End(74, 149), Size(37x38), Charging Stations: 35
 │       ├─ Node: Start(37, 111), End(55, 130), Size(19x20), Charging Stations: 8
 │       │   ├─ Node: Start(37, 111), End(46, 120), Size(10x10), Charging Stations: 1
 │       │   ├─ Node: Start(37, 121), End(46, 130), Size(10x10), Charging Stations: 3
 │       │   ├─ Node: Start(47, 111), End(55, 120), Size(9x10), Charging Stations: 2
 │       │   └─ Node: Start(47, 121), End(55, 130), Size(9x10), Charging Stations: 1
 │       ├─ Node: Start(37, 131), End(55, 149), Size(19x19), Charging Stations: 6
 │       ├─ Node: Start(56, 111), End(74, 130), Size(19x20), Charging Stations: 10
 │       │   ├─ Node: Start(55, 111), End(64, 120), Size(10x10), Charging Stations: 3
 │       │   ├─ Node: Start(55, 121), End(64, 130), Size(10x10), Charging Stations: 2
 │       │   ├─ Node: Start(65, 111), End(74, 120), Size(10x10), Charging Stations: 1
 │       │   └─ Node: Start(65, 121), End(74, 130), Size(10x10), Charging Stations: 3
 │       └─ Node: Start(56, 131), End(74, 149), Size(19x19), Charging Stations: 12
 │           ├─ Node: Start(55, 130), End(64, 139), Size(10x10), Charging Stations: 6
 │           │   ├─ Node: Start(55, 130), End(59, 134), Size(5x5), Charging Stations: 1
 │           │   ├─ Node: Start(55, 135), End(59, 139), Size(5x5), Charging Stations: 1
 │           │   ├─ Node: Start(60, 130), End(64, 134), Size(5x5), Charging Stations: 3
 │           │   └─ Node: Start(60, 135), End(64, 139), Size(5x5), Charging Stations: 1
 │           ├─ Node: Start(55, 140), End(64, 149), Size(10x10), Charging Stations: 2
 │           ├─ Node: Start(65, 130), End(74, 139), Size(10x10), Charging Stations: 3
 │           └─ Node: Start(65, 140), End(74, 149), Size(10x10), Charging Stations: 2
 ├─ Node: Start(75, 0), End(149, 74), Size(75x75), Charging Stations: 105
 │   ├─ Node: Start(74, 0), End(111, 37), Size(38x38), Charging Stations: 24
 │   │   ├─ Node: Start(74, 0), End(92, 18), Size(19x19), Charging Stations: 5
 │   │   ├─ Node: Start(74, 19), End(92, 37), Size(19x19), Charging Stations: 5
 │   │   │   ├─ Node: Start(74, 18), End(83, 27), Size(10x10), Charging Stations: 1
 │   │   │   ├─ Node: Start(74, 28), End(83, 37), Size(10x10), Charging Stations: 1
 │   │   │   ├─ Node: Start(84, 18), End(92, 27), Size(9x10), Charging Stations: 1
 │   │   │   └─ Node: Start(84, 28), End(92, 37), Size(9x10), Charging Stations: 2
 │   │   ├─ Node: Start(93, 0), End(111, 18), Size(19x19), Charging Stations: 6
 │   │   └─ Node: Start(93, 19), End(111, 37), Size(19x19), Charging Stations: 8
 │   │       ├─ Node: Start(92, 18), End(101, 27), Size(10x10), Charging Stations: 2
 │   │       ├─ Node: Start(92, 28), End(101, 37), Size(10x10), Charging Stations: 2
 │   │       ├─ Node: Start(102, 18), End(111, 27), Size(10x10), Charging Stations: 1
 │   │       └─ Node: Start(102, 28), End(111, 37), Size(10x10), Charging Stations: 1
 │   ├─ Node: Start(74, 38), End(111, 74), Size(38x37), Charging Stations: 30
 │   │   ├─ Node: Start(74, 37), End(92, 55), Size(19x19), Charging Stations: 11
 │   │   │   ├─ Node: Start(74, 37), End(83, 46), Size(10x10), Charging Stations: 4
 │   │   │   ├─ Node: Start(74, 47), End(83, 55), Size(10x9), Charging Stations: 2
 │   │   │   ├─ Node: Start(84, 37), End(92, 46), Size(9x10), Charging Stations: 1
 │   │   │   └─ Node: Start(84, 47), End(92, 55), Size(9x9), Charging Stations: 3
 │   │   ├─ Node: Start(74, 56), End(92, 74), Size(19x19), Charging Stations: 7
 │   │   │   ├─ Node: Start(74, 55), End(83, 64), Size(10x10), Charging Stations: 2
 │   │   │   ├─ Node: Start(74, 65), End(83, 74), Size(10x10), Charging Stations: 2
 │   │   │   ├─ Node: Start(84, 55), End(92, 64), Size(9x10), Charging Stations: 2
 │   │   │   └─ Node: Start(84, 65), End(92, 74), Size(9x10), Charging Stations: 1
 │   │   ├─ Node: Start(93, 37), End(111, 55), Size(19x19), Charging Stations: 6
 │   │   └─ Node: Start(93, 56), End(111, 74), Size(19x19), Charging Stations: 6
 │   ├─ Node: Start(112, 0), End(149, 37), Size(38x38), Charging Stations: 24
 │   │   ├─ Node: Start(111, 0), End(130, 18), Size(20x19), Charging Stations: 8
 │   │   │   ├─ Node: Start(111, 0), End(120, 9), Size(10x10), Charging Stations: 1
 │   │   │   ├─ Node: Start(111, 10), End(120, 18), Size(10x9), Charging Stations: 1
 │   │   │   ├─ Node: Start(121, 0), End(130, 9), Size(10x10), Charging Stations: 2
 │   │   │   └─ Node: Start(121, 10), End(130, 18), Size(10x9), Charging Stations: 4
 │   │   ├─ Node: Start(111, 19), End(130, 37), Size(20x19), Charging Stations: 6
 │   │   ├─ Node: Start(131, 0), End(149, 18), Size(19x19), Charging Stations: 7
 │   │   │   ├─ Node: Start(130, 0), End(139, 9), Size(10x10), Charging Stations: 1
 │   │   │   ├─ Node: Start(130, 10), End(139, 18), Size(10x9), Charging Stations: 3
 │   │   │   ├─ Node: Start(140, 0), End(149, 9), Size(10x10), Charging Stations: 1
 │   │   │   └─ Node: Start(140, 10), End(149, 18), Size(10x9), Charging Stations: 1
 │   │   └─ Node: Start(131, 19), End(149, 37), Size(19x19), Charging Stations: 1
 │   └─ Node: Start(112, 38), End(149, 74), Size(38x37), Charging Stations: 27
 │       ├─ Node: Start(111, 37), End(130, 55), Size(20x19), Charging Stations: 9
 │       │   ├─ Node: Start(111, 37), End(120, 46), Size(10x10), Charging Stations: 4
 │       │   ├─ Node: Start(111, 47), End(120, 55), Size(10x9), Charging Stations: 2
 │       │   ├─ Node: Start(121, 37), End(130, 46), Size(10x10), Charging Stations: 2
 │       │   └─ Node: Start(121, 47), End(130, 55), Size(10x9), Charging Stations: 1
 │       ├─ Node: Start(111, 56), End(130, 74), Size(20x19), Charging Stations: 8
 │       ├─ Node: Start(131, 37), End(149, 55), Size(19x19), Charging Stations: 6
 │       └─ Node: Start(131, 56), End(149, 74), Size(19x19), Charging Stations: 4
 └─ Node: Start(75, 75), End(149, 149), Size(75x75), Charging Stations: 100
     ├─ Node: Start(74, 74), End(111, 111), Size(38x38), Charging Stations: 29
     │   ├─ Node: Start(74, 74), End(92, 92), Size(19x19), Charging Stations: 9
     │   │   ├─ Node: Start(74, 74), End(83, 83), Size(10x10), Charging Stations: 2
     │   │   ├─ Node: Start(74, 84), End(83, 92), Size(10x9), Charging Stations: 3
     │   │   │   ├─ Node: Start(74, 83), End(78, 87), Size(5x5), Charging Stations: 1
     │   │   │   ├─ Node: Start(74, 88), End(78, 92), Size(5x5), Charging Stations: 1
     │   │   │   ├─ Node: Start(79, 83), End(83, 87), Size(5x5), Charging Stations: 1
     │   │   │   └─ Node: Start(79, 88), End(83, 92), Size(5x5), Charging Stations: 1
     │   │   ├─ Node: Start(84, 74), End(92, 83), Size(9x10), Charging Stations: 1
     │   │   └─ Node: Start(84, 84), End(92, 92), Size(9x9), Charging Stations: 2
     │   ├─ Node: Start(74, 93), End(92, 111), Size(19x19), Charging Stations: 4
     │   ├─ Node: Start(93, 74), End(111, 92), Size(19x19), Charging Stations: 7
     │   └─ Node: Start(93, 93), End(111, 111), Size(19x19), Charging Stations: 8
     │       ├─ Node: Start(92, 92), End(101, 101), Size(10x10), Charging Stations: 3
     │       ├─ Node: Start(92, 102), End(101, 111), Size(10x10), Charging Stations: 1
     │       ├─ Node: Start(102, 92), End(111, 101), Size(10x10), Charging Stations: 3
     │       └─ Node: Start(102, 102), End(111, 111), Size(10x10), Charging Stations: 1
     ├─ Node: Start(74, 112), End(111, 149), Size(38x38), Charging Stations: 27
     │   ├─ Node: Start(74, 111), End(92, 130), Size(19x20), Charging Stations: 9
     │   │   ├─ Node: Start(74, 111), End(83, 120), Size(10x10), Charging Stations: 3
     │   │   ├─ Node: Start(74, 121), End(83, 130), Size(10x10), Charging Stations: 2
     │   │   ├─ Node: Start(84, 111), End(92, 120), Size(9x10), Charging Stations: 2
     │   │   └─ Node: Start(84, 121), End(92, 130), Size(9x10), Charging Stations: 2
     │   ├─ Node: Start(74, 131), End(92, 149), Size(19x19), Charging Stations: 7
     │   ├─ Node: Start(93, 111), End(111, 130), Size(19x20), Charging Stations: 6
     │   │   ├─ Node: Start(92, 111), End(101, 120), Size(10x10), Charging Stations: 1
     │   │   ├─ Node: Start(92, 121), End(101, 130), Size(10x10), Charging Stations: 3
     │   │   ├─ Node: Start(102, 111), End(111, 120), Size(10x10), Charging Stations: 1
     │   │   └─ Node: Start(102, 121), End(111, 130), Size(10x10), Charging Stations: 2
     │   └─ Node: Start(93, 131), End(111, 149), Size(19x19), Charging Stations: 4
     ├─ Node: Start(112, 74), End(149, 111), Size(38x38), Charging Stations: 24
     │   ├─ Node: Start(111, 74), End(130, 92), Size(20x19), Charging Stations: 7
     │   │   ├─ Node: Start(111, 74), End(120, 83), Size(10x10), Charging Stations: 1
     │   │   ├─ Node: Start(111, 84), End(120, 92), Size(10x9), Charging Stations: 2
     │   │   ├─ Node: Start(121, 74), End(130, 83), Size(10x10), Charging Stations: 1
     │   │   └─ Node: Start(121, 84), End(130, 92), Size(10x9), Charging Stations: 2
     │   ├─ Node: Start(111, 93), End(130, 111), Size(20x19), Charging Stations: 5
     │   ├─ Node: Start(131, 74), End(149, 92), Size(19x19), Charging Stations: 5
     │   └─ Node: Start(131, 93), End(149, 111), Size(19x19), Charging Stations: 8
     └─ Node: Start(112, 112), End(149, 149), Size(38x38), Charging Stations: 23
         ├─ Node: Start(111, 111), End(130, 130), Size(20x20), Charging Stations: 6
         ├─ Node: Start(111, 131), End(130, 149), Size(20x19), Charging Stations: 1
         ├─ Node: Start(131, 111), End(149, 130), Size(19x20), Charging Stations: 6
         └─ Node: Start(131, 131), End(149, 149), Size(19x19), Charging Stations: 8
             ├─ Node: Start(130, 130), End(139, 139), Size(10x10), Charging Stations: 1
             ├─ Node: Start(130, 140), End(139, 149), Size(10x10), Charging Stations: 2
             ├─ Node: Start(140, 130), End(149, 139), Size(10x10), Charging Stations: 2
             └─ Node: Start(140, 140), End(149, 149), Size(10x10), Charging Stations: 2

Environment is static. Applying global Q-learning.
The Agent Has Converged After 1022581 Episodes

Environment is static. Performing global local path planning for all leaf nodes.
Training agent in leaf node: Start(28, 0), End(37, 9)
Training agent in leaf node: Start(0, 56), End(18, 74)
Training agent in leaf node: Start(65, 140), End(74, 149)
Training agent in leaf node: Start(28, 10), End(37, 18)
Training agent in leaf node: Start(56, 0), End(74, 18)
Training agent in leaf node: Start(37, 0), End(55, 18)
Training agent in leaf node: Start(93, 0), End(111, 18)
Training agent in leaf node: Start(28, 47), End(37, 55)
Training agent in leaf node: Start(102, 102), End(111, 111)
Training agent in leaf node: Start(37, 74), End(46, 83)
Training agent in leaf node: Start(74, 131), End(92, 149)
Training agent in leaf node: Start(19, 131), End(37, 149)
Training agent in leaf node: Start(92, 121), End(101, 130)
Training agent in leaf node: Start(55, 84), End(64, 92)
Training agent in leaf node: Start(121, 84), End(130, 92)
Training agent in leaf node: Start(74, 65), End(83, 74)
Training agent in leaf node: Start(102, 92), End(111, 101)
Training agent in leaf node: Start(130, 130), End(139, 139)
Training agent in leaf node: Start(111, 0), End(120, 9)
Training agent in leaf node: Start(111, 84), End(120, 92)
Training agent in leaf node: Start(140, 10), End(149, 18)
Training agent in leaf node: Start(37, 37), End(55, 55)
Training agent in leaf node: Start(74, 83), End(78, 87)
Training agent in leaf node: Start(84, 65), End(92, 74)
Training agent in leaf node: Start(18, 10), End(27, 18)
Training agent in leaf node: Start(111, 56), End(130, 74)
Training agent in leaf node: Start(111, 10), End(120, 18)
Training agent in leaf node: Start(93, 37), End(111, 55)
Training agent in leaf node: Start(0, 74), End(9, 83)
Training agent in leaf node: Start(74, 74), End(83, 83)
Training agent in leaf node: Start(19, 93), End(37, 111)
Training agent in leaf node: Start(111, 19), End(130, 37)
Training agent in leaf node: Start(74, 55), End(83, 64)
Training agent in leaf node: Start(37, 18), End(46, 27)
Training agent in leaf node: Start(92, 18), End(101, 27)
Training agent in leaf node: Start(121, 47), End(130, 55)
Training agent in leaf node: Start(28, 121), End(37, 130)
Training agent in leaf node: Start(84, 37), End(92, 46)
Training agent in leaf node: Start(131, 19), End(149, 37)
Training agent in leaf node: Start(65, 121), End(74, 130)
Training agent in leaf node: Start(56, 56), End(74, 74)
Training agent in leaf node: Start(55, 111), End(64, 120)
Training agent in leaf node: Start(111, 131), End(130, 149)
Training agent in leaf node: Start(55, 74), End(64, 83)
Training agent in leaf node: Start(121, 10), End(130, 18)
Training agent in leaf node: Start(10, 28), End(18, 37)
Training agent in leaf node: Start(18, 47), End(27, 55)
Training agent in leaf node: Start(56, 37), End(74, 55)
Training agent in leaf node: Start(131, 74), End(149, 92)
Training agent in leaf node: Start(55, 130), End(59, 134)
Training agent in leaf node: Start(47, 121), End(55, 130)
Training agent in leaf node: Start(102, 28), End(111, 37)
Training agent in leaf node: Start(Training agent in leaf node: Start(10, 18), End(18, 27)
55, 140), End(64, 149)
Training agent in leaf node: Start(0, 131), End(18, 149)
Training agent in leaf node: Start(37, 131), End(55, 149)
Training agent in leaf node: Start(37, 28), End(46, 37)
Training agent in leaf node: Start(130, 10), End(139, 18)
Training agent in leaf node: Start(102, 111), End(111, 120)
Training agent in leaf node: Start(55, 102), End(64, 111)
Training agent in leaf node: Start(140, 130), End(149, 139)
Training agent in leaf node: Start(79, 88), End(83, 92)
Training agent in leaf node: Start(47, 65), End(55, 74)
Training agent in leaf node: Start(56, 19), End(74, 37)
Training agent in leaf node: Start(10, 74), End(18, 83)
Training agent in leaf node: Start(37, 93), End(55, 111)
Training agent in leaf node: Start(10, 84), End(18, 92)
Training agent in leaf node: Start(55, 92), End(64, 101)
Training agent in leaf node: Start(18, 121), End(27, 130)
Training agent in leaf node: Start(111, 47), End(120, 55)
Training agent in leaf node: Start(92, 28), End(101, 37)
Training agent in leaf node: Start(65, 111), End(74, 120)
Training agent in leaf node: Start(0, 111), End(18, 130)
Training agent in leaf node: Start(65, 84), End(74, 92)
Training agent in leaf node: Start(65, 102), End(74, 111)
Training agent in leaf node: Start(19, 74), End(37, 92)
Training agent in leaf node: Start(65, 74), End(74, 83)
Training agent in leaf node: Start(130, 0), End(139, 9)
Training agent in leaf node: Start(47, 111), End(55, 120)
Training agent in leaf node: Start(37, 84), End(46, 92)
Training agent in leaf node: Start(0, 10), End(9, 18)
Training agent in leaf node: Start(47, 74), End(55, 83)
Training agent in leaf node: Start(0, 93), End(18, 111)
Training agent in leaf node: Start(65, 130), End(74, 139)
Training agent in leaf node: Start(47, 84), End(55, 92)
Training agent in leaf node: Start(0, 28), End(9, 37)
Training agent in leaf node: Start(47, 55), End(55, 64)
Training agent in leaf node: Start(74, 121), End(83, 130)
Training agent in leaf node: Start(18, 37), End(27, 46)
Training agent in leaf node: Start(10, 10), End(18, 18)
Training agent in leaf node: Start(Training agent in leaf node: Start(140, 140), End(149, 149)
131, 93), End(149, 111)
Training agent in leaf node: Start(74, 28), End(83, 37)
Training agent in leaf node: Start(18, 111), End(27, 120)
Training agent in leaf node: Start(65, 92), End(74, 101)
Training agent in leaf node: Start(55, 121), End(64, 130)
Training agent in leaf node: Start(74, 111), End(83, 120)
Training agent in leaf node: Start(74, 0), End(92, 18)
Training agent in leaf node: Start(111, 37), End(120, 46)
Training agent in leaf node: Start(55, 135), End(59, 139)
Training agent in leaf node: Start(37, 121), End(46, 130)
Training agent in leaf node: Start(19, 56), End(37, 74)
Training agent in leaf node: Start(Training agent in leaf node: Start(140, 0), End(149, 9)
Training agent in leaf node: Start(131, 56), End(149, 74)
Training agent in leaf node: Start(37, 111), End(46, 120)
Training agent in leaf node: Start(102, 18), End(111, 27)
Training agent in leaf node: Start(60, 130), End(64, 134)
Training agent in leaf node: Start(84, 18), End(92, 27)
Training agent in leaf node: Start(84, 74), End(92, 83)
Training agent in leaf node: Start(28, 111), End(37, 120)
Training agent in leaf node: Start(93, 56), End(111, 74)
Training agent in leaf node: Start(121, 0), End(130, 9)
Training agent in leaf node: Start(102, 121), End(111, 130)
Training agent in leaf node: Start(131, 37), End(149, 55)
Training agent in leaf node: Start(37, 65), End(46, 74)
Training agent in leaf node: Start(37, 55), End(46, 64)
Training agent in leaf node: Start(74, 93), End(92, 111)
Training agent in leaf node: Start(18, 0), End(27, 9)
Training agent in leaf node: Start(0, 37), End(18, 55)
Training agent in leaf node: Start(60, 135), End(64, 139)
Training agent in leaf node: Start(47, 18), End(55, 27)
Training agent in leaf node: Start(74, 47), End(83, 55)
Training agent in leaf node: Start(84, 28), End(92, 37)
Training agent in leaf node: Start(0, 0), End(9, 9)
Training agent in leaf node: Start(130, 140), End(139, 149)
Training agent in leaf node: Start(84, 121), End(92, 130)
Training agent in leaf node: Start(79, 83), End(83, 87)
Training agent in leaf node: Start(93, 131), End(111, 149)
Training agent in leaf node: Start(84, 111), End(92, 120)
Training agent in leaf node: Start(111, 74), End(120, 83)
Training agent in leaf node: Start(74, 88), End(78, 92)
Training agent in leaf node: Start(93, 74), End(111, 92)
Training agent in leaf node: Start(111, 93), End(130, 111)
Training agent in leaf node: Start(121, 37), End(130, 46)
Training agent in leaf node: Start(121, 74), End(130, 83)
Training agent in leaf node: Start(111, 111), End(130, 130)
Training agent in leaf node: Start(131, 111), End(149, 130)
Training agent in leaf node: Start(84, 55), End(92, 64)
Training agent in leaf node: Start(92, 102), End(101, 111)
Training agent in leaf node: Start(28, 37), End(37, 46)
Training agent in leaf node: Start(74, 37), End(83, 46)
Training agent in leaf node: Start(19, 19), End(37, 37)
92, 111), End(101, 120)
Training agent in leaf node: Start(84, 47), End(92, 55)
Training agent in leaf node: Start(0, 18), End(9, 27)
Training agent in leaf node: Start(74, 18), End(83, 27)
Training agent in leaf node: Start(0, 84), End(9, 92)
Training agent in leaf node: Start(92, 92), End(101, 101)
Training agent in leaf node: Start(47, 28), End(55, 37)
Training agent in leaf node: Start(10, 0), End(18, 9)
Training agent in leaf node: Start(84, 84), End(92, 92)
The Agent Has Converged After 2801 Episodes
The Agent Has Converged After 3691 Episodes
The Agent Has Converged After 3751 Episodes
The Agent Has Converged After 3671 Episodes
The Agent Has Converged After 4201 Episodes
The Agent Has Converged After 4631 Episodes
The Agent Has Converged After 5611 Episodes
The Agent Has Converged After 4691 Episodes
The Agent Has Converged After 5221 Episodes
The Agent Has Converged After 6291 Episodes
The Agent Has Converged After 5071 Episodes
The Agent Has Converged After 4661 Episodes
The Agent Has Converged After 6421 Episodes
The Agent Has Converged After 4701 Episodes
The Agent Has Converged After 5911 Episodes
The Agent Has Converged After 10011 Episodes
The Agent Has Converged After 5671 Episodes
The Agent Has Converged After 7361 Episodes
The Agent Has Converged After 6231 Episodes
The Agent Has Converged After 6701 Episodes
The Agent Has Converged After 7161 Episodes
The Agent Has Converged After 8701 Episodes
The Agent Has Converged After 6721 Episodes
The Agent Has Converged After 7571 Episodes
The Agent Has Converged After 8111 Episodes
The Agent Has Converged After 7781 Episodes
The Agent Has Converged After 7101 Episodes
The Agent Has Converged After 9131 Episodes
The Agent Has Converged After 8381 Episodes
The Agent Has Converged After 7471 Episodes
The Agent Has Converged After 9481 Episodes
The Agent Has Converged After 6911 Episodes
The Agent Has Converged After 8161 Episodes
The Agent Has Converged After 7051 Episodes
The Agent Has Converged After 7321 Episodes
The Agent Has Converged After 8111 Episodes
The Agent Has Converged After 7201 Episodes
The Agent Has Converged After 8381 Episodes
The Agent Has Converged After 7351 Episodes
The Agent Has Converged After 7021 Episodes
The Agent Has Converged After 9161 Episodes
The Agent Has Converged After 8961 Episodes
The Agent Has Converged After 7651 Episodes
The Agent Has Converged After 8261 Episodes
The Agent Has Converged After 8331 Episodes
The Agent Has Converged After 9541 Episodes
The Agent Has Converged After 10581 Episodes
The Agent Has Converged After 9621 Episodes
The Agent Has Converged After 10631 Episodes
The Agent Has Converged After 8341 Episodes
The Agent Has Converged After 9291 Episodes
The Agent Has Converged After 7681 Episodes
The Agent Has Converged After 8081 Episodes
The Agent Has Converged After 10031 Episodes
The Agent Has Converged After 8391 Episodes
The Agent Has Converged After 9931 Episodes
The Agent Has Converged After 8561 Episodes
The Agent Has Converged After 10801 Episodes
The Agent Has Converged After 11031 Episodes
The Agent Has Converged After 10551 Episodes
The Agent Has Converged After 10821 Episodes
The Agent Has Converged After 9351 Episodes
The Agent Has Converged After 9681 Episodes
The Agent Has Converged After 10451 Episodes
The Agent Has Converged After 8891 Episodes
The Agent Has Converged After 8901 Episodes
The Agent Has Converged After 9341 Episodes
The Agent Has Converged After 9171 Episodes
The Agent Has Converged After 11021 Episodes
The Agent Has Converged After 9011 Episodes
The Agent Has Converged After 9461 Episodes
The Agent Has Converged After 10141 Episodes
The Agent Has Converged After 11631 Episodes
The Agent Has Converged After 12041 Episodes
The Agent Has Converged After 10181 Episodes
The Agent Has Converged After 11881 Episodes
The Agent Has Converged After 10081 Episodes
The Agent Has Converged After 10951 Episodes
The Agent Has Converged After 10521 Episodes
The Agent Has Converged After 10811 Episodes
The Agent Has Converged After 10241 Episodes
The Agent Has Converged After 10511 Episodes
The Agent Has Converged After 10551 Episodes
The Agent Has Converged After 12931 Episodes
The Agent Has Converged After 10151 Episodes
The Agent Has Converged After 13611 Episodes
The Agent Has Converged After 11811 Episodes
The Agent Has Converged After 12011 Episodes
The Agent Has Converged After 10981 Episodes
The Agent Has Converged After 10741 Episodes
The Agent Has Converged After 10091 Episodes
The Agent Has Converged After 11161 Episodes
The Agent Has Converged After 14321 Episodes
The Agent Has Converged After 10521 Episodes
The Agent Has Converged After 11491 Episodes
The Agent Has Converged After 11591 Episodes
The Agent Has Converged After 10751 Episodes
The Agent Has Converged After 12061 Episodes
The Agent Has Converged After 11431 Episodes
The Agent Has Converged After 12301 Episodes
The Agent Has Converged After 11581 Episodes
The Agent Has Converged After 13781 Episodes
The Agent Has Converged After 10861 Episodes
The Agent Has Converged After 13261 Episodes
The Agent Has Converged After 13531 Episodes
The Agent Has Converged After 12071 Episodes
The Agent Has Converged After 14241 Episodes
The Agent Has Converged After 14361 Episodes
The Agent Has Converged After 14591 Episodes
The Agent Has Converged After 14281 Episodes
The Agent Has Converged After 15101 Episodes
The Agent Has Converged After 13591 Episodes
The Agent Has Converged After 17641 Episodes
The Agent Has Converged After 16671 Episodes
The Agent Has Converged After 18741 Episodes
The Agent Has Converged After 19501 Episodes
The Agent Has Converged After 20561 Episodes
The Agent Has Converged After 21211 Episodes
The Agent Has Converged After 20291 Episodes
The Agent Has Converged After 19101 Episodes
The Agent Has Converged After 19891 Episodes
The Agent Has Converged After 18831 Episodes
The Agent Has Converged After 21571 Episodes
The Agent Has Converged After 20421 Episodes
The Agent Has Converged After 19541 Episodes
The Agent Has Converged After 20851 Episodes
The Agent Has Converged After 21981 Episodes
The Agent Has Converged After 21991 Episodes
The Agent Has Converged After 22441 Episodes
The Agent Has Converged After 23511 Episodes
The Agent Has Converged After 22901 Episodes
The Agent Has Converged After 22391 Episodes
The Agent Has Converged After 21341 Episodes
The Agent Has Converged After 24911 Episodes
The Agent Has Converged After 23101 Episodes
The Agent Has Converged After 22961 Episodes
The Agent Has Converged After 24111 Episodes
The Agent Has Converged After 23661 Episodes
The Agent Has Converged After 24581 Episodes
The Agent Has Converged After 23991 Episodes
The Agent Has Converged After 23731 Episodes
The Agent Has Converged After 25331 Episodes
The Agent Has Converged After 25541 Episodes
The Agent Has Converged After 23441 Episodes
The Agent Has Converged After 25431 Episodes
The Agent Has Converged After 26751 Episodes
The Agent Has Converged After 26431 Episodes
The Agent Has Converged After 26721 Episodes
The Agent Has Converged After 26871 Episodes
The Agent Has Converged After 25751 Episodes
The Agent Has Converged After 30631 Episodes

Environment changed. Applying local Q-learning.
The Agent Has Converged After 21841 Episodes
The Agent Has Converged After 9741 Episodes
The Agent Has Converged After 26651 Episodes
The Agent Has Converged After 23291 Episodes
The Agent Has Converged After 18971 Episodes
The Agent Has Converged After 11081 Episodes
The Agent Has Converged After 20421 Episodes

Environment changed. Performing local path planning for affected leaf nodes.
Training agent in leaf node: Start(131, 19), End(149, 37)
Training agent in leaf node: Start(74, 131), End(92, 149)
Training agent in leaf node: Start(47, 65), End(55, 74)
Training agent in leaf node: Start(102, 111), End(111, 120)
Training agent in leaf node: Start(111, 93), End(130, 111)
Training agent in leaf node: Start(74, 93), End(92, 111)
Training agent in leaf node: Start(0, 37), End(18, 55)
The Agent Has Converged After 10811 Episodes
The Agent Has Converged After 12431 Episodes
The Agent Has Converged After 22981 Episodes
The Agent Has Converged After 21971 Episodes
The Agent Has Converged After 22781 Episodes
The Agent Has Converged After 25261 Episodes
The Agent Has Converged After 25281 Episodes

Maze Size: 150x150

--- MasMat Results ---
Static Training Time   : 594.005s
Dynamic Training Time  : 29.9133s
Average Planning Time  : 8.95753e-06s
Success Rate           : 99%
Average Path Length    : 2.69697 steps

--- Local Path Planning Results ---
Static Training Time   : 82.4085s
Dynamic Training Time  : 6.97447s
Average Planning Time  : 4.6485e-06s
Success Rate           : 100%
Average Path Length    : 2.11 steps

		=== The Maze: 0 means obstacle, 1 means free space, 2 means charging station ===

Maze Sub-environment Tree:

Node: Start(0, 0), End(199, 199), Size(200x200), Charging Stations: 788
 ├─ Node: Start(0, 0), End(99, 99), Size(100x100), Charging Stations: 203
 │   ├─ Node: Start(0, 0), End(49, 49), Size(50x50), Charging Stations: 54
 │   │   ├─ Node: Start(0, 0), End(24, 24), Size(25x25), Charging Stations: 12
 │   │   │   ├─ Node: Start(0, 0), End(12, 12), Size(13x13), Charging Stations: 2
 │   │   │   ├─ Node: Start(0, 13), End(12, 24), Size(13x12), Charging Stations: 3
 │   │   │   ├─ Node: Start(13, 0), End(24, 12), Size(12x13), Charging Stations: 1
 │   │   │   └─ Node: Start(13, 13), End(24, 24), Size(12x12), Charging Stations: 5
 │   │   ├─ Node: Start(0, 25), End(24, 49), Size(25x25), Charging Stations: 17
 │   │   │   ├─ Node: Start(0, 24), End(12, 36), Size(13x13), Charging Stations: 3
 │   │   │   ├─ Node: Start(0, 37), End(12, 49), Size(13x13), Charging Stations: 5
 │   │   │   ├─ Node: Start(13, 24), End(24, 36), Size(12x13), Charging Stations: 6
 │   │   │   │   ├─ Node: Start(12, 24), End(18, 30), Size(7x7), Charging Stations: 1
 │   │   │   │   ├─ Node: Start(12, 31), End(18, 36), Size(7x6), Charging Stations: 2
 │   │   │   │   ├─ Node: Start(19, 24), End(24, 30), Size(6x7), Charging Stations: 2
 │   │   │   │   └─ Node: Start(19, 31), End(24, 36), Size(6x6), Charging Stations: 1
 │   │   │   └─ Node: Start(13, 37), End(24, 49), Size(12x13), Charging Stations: 4
 │   │   ├─ Node: Start(25, 0), End(49, 24), Size(25x25), Charging Stations: 14
 │   │   │   ├─ Node: Start(24, 0), End(36, 12), Size(13x13), Charging Stations: 4
 │   │   │   ├─ Node: Start(24, 13), End(36, 24), Size(13x12), Charging Stations: 2
 │   │   │   ├─ Node: Start(37, 0), End(49, 12), Size(13x13), Charging Stations: 5
 │   │   │   └─ Node: Start(37, 13), End(49, 24), Size(13x12), Charging Stations: 1
 │   │   └─ Node: Start(25, 25), End(49, 49), Size(25x25), Charging Stations: 9
 │   ├─ Node: Start(0, 50), End(49, 99), Size(50x50), Charging Stations: 57
 │   │   ├─ Node: Start(0, 49), End(24, 74), Size(25x26), Charging Stations: 10
 │   │   │   ├─ Node: Start(0, 49), End(12, 61), Size(13x13), Charging Stations: 3
 │   │   │   ├─ Node: Start(0, 62), End(12, 74), Size(13x13), Charging Stations: 2
 │   │   │   ├─ Node: Start(13, 49), End(24, 61), Size(12x13), Charging Stations: 2
 │   │   │   └─ Node: Start(13, 62), End(24, 74), Size(12x13), Charging Stations: 3
 │   │   ├─ Node: Start(0, 75), End(24, 99), Size(25x25), Charging Stations: 14
 │   │   │   ├─ Node: Start(0, 74), End(12, 86), Size(13x13), Charging Stations: 3
 │   │   │   ├─ Node: Start(0, 87), End(12, 99), Size(13x13), Charging Stations: 3
 │   │   │   ├─ Node: Start(13, 74), End(24, 86), Size(12x13), Charging Stations: 5
 │   │   │   └─ Node: Start(13, 87), End(24, 99), Size(12x13), Charging Stations: 3
 │   │   ├─ Node: Start(25, 49), End(49, 74), Size(25x26), Charging Stations: 15
 │   │   │   ├─ Node: Start(24, 49), End(36, 61), Size(13x13), Charging Stations: 2
 │   │   │   ├─ Node: Start(24, 62), End(36, 74), Size(13x13), Charging Stations: 3
 │   │   │   ├─ Node: Start(37, 49), End(49, 61), Size(13x13), Charging Stations: 4
 │   │   │   └─ Node: Start(37, 62), End(49, 74), Size(13x13), Charging Stations: 5
 │   │   └─ Node: Start(25, 75), End(49, 99), Size(25x25), Charging Stations: 18
 │   │       ├─ Node: Start(24, 74), End(36, 86), Size(13x13), Charging Stations: 3
 │   │       ├─ Node: Start(24, 87), End(36, 99), Size(13x13), Charging Stations: 3
 │   │       ├─ Node: Start(37, 74), End(49, 86), Size(13x13), Charging Stations: 5
 │   │       └─ Node: Start(37, 87), End(49, 99), Size(13x13), Charging Stations: 7
 │   ├─ Node: Start(50, 0), End(99, 49), Size(50x50), Charging Stations: 47
 │   │   ├─ Node: Start(49, 0), End(74, 24), Size(26x25), Charging Stations: 12
 │   │   │   ├─ Node: Start(49, 0), End(61, 12), Size(13x13), Charging Stations: 3
 │   │   │   ├─ Node: Start(49, 13), End(61, 24), Size(13x12), Charging Stations: 1
 │   │   │   ├─ Node: Start(62, 0), End(74, 12), Size(13x13), Charging Stations: 5
 │   │   │   └─ Node: Start(62, 13), End(74, 24), Size(13x12), Charging Stations: 3
 │   │   ├─ Node: Start(49, 25), End(74, 49), Size(26x25), Charging Stations: 14
 │   │   │   ├─ Node: Start(49, 24), End(61, 36), Size(13x13), Charging Stations: 2
 │   │   │   ├─ Node: Start(49, 37), End(61, 49), Size(13x13), Charging Stations: 5
 │   │   │   │   ├─ Node: Start(49, 36), End(55, 42), Size(7x7), Charging Stations: 1
 │   │   │   │   ├─ Node: Start(49, 43), End(55, 49), Size(7x7), Charging Stations: 1
 │   │   │   │   ├─ Node: Start(56, 36), End(61, 42), Size(6x7), Charging Stations: 3
 │   │   │   │   └─ Node: Start(56, 43), End(61, 49), Size(6x7), Charging Stations: 1
 │   │   │   ├─ Node: Start(62, 24), End(74, 36), Size(13x13), Charging Stations: 2
 │   │   │   └─ Node: Start(62, 37), End(74, 49), Size(13x13), Charging Stations: 4
 │   │   ├─ Node: Start(75, 0), End(99, 24), Size(25x25), Charging Stations: 11
 │   │   │   ├─ Node: Start(74, 0), End(86, 12), Size(13x13), Charging Stations: 2
 │   │   │   ├─ Node: Start(74, 13), End(86, 24), Size(13x12), Charging Stations: 2
 │   │   │   ├─ Node: Start(87, 0), End(99, 12), Size(13x13), Charging Stations: 2
 │   │   │   └─ Node: Start(87, 13), End(99, 24), Size(13x12), Charging Stations: 3
 │   │   └─ Node: Start(75, 25), End(99, 49), Size(25x25), Charging Stations: 8
 │   │       ├─ Node: Start(74, 24), End(86, 36), Size(13x13), Charging Stations: 1
 │   │       ├─ Node: Start(74, 37), End(86, 49), Size(13x13), Charging Stations: 1
 │   │       ├─ Node: Start(87, 24), End(99, 36), Size(13x13), Charging Stations: 4
 │   │       └─ Node: Start(87, 37), End(99, 49), Size(13x13), Charging Stations: 2
 │   └─ Node: Start(50, 50), End(99, 99), Size(50x50), Charging Stations: 41
 │       ├─ Node: Start(49, 49), End(74, 74), Size(26x26), Charging Stations: 15
 │       │   ├─ Node: Start(49, 49), End(61, 61), Size(13x13), Charging Stations: 7
 │       │   ├─ Node: Start(49, 62), End(61, 74), Size(13x13), Charging Stations: 5
 │       │   ├─ Node: Start(62, 49), End(74, 61), Size(13x13), Charging Stations: 1
 │       │   └─ Node: Start(62, 62), End(74, 74), Size(13x13), Charging Stations: 2
 │       ├─ Node: Start(49, 75), End(74, 99), Size(26x25), Charging Stations: 10
 │       ├─ Node: Start(75, 49), End(99, 74), Size(25x26), Charging Stations: 7
 │       └─ Node: Start(75, 75), End(99, 99), Size(25x25), Charging Stations: 10
 │           ├─ Node: Start(74, 74), End(86, 86), Size(13x13), Charging Stations: 4
 │           ├─ Node: Start(74, 87), End(86, 99), Size(13x13), Charging Stations: 2
 │           ├─ Node: Start(87, 74), End(99, 86), Size(13x13), Charging Stations: 2
 │           └─ Node: Start(87, 87), End(99, 99), Size(13x13), Charging Stations: 3
 ├─ Node: Start(0, 100), End(99, 199), Size(100x100), Charging Stations: 210
 │   ├─ Node: Start(0, 99), End(49, 149), Size(50x51), Charging Stations: 59
 │   │   ├─ Node: Start(0, 99), End(24, 124), Size(25x26), Charging Stations: 18
 │   │   │   ├─ Node: Start(0, 99), End(12, 111), Size(13x13), Charging Stations: 3
 │   │   │   ├─ Node: Start(0, 112), End(12, 124), Size(13x13), Charging Stations: 6
 │   │   │   ├─ Node: Start(13, 99), End(24, 111), Size(12x13), Charging Stations: 4
 │   │   │   └─ Node: Start(13, 112), End(24, 124), Size(12x13), Charging Stations: 3
 │   │   ├─ Node: Start(0, 125), End(24, 149), Size(25x25), Charging Stations: 9
 │   │   ├─ Node: Start(25, 99), End(49, 124), Size(25x26), Charging Stations: 17
 │   │   │   ├─ Node: Start(24, 99), End(36, 111), Size(13x13), Charging Stations: 2
 │   │   │   ├─ Node: Start(24, 112), End(36, 124), Size(13x13), Charging Stations: 5
 │   │   │   │   ├─ Node: Start(24, 111), End(30, 117), Size(7x7), Charging Stations: 1
 │   │   │   │   ├─ Node: Start(24, 118), End(30, 124), Size(7x7), Charging Stations: 2
 │   │   │   │   ├─ Node: Start(31, 111), End(36, 117), Size(6x7), Charging Stations: 1
 │   │   │   │   └─ Node: Start(31, 118), End(36, 124), Size(6x7), Charging Stations: 1
 │   │   │   ├─ Node: Start(37, 99), End(49, 111), Size(13x13), Charging Stations: 4
 │   │   │   └─ Node: Start(37, 112), End(49, 124), Size(13x13), Charging Stations: 5
 │   │   └─ Node: Start(25, 125), End(49, 149), Size(25x25), Charging Stations: 12
 │   │       ├─ Node: Start(24, 124), End(36, 136), Size(13x13), Charging Stations: 3
 │   │       ├─ Node: Start(24, 137), End(36, 149), Size(13x13), Charging Stations: 5
 │   │       ├─ Node: Start(37, 124), End(49, 136), Size(13x13), Charging Stations: 3
 │   │       └─ Node: Start(37, 137), End(49, 149), Size(13x13), Charging Stations: 1
 │   ├─ Node: Start(0, 150), End(49, 199), Size(50x50), Charging Stations: 46
 │   │   ├─ Node: Start(0, 149), End(24, 174), Size(25x26), Charging Stations: 10
 │   │   │   ├─ Node: Start(0, 149), End(12, 161), Size(13x13), Charging Stations: 3
 │   │   │   ├─ Node: Start(0, 162), End(12, 174), Size(13x13), Charging Stations: 2
 │   │   │   ├─ Node: Start(13, 149), End(24, 161), Size(12x13), Charging Stations: 3
 │   │   │   └─ Node: Start(13, 162), End(24, 174), Size(12x13), Charging Stations: 1
 │   │   ├─ Node: Start(0, 175), End(24, 199), Size(25x25), Charging Stations: 10
 │   │   │   ├─ Node: Start(0, 174), End(12, 186), Size(13x13), Charging Stations: 2
 │   │   │   ├─ Node: Start(0, 187), End(12, 199), Size(13x13), Charging Stations: 2
 │   │   │   ├─ Node: Start(13, 174), End(24, 186), Size(12x13), Charging Stations: 2
 │   │   │   └─ Node: Start(13, 187), End(24, 199), Size(12x13), Charging Stations: 3
 │   │   ├─ Node: Start(25, 149), End(49, 174), Size(25x26), Charging Stations: 13
 │   │   │   ├─ Node: Start(24, 149), End(36, 161), Size(13x13), Charging Stations: 3
 │   │   │   ├─ Node: Start(24, 162), End(36, 174), Size(13x13), Charging Stations: 2
 │   │   │   ├─ Node: Start(37, 149), End(49, 161), Size(13x13), Charging Stations: 4
 │   │   │   └─ Node: Start(37, 162), End(49, 174), Size(13x13), Charging Stations: 3
 │   │   └─ Node: Start(25, 175), End(49, 199), Size(25x25), Charging Stations: 14
 │   │       ├─ Node: Start(24, 174), End(36, 186), Size(13x13), Charging Stations: 4
 │   │       ├─ Node: Start(24, 187), End(36, 199), Size(13x13), Charging Stations: 2
 │   │       ├─ Node: Start(37, 174), End(49, 186), Size(13x13), Charging Stations: 4
 │   │       └─ Node: Start(37, 187), End(49, 199), Size(13x13), Charging Stations: 3
 │   ├─ Node: Start(50, 99), End(99, 149), Size(50x51), Charging Stations: 43
 │   │   ├─ Node: Start(49, 99), End(74, 124), Size(26x26), Charging Stations: 11
 │   │   │   ├─ Node: Start(49, 99), End(61, 111), Size(13x13), Charging Stations: 2
 │   │   │   ├─ Node: Start(49, 112), End(61, 124), Size(13x13), Charging Stations: 3
 │   │   │   ├─ Node: Start(62, 99), End(74, 111), Size(13x13), Charging Stations: 2
 │   │   │   └─ Node: Start(62, 112), End(74, 124), Size(13x13), Charging Stations: 2
 │   │   ├─ Node: Start(49, 125), End(74, 149), Size(26x25), Charging Stations: 9
 │   │   │   ├─ Node: Start(49, 124), End(61, 136), Size(13x13), Charging Stations: 3
 │   │   │   ├─ Node: Start(49, 137), End(61, 149), Size(13x13), Charging Stations: 1
 │   │   │   ├─ Node: Start(62, 124), End(74, 136), Size(13x13), Charging Stations: 3
 │   │   │   └─ Node: Start(62, 137), End(74, 149), Size(13x13), Charging Stations: 1
 │   │   ├─ Node: Start(75, 99), End(99, 124), Size(25x26), Charging Stations: 10
 │   │   └─ Node: Start(75, 125), End(99, 149), Size(25x25), Charging Stations: 11
 │   │       ├─ Node: Start(74, 124), End(86, 136), Size(13x13), Charging Stations: 4
 │   │       ├─ Node: Start(74, 137), End(86, 149), Size(13x13), Charging Stations: 3
 │   │       ├─ Node: Start(87, 124), End(99, 136), Size(13x13), Charging Stations: 4
 │   │       └─ Node: Start(87, 137), End(99, 149), Size(13x13), Charging Stations: 1
 │   └─ Node: Start(50, 150), End(99, 199), Size(50x50), Charging Stations: 57
 │       ├─ Node: Start(49, 149), End(74, 174), Size(26x26), Charging Stations: 11
 │       │   ├─ Node: Start(49, 149), End(61, 161), Size(13x13), Charging Stations: 2
 │       │   ├─ Node: Start(49, 162), End(61, 174), Size(13x13), Charging Stations: 2
 │       │   ├─ Node: Start(62, 149), End(74, 161), Size(13x13), Charging Stations: 5
 │       │   └─ Node: Start(62, 162), End(74, 174), Size(13x13), Charging Stations: 1
 │       ├─ Node: Start(49, 175), End(74, 199), Size(26x25), Charging Stations: 19
 │       │   ├─ Node: Start(49, 174), End(61, 186), Size(13x13), Charging Stations: 5
 │       │   │   ├─ Node: Start(49, 174), End(55, 180), Size(7x7), Charging Stations: 1
 │       │   │   ├─ Node: Start(49, 181), End(55, 186), Size(7x6), Charging Stations: 1
 │       │   │   ├─ Node: Start(56, 174), End(61, 180), Size(6x7), Charging Stations: 1
 │       │   │   └─ Node: Start(56, 181), End(61, 186), Size(6x6), Charging Stations: 1
 │       │   ├─ Node: Start(49, 187), End(61, 199), Size(13x13), Charging Stations: 3
 │       │   ├─ Node: Start(62, 174), End(74, 186), Size(13x13), Charging Stations: 6
 │       │   │   ├─ Node: Start(61, 174), End(67, 180), Size(7x7), Charging Stations: 1
 │       │   │   ├─ Node: Start(61, 181), End(67, 186), Size(7x6), Charging Stations: 2
 │       │   │   ├─ Node: Start(68, 174), End(74, 180), Size(7x7), Charging Stations: 3
 │       │   │   └─ Node: Start(68, 181), End(74, 186), Size(7x6), Charging Stations: 1
 │       │   └─ Node: Start(62, 187), End(74, 199), Size(13x13), Charging Stations: 4
 │       │       ├─ Node: Start(61, 186), End(67, 192), Size(7x7), Charging Stations: 2
 │       │       ├─ Node: Start(61, 193), End(67, 199), Size(7x7), Charging Stations: 1
 │       │       ├─ Node: Start(68, 186), End(74, 192), Size(7x7), Charging Stations: 1
 │       │       └─ Node: Start(68, 193), End(74, 199), Size(7x7), Charging Stations: 1
 │       ├─ Node: Start(75, 149), End(99, 174), Size(25x26), Charging Stations: 16
 │       │   ├─ Node: Start(74, 149), End(86, 161), Size(13x13), Charging Stations: 4
 │       │   ├─ Node: Start(74, 162), End(86, 174), Size(13x13), Charging Stations: 1
 │       │   ├─ Node: Start(87, 149), End(99, 161), Size(13x13), Charging Stations: 5
 │       │   └─ Node: Start(87, 162), End(99, 174), Size(13x13), Charging Stations: 5
 │       └─ Node: Start(75, 175), End(99, 199), Size(25x25), Charging Stations: 9
 │           ├─ Node: Start(74, 174), End(86, 186), Size(13x13), Charging Stations: 4
 │           ├─ Node: Start(74, 187), End(86, 199), Size(13x13), Charging Stations: 5
 │           │   ├─ Node: Start(74, 186), End(80, 192), Size(7x7), Charging Stations: 1
 │           │   ├─ Node: Start(74, 193), End(80, 199), Size(7x7), Charging Stations: 2
 │           │   ├─ Node: Start(81, 186), End(86, 192), Size(6x7), Charging Stations: 1
 │           │   └─ Node: Start(81, 193), End(86, 199), Size(6x7), Charging Stations: 1
 │           ├─ Node: Start(87, 174), End(99, 186), Size(13x13), Charging Stations: 1
 │           └─ Node: Start(87, 187), End(99, 199), Size(13x13), Charging Stations: 2
 ├─ Node: Start(100, 0), End(199, 99), Size(100x100), Charging Stations: 176
 │   ├─ Node: Start(99, 0), End(149, 49), Size(51x50), Charging Stations: 37
 │   │   ├─ Node: Start(99, 0), End(124, 24), Size(26x25), Charging Stations: 8
 │   │   ├─ Node: Start(99, 25), End(124, 49), Size(26x25), Charging Stations: 8
 │   │   ├─ Node: Start(125, 0), End(149, 24), Size(25x25), Charging Stations: 14
 │   │   └─ Node: Start(125, 25), End(149, 49), Size(25x25), Charging Stations: 7
 │   ├─ Node: Start(99, 50), End(149, 99), Size(51x50), Charging Stations: 45
 │   │   ├─ Node: Start(99, 49), End(124, 74), Size(26x26), Charging Stations: 11
 │   │   │   ├─ Node: Start(99, 49), End(111, 61), Size(13x13), Charging Stations: 3
 │   │   │   ├─ Node: Start(99, 62), End(111, 74), Size(13x13), Charging Stations: 3
 │   │   │   ├─ Node: Start(112, 49), End(124, 61), Size(13x13), Charging Stations: 1
 │   │   │   └─ Node: Start(112, 62), End(124, 74), Size(13x13), Charging Stations: 4
 │   │   ├─ Node: Start(99, 75), End(124, 99), Size(26x25), Charging Stations: 13
 │   │   │   ├─ Node: Start(99, 74), End(111, 86), Size(13x13), Charging Stations: 1
 │   │   │   ├─ Node: Start(99, 87), End(111, 99), Size(13x13), Charging Stations: 4
 │   │   │   ├─ Node: Start(112, 74), End(124, 86), Size(13x13), Charging Stations: 3
 │   │   │   └─ Node: Start(112, 87), End(124, 99), Size(13x13), Charging Stations: 3
 │   │   ├─ Node: Start(125, 49), End(149, 74), Size(25x26), Charging Stations: 9
 │   │   └─ Node: Start(125, 75), End(149, 99), Size(25x25), Charging Stations: 12
 │   │       ├─ Node: Start(124, 74), End(136, 86), Size(13x13), Charging Stations: 2
 │   │       ├─ Node: Start(124, 87), End(136, 99), Size(13x13), Charging Stations: 1
 │   │       ├─ Node: Start(137, 74), End(149, 86), Size(13x13), Charging Stations: 3
 │   │       └─ Node: Start(137, 87), End(149, 99), Size(13x13), Charging Stations: 5
 │   ├─ Node: Start(150, 0), End(199, 49), Size(50x50), Charging Stations: 50
 │   │   ├─ Node: Start(149, 0), End(174, 24), Size(26x25), Charging Stations: 11
 │   │   │   ├─ Node: Start(149, 0), End(161, 12), Size(13x13), Charging Stations: 2
 │   │   │   ├─ Node: Start(149, 13), End(161, 24), Size(13x12), Charging Stations: 3
 │   │   │   ├─ Node: Start(162, 0), End(174, 12), Size(13x13), Charging Stations: 4
 │   │   │   └─ Node: Start(162, 13), End(174, 24), Size(13x12), Charging Stations: 1
 │   │   ├─ Node: Start(149, 25), End(174, 49), Size(26x25), Charging Stations: 10
 │   │   │   ├─ Node: Start(149, 24), End(161, 36), Size(13x13), Charging Stations: 2
 │   │   │   ├─ Node: Start(149, 37), End(161, 49), Size(13x13), Charging Stations: 2
 │   │   │   ├─ Node: Start(162, 24), End(174, 36), Size(13x13), Charging Stations: 4
 │   │   │   └─ Node: Start(162, 37), End(174, 49), Size(13x13), Charging Stations: 1
 │   │   ├─ Node: Start(175, 0), End(199, 24), Size(25x25), Charging Stations: 12
 │   │   │   ├─ Node: Start(174, 0), End(186, 12), Size(13x13), Charging Stations: 3
 │   │   │   ├─ Node: Start(174, 13), End(186, 24), Size(13x12), Charging Stations: 5
 │   │   │   ├─ Node: Start(187, 0), End(199, 12), Size(13x13), Charging Stations: 2
 │   │   │   └─ Node: Start(187, 13), End(199, 24), Size(13x12), Charging Stations: 2
 │   │   └─ Node: Start(175, 25), End(199, 49), Size(25x25), Charging Stations: 14
 │   │       ├─ Node: Start(174, 24), End(186, 36), Size(13x13), Charging Stations: 4
 │   │       ├─ Node: Start(174, 37), End(186, 49), Size(13x13), Charging Stations: 1
 │   │       ├─ Node: Start(187, 24), End(199, 36), Size(13x13), Charging Stations: 5
 │   │       └─ Node: Start(187, 37), End(199, 49), Size(13x13), Charging Stations: 5
 │   └─ Node: Start(150, 50), End(199, 99), Size(50x50), Charging Stations: 43
 │       ├─ Node: Start(149, 49), End(174, 74), Size(26x26), Charging Stations: 17
 │       │   ├─ Node: Start(149, 49), End(161, 61), Size(13x13), Charging Stations: 4
 │       │   ├─ Node: Start(149, 62), End(161, 74), Size(13x13), Charging Stations: 3
 │       │   ├─ Node: Start(162, 49), End(174, 61), Size(13x13), Charging Stations: 1
 │       │   └─ Node: Start(162, 62), End(174, 74), Size(13x13), Charging Stations: 6
 │       │       ├─ Node: Start(161, 61), End(167, 67), Size(7x7), Charging Stations: 2
 │       │       ├─ Node: Start(161, 68), End(167, 74), Size(7x7), Charging Stations: 1
 │       │       ├─ Node: Start(168, 61), End(174, 67), Size(7x7), Charging Stations: 1
 │       │       └─ Node: Start(168, 68), End(174, 74), Size(7x7), Charging Stations: 2
 │       ├─ Node: Start(149, 75), End(174, 99), Size(26x25), Charging Stations: 7
 │       ├─ Node: Start(175, 49), End(199, 74), Size(25x26), Charging Stations: 13
 │       │   ├─ Node: Start(174, 49), End(186, 61), Size(13x13), Charging Stations: 6
 │       │   │   ├─ Node: Start(174, 49), End(180, 55), Size(7x7), Charging Stations: 2
 │       │   │   ├─ Node: Start(174, 56), End(180, 61), Size(7x6), Charging Stations: 1
 │       │   │   ├─ Node: Start(181, 49), End(186, 55), Size(6x7), Charging Stations: 1
 │       │   │   └─ Node: Start(181, 56), End(186, 61), Size(6x6), Charging Stations: 2
 │       │   ├─ Node: Start(174, 62), End(186, 74), Size(13x13), Charging Stations: 2
 │       │   ├─ Node: Start(187, 49), End(199, 61), Size(13x13), Charging Stations: 4
 │       │   └─ Node: Start(187, 62), End(199, 74), Size(13x13), Charging Stations: 1
 │       └─ Node: Start(175, 75), End(199, 99), Size(25x25), Charging Stations: 6
 └─ Node: Start(100, 100), End(199, 199), Size(100x100), Charging Stations: 195
     ├─ Node: Start(99, 99), End(149, 149), Size(51x51), Charging Stations: 34
     │   ├─ Node: Start(99, 99), End(124, 124), Size(26x26), Charging Stations: 13
     │   │   ├─ Node: Start(99, 99), End(111, 111), Size(13x13), Charging Stations: 3
     │   │   ├─ Node: Start(99, 112), End(111, 124), Size(13x13), Charging Stations: 4
     │   │   │   ├─ Node: Start(99, 111), End(105, 117), Size(7x7), Charging Stations: 1
     │   │   │   ├─ Node: Start(99, 118), End(105, 124), Size(7x7), Charging Stations: 1
     │   │   │   ├─ Node: Start(106, 111), End(111, 117), Size(6x7), Charging Stations: 1
     │   │   │   └─ Node: Start(106, 118), End(111, 124), Size(6x7), Charging Stations: 1
     │   │   ├─ Node: Start(112, 99), End(124, 111), Size(13x13), Charging Stations: 2
     │   │   └─ Node: Start(112, 112), End(124, 124), Size(13x13), Charging Stations: 4
     │   ├─ Node: Start(99, 125), End(124, 149), Size(26x25), Charging Stations: 8
     │   ├─ Node: Start(125, 99), End(149, 124), Size(25x26), Charging Stations: 6
     │   │   ├─ Node: Start(124, 99), End(136, 111), Size(13x13), Charging Stations: 2
     │   │   ├─ Node: Start(124, 112), End(136, 124), Size(13x13), Charging Stations: 2
     │   │   ├─ Node: Start(137, 99), End(149, 111), Size(13x13), Charging Stations: 1
     │   │   └─ Node: Start(137, 112), End(149, 124), Size(13x13), Charging Stations: 1
     │   └─ Node: Start(125, 125), End(149, 149), Size(25x25), Charging Stations: 5
     ├─ Node: Start(99, 150), End(149, 199), Size(51x50), Charging Stations: 47
     │   ├─ Node: Start(99, 149), End(124, 174), Size(26x26), Charging Stations: 15
     │   │   ├─ Node: Start(99, 149), End(111, 161), Size(13x13), Charging Stations: 6
     │   │   ├─ Node: Start(99, 162), End(111, 174), Size(13x13), Charging Stations: 3
     │   │   ├─ Node: Start(112, 149), End(124, 161), Size(13x13), Charging Stations: 2
     │   │   └─ Node: Start(112, 162), End(124, 174), Size(13x13), Charging Stations: 4
     │   ├─ Node: Start(99, 175), End(124, 199), Size(26x25), Charging Stations: 7
     │   │   ├─ Node: Start(99, 174), End(111, 186), Size(13x13), Charging Stations: 1
     │   │   ├─ Node: Start(99, 187), End(111, 199), Size(13x13), Charging Stations: 2
     │   │   ├─ Node: Start(112, 174), End(124, 186), Size(13x13), Charging Stations: 1
     │   │   └─ Node: Start(112, 187), End(124, 199), Size(13x13), Charging Stations: 2
     │   ├─ Node: Start(125, 149), End(149, 174), Size(25x26), Charging Stations: 11
     │   │   ├─ Node: Start(124, 149), End(136, 161), Size(13x13), Charging Stations: 1
     │   │   ├─ Node: Start(124, 162), End(136, 174), Size(13x13), Charging Stations: 5
     │   │   ├─ Node: Start(137, 149), End(149, 161), Size(13x13), Charging Stations: 1
     │   │   └─ Node: Start(137, 162), End(149, 174), Size(13x13), Charging Stations: 3
     │   └─ Node: Start(125, 175), End(149, 199), Size(25x25), Charging Stations: 14
     │       ├─ Node: Start(124, 174), End(136, 186), Size(13x13), Charging Stations: 3
     │       ├─ Node: Start(124, 187), End(136, 199), Size(13x13), Charging Stations: 5
     │       ├─ Node: Start(137, 174), End(149, 186), Size(13x13), Charging Stations: 2
     │       └─ Node: Start(137, 187), End(149, 199), Size(13x13), Charging Stations: 1
     ├─ Node: Start(150, 99), End(199, 149), Size(50x51), Charging Stations: 61
     │   ├─ Node: Start(149, 99), End(174, 124), Size(26x26), Charging Stations: 17
     │   │   ├─ Node: Start(149, 99), End(161, 111), Size(13x13), Charging Stations: 5
     │   │   ├─ Node: Start(149, 112), End(161, 124), Size(13x13), Charging Stations: 2
     │   │   ├─ Node: Start(162, 99), End(174, 111), Size(13x13), Charging Stations: 5
     │   │   └─ Node: Start(162, 112), End(174, 124), Size(13x13), Charging Stations: 5
     │   ├─ Node: Start(149, 125), End(174, 149), Size(26x25), Charging Stations: 12
     │   │   ├─ Node: Start(149, 124), End(161, 136), Size(13x13), Charging Stations: 2
     │   │   ├─ Node: Start(149, 137), End(161, 149), Size(13x13), Charging Stations: 3
     │   │   ├─ Node: Start(162, 124), End(174, 136), Size(13x13), Charging Stations: 4
     │   │   └─ Node: Start(162, 137), End(174, 149), Size(13x13), Charging Stations: 2
     │   ├─ Node: Start(175, 99), End(199, 124), Size(25x26), Charging Stations: 14
     │   │   ├─ Node: Start(174, 99), End(186, 111), Size(13x13), Charging Stations: 6
     │   │   ├─ Node: Start(174, 112), End(186, 124), Size(13x13), Charging Stations: 2
     │   │   ├─ Node: Start(187, 99), End(199, 111), Size(13x13), Charging Stations: 2
     │   │   └─ Node: Start(187, 112), End(199, 124), Size(13x13), Charging Stations: 6
     │   └─ Node: Start(175, 125), End(199, 149), Size(25x25), Charging Stations: 15
     │       ├─ Node: Start(174, 124), End(186, 136), Size(13x13), Charging Stations: 3
     │       ├─ Node: Start(174, 137), End(186, 149), Size(13x13), Charging Stations: 5
     │       ├─ Node: Start(187, 124), End(199, 136), Size(13x13), Charging Stations: 4
     │       └─ Node: Start(187, 137), End(199, 149), Size(13x13), Charging Stations: 2
     └─ Node: Start(150, 150), End(199, 199), Size(50x50), Charging Stations: 55
         ├─ Node: Start(149, 149), End(174, 174), Size(26x26), Charging Stations: 16
         │   ├─ Node: Start(149, 149), End(161, 161), Size(13x13), Charging Stations: 3
         │   ├─ Node: Start(149, 162), End(161, 174), Size(13x13), Charging Stations: 2
         │   ├─ Node: Start(162, 149), End(174, 161), Size(13x13), Charging Stations: 4
         │   └─ Node: Start(162, 162), End(174, 174), Size(13x13), Charging Stations: 4
         ├─ Node: Start(149, 175), End(174, 199), Size(26x25), Charging Stations: 15
         │   ├─ Node: Start(149, 174), End(161, 186), Size(13x13), Charging Stations: 3
         │   ├─ Node: Start(149, 187), End(161, 199), Size(13x13), Charging Stations: 1
         │   ├─ Node: Start(162, 174), End(174, 186), Size(13x13), Charging Stations: 5
         │   └─ Node: Start(162, 187), End(174, 199), Size(13x13), Charging Stations: 6
         ├─ Node: Start(175, 149), End(199, 174), Size(25x26), Charging Stations: 11
         │   ├─ Node: Start(174, 149), End(186, 161), Size(13x13), Charging Stations: 4
         │   ├─ Node: Start(174, 162), End(186, 174), Size(13x13), Charging Stations: 2
         │   ├─ Node: Start(187, 149), End(199, 161), Size(13x13), Charging Stations: 4
         │   └─ Node: Start(187, 162), End(199, 174), Size(13x13), Charging Stations: 1
         └─ Node: Start(175, 175), End(199, 199), Size(25x25), Charging Stations: 13
             ├─ Node: Start(174, 174), End(186, 186), Size(13x13), Charging Stations: 1
             ├─ Node: Start(174, 187), End(186, 199), Size(13x13), Charging Stations: 2
             ├─ Node: Start(187, 174), End(199, 186), Size(13x13), Charging Stations: 5
             └─ Node: Start(187, 187), End(199, 199), Size(13x13), Charging Stations: 4
                 ├─ Node: Start(186, 186), End(192, 192), Size(7x7), Charging Stations: 2
                 ├─ Node: Start(186, 193), End(192, 199), Size(7x7), Charging Stations: 1
                 ├─ Node: Start(193, 186), End(199, 192), Size(7x7), Charging Stations: 1
                 └─ Node: Start(193, 193), End(199, 199), Size(7x7), Charging Stations: 1

Environment is static. Applying global Q-learning.
The Agent Has Converged After 2437271 Episodes

Environment is static. Performing global local path planning for all leaf nodes.
Training agent in leaf node: Start(37, 13), End(49, 24)
Training agent in leaf node: Start(13, 37), End(24, 49)
Training agent in leaf node: Start(0, 37), End(12, 49)
Training agent in leaf node: Start(24, 124), End(36, 136)
Training agent in leaf node: Start(49, 0), End(61, 12)
Training agent in leaf node: Start(49, 13), End(61, 24)
Training agent in leaf node: Start(24, 149), End(36, 161)
Training agent in leaf node: Start(13, 149), End(24, 161)
Training agent in leaf node: Start(13, 112), End(24, 124)
Training agent in leaf node: Start(0, 149), End(12, 161)
Training agent in leaf node: Start(24, 62), End(36, 74)
Training agent in leaf node: Start(87, 37), End(99, 49)
Training agent in leaf node: Start(24, 99), End(36, 111)
Training agent in leaf node: Start(0, 87), End(12, 99)
Training agent in leaf node: Start(0, 24), End(12, 36)
Training agent in leaf node: Start(62, 162), End(74, 174)
Training agent in leaf node: Start(13, 0), End(24, 12)
Training agent in leaf node: Start(49, 24), End(61, 36)
Training agent in leaf node: Start(37, 49), End(49, 61)
Training agent in leaf node: Start(37, 87), End(49, 99)
Training agent in leaf node: Start(62, 99), End(74, 111)
Training agent in leaf node: Start(37, 124), End(49, 136)
Training agent in leaf node: Start(37, 0), End(49, 12)
Training agent in leaf node: Start(0, 125), End(24, 149)
Training agent in leaf node: Start(37, 174), End(49, 186)
Training agent in leaf node: Start(13, 162), End(24, 174)
Training agent in leaf node: Start(24, 87), End(36, 99)
Training agent in leaf node: Start(24, 13), End(36, 24)
Training agent in leaf node: Start(37, 112), End(49, 124)
Training agent in leaf node: Start(61, 174), End(67, 180)
Training agent in leaf node: Start(Training agent in leaf node: Start(0, 62), End(12, 74)
Training agent in leaf node: Start(37, 187), End(49, 199)
Training agent in leaf node: Start(112, 49), End(124, 61)
Training agent in leaf node: Start(87, 24), End(99, 36)
Training agent in leaf node: Start(31, 111), End(36, 117)
Training agent in leaf node: Start(49, 62), End(61, 74)
Training agent in leaf node: Start(0, 0), End(12, 12)
Training agent in leaf node: Start(62, 24), End(74, 36)
Training agent in leaf node: Start(124, 187), End(136, 199)
Training agent in leaf node: Start(74, 74), End(86, 86)
Training agent in leaf node: Start(56, 43), End(61, 49)
Training agent in leaf node: Start(68, 174), End(74, 180)
Training agent in leaf node: Start(24, 174), End(36, 186)
Training agent in leaf node: Start(24, 162), End(36, 174)
Training agent in leaf node: Start(37, 149), End(49, 161)
Training agent in leaf node: Start(13, 187), End(24, 199)
Training agent in leaf node: Start(87, 74), End(99, 86)
Training agent in leaf node: Start(75, 99), End(99, 124)
Training agent in leaf node: Start(37, 62), End(49, 74)
Training agent in leaf node: Start(13, 87), End(24, 99)
Training agent in leaf node: Start(49, 137), End(61, 149)
Training agent in leaf node: Start(25, 25), End(49, 49)
Training agent in leaf node: Start(19, 31), End(24, 36)
Training agent in leaf node: Start(13, 62), End(24, 74)
Training agent in leaf node: Start(Training agent in leaf node: Start(12, 31), End(18, 36)
Training agent in leaf node: Start(13, 74), End(24, 86)
Training agent in leaf node: Start(0, 13), End(12, 24)
Training agent in leaf node: Start(37, 74), End(49, 86)
13, 99), End(24, 111)
Training agent in leaf node: Start(49, 174), End(55, 180)
Training agent in leaf node: Start(62, 149), End(74, 161)
Training agent in leaf node: Start(74, 87), End(86, 99)
Training agent in leaf node: Start(62, 49), End(74, 61)
Training agent in leaf node: Start(24, 74), End(36, 86)
61, 181), End(67, 186)
Training agent in leaf node: Start(56, 181), End(61, 186)
Training agent in leaf node: Start(49, 124), End(61, 136)
Training agent in leaf node: Start(74, 137), End(86, 149)
Training agent in leaf node: Start(187, 24), End(199, 36)
Training agent in leaf node: Start(13, 174), End(24, 186)
Training agent in leaf node: Start(0, 174), End(12, 186)
Training agent in leaf node: Start(49, Training agent in leaf node: Start(0, 99), End(12, 111)
Training agent in leaf node: Start(49, 187), End(61, 199)
Training agent in leaf node: Start(0, 49), End(12, 61)
Training agent in leaf node: Start(37, 137), End(49, 149)
Training agent in leaf node: Start(12, 24), End(18, 30)
Training agent in leaf node: Start(162, 13), End(174, 24)
Training agent in leaf node: Start(61, 193), End(67, 199)
Training agent in leaf node: Start(62, 0), End(74, 12)
Training agent in leaf node: Start(0, 112), End(12, 124)
Training agent in leaf node: Start(162, 37), End(174, 49)
Training agent in leaf node: Start(62, 62), End(74, 74)
Training agent in leaf node: Start(49, 75), End(74, 99)
Training agent in leaf node: Start(74, 0), End(86, 12)
Training agent in leaf node: Start(68, 186), End(74, 192)
Training agent in leaf node: Start(24, 137), End(36, 149)
Training agent in leaf node: Start(74, 24), End(86, 36)
Training agent in leaf node: Start(24, 118), End(30, 124)
Training agent in leaf node: Start(137, 162), End(149, 174)
Training agent in leaf node: Start(74, 13), End(86, 24)
Training agent in leaf node: Start(Training agent in leaf node: Start(87, 149), End(99, 161)
Training agent in leaf node: Start(62, 124), End(74, 136)
Training agent in leaf node: Start(87, 13), End(99, 24)
75, 49), End(99, 74)
Training agent in leaf node: Start(49, 36), End(55, 42)
Training agent in leaf node: Start(162, 149), End(174, 161)
Training agent in leaf node: Start(24, 0), End(36, 12)
Training agent in leaf node: Start(62, 137), End(74, 149)
Training agent in leaf node: Start(112, 162), End(124, 174)
Training agent in leaf node: Start(106, 118), End(111, 124)
Training agent in leaf node: Start(181), End(55, 186)
Training agent in leaf node: Start(13, 49), End(24, 61)
106, 111), End(111, 117)
Training agent in leaf node: Start(99, 87), End(111, 99)
Training agent in leaf node: Start(49, 43), End(55, 49)
Training agent in leaf node: Start(24, 49), End(36, 61)
Training agent in leaf node: Start(37, 162), End(49, 174)
Training agent in leaf node: Start(149, 13), End(161, 24)
Training agent in leaf node: Start(56, 174), End(61, 180)
Training agent in leaf node: Start(87, 162), End(99, 174)
Training agent in leaf node: Start(74, 124), End(86, 136)
Training agent in leaf node: Start(62, 13), End(74, 24)
Training agent in leaf node: Start(87, 124), End(99, 136)
Training agent in leaf node: Start(99, 25), End(124, 49)
Training agent in leaf node: Start(112, 74), End(124, 86)
Training agent in leaf node: Start(74, 149), End(86, 161)
Training agent in leaf node: Start(99, 174), End(111, 186)
Training agent in leaf node: Start(174, 56), End(180, 61)
Training agent in leaf node: Start(87, 174), End(99, 186)
Training agent in leaf node: Start(125, 0), End(149, 24)
Training agent in leaf node: Start(99, 49), End(111, 61)
Training agent in leaf node: Start(49, 99), End(61, 111)
Training agent in leaf node: Start(62, 112), End(74, 124)
Training agent in leaf node: Start(174, 0), End(186, 12)
Training agent in leaf node: Start(162, 174), End(174, 186)
Training agent in leaf node: Start(149, 24), End(161, 36)
Training agent in leaf node: Start(87, 87), End(99, 99)
Training agent in leaf node: Start(124, 112), End(136, 124)
Training agent in leaf node: Start(112, 87), End(124, 99)
Training agent in leaf node: Start(149, 99), End(161, 111)
Training agent in leaf node: Start(187, 13), End(199, 24)
Training agent in leaf node: Start(186, 186), End(192, 192)
Training agent in leaf node: Start(175, 75), End(199, 99)
Training agent in leaf node: Start(68, 181), End(74, 186)
Training agent in leaf node: Start(0, 74), End(12, 86)
Training agent in leaf node: Start(24, 187), End(36, 199)
Training agent in leaf node: Start(49, 162), End(61, 174)
Training agent in leaf node: Start(174, 37), End(186, 49)
Training agent in leaf node: Start(162, 99), End(174, 111)
Training agent in leaf node: Start(99, 74), End(111, 86)
Training agent in leaf node: Start(31, 118), End(36, 124)
Training agent in leaf node: Start(174, 24), End(186, 36)
Training agent in leaf node: Start(62, 37), End(74, 49)
Training agent in leaf node: Start(162, 137), End(174, 149)
Training agent in leaf node: Start(162, 187), End(174, 199)
Training agent in leaf node: Start(149, 49), End(161, 61)
Training agent in leaf node: Start(37, 99), End(49, 111)
Training agent in leaf node: Start(125, 49), End(149, 74)
Training agent in leaf node: Start(161, 61), End(167, 67)
Training agent in leaf node: Start(56, 36), End(61, 42)
Training agent in leaf node: Start(161, 68), End(167, 74)
Training agent in leaf node: Start(168, 68), End(174, 74)
Training agent in leaf node: Start(112, 99), End(124, 111)
Training agent in leaf node: Start(174, 49), End(180, 55)
Training agent in leaf node: Start(24, 111), End(30, 117)
Training agent in leaf node: Start(87, 0), End(99, 12)
Training agent in leaf node: Start(137, 87), End(149, 99)
Training agent in leaf node: Start(149, 112), End(161, 124)
Training agent in leaf node: Start(174, 162), End(186, 174)
Training agent in leaf node: Start(187, 112), End(199, 124)
Training agent in leaf node: Start(87, 137), End(99, 149)
Training agent in leaf node: Start(99, 99), End(111, 111)
Training agent in leaf node: Start(162, 124), End(174, 136)
Training agent in leaf node: Start(124, 87), End(136, 99)
Training agent in leaf node: Start(99, 187), End(111, 199)
Training agent in leaf node: Start(0, 187), End(12, 199)
Training agent in leaf node: Start(187, 162), End(199, 174)
Training agent in leaf node: Start(74, 162), End(86, 174)
Training agent in leaf node: Start(174, 112), End(186, 124)
Training agent in leaf node: Start(125, 125), End(149, 149)
Training agent in leaf node: Start(99, 125), End(124, 149)
Training agent in leaf node: Start(112, 187), End(124, 199)
Training agent in leaf node: Start(149, 37), End(161, 49)
Training agent in leaf node: Start(162, 49), End(174, 61)
Training agent in leaf node: Start(137, 149), End(149, 161)
Training agent in leaf node: Start(87, 187), End(99, 199)
Training agent in leaf node: Start(187, 99), End(199, 111)
Training agent in leaf node: Start(174, 13), End(186, 24)
Training agent in leaf node: Start(187, 174), End(199, 186)
Training agent in leaf node: Start(162, 24), End(174, 36)
Training agent in leaf node: Start(99, 0), End(124, 24)
Training agent in leaf node: Start(0, 162), End(12, 174)
Training agent in leaf node: Start(137, 74), End(149, 86)
Training agent in leaf node: Start(137, 174), End(149, 186)
Training agent in leaf node: Start(124, 74), End(136, 86)
Training agent in leaf node: Start(187, 137), End(199, 149)
Training agent in leaf node: Start(74, 193), End(80, 199)
Training agent in leaf node: Start(149, 187), End(161, 199)
Training agent in leaf node: Start(149, 162), End(161, 174)
Training agent in leaf node: Start(162, 162), End(174, 174)
Training agent in leaf node: Start(19, 24), End(24, 30)
Training agent in leaf node: Start(112, 62), End(124, 74)
Training agent in leaf node: Start(49, 112), End(61, 124)
Training agent in leaf node: Start(112, 149), End(124, 161)
Training agent in leaf node: Start(174, 124), End(186, 136)
Training agent in leaf node: Start(186, 193), End(192, 199)
Training agent in leaf node: Start(99, 149), End(111, 161)
Training agent in leaf node: Start(149, 0), End(161, 12)
Training agent in leaf node: Start(137, 112), End(149, 124)
Training agent in leaf node: Start(193, 186), End(199, 192)
Training agent in leaf node: Start(74, 37), End(86, 49)
Training agent in leaf node: Start(124, 162), End(136, 174)
Training agent in leaf node: Start(187, 0), End(199, 12)
Training agent in leaf node: Start(125, 25), End(149, 49)
Training agent in leaf node: Start(49, 49), End(61, 61)
Training agent in leaf node: Start(61, 186), End(67, 192)
Training agent in leaf node: Start(137, 99), End(149, 111)
Training agent in leaf node: Start(81, 193), End(86, 199)
Training agent in leaf node: Start(149, 174), End(161, 186)
Training agent in leaf node: Start(112, 112), End(124, 124)
Training agent in leaf node: Start(187, 62), End(199, 74)
Training agent in leaf node: Start(168, 61), End(174, 67)
Training agent in leaf node: Start(174, 62), End(186, 74)
Training agent in leaf node: Start(124, 149), End(136, 161)
Training agent in leaf node: Start(13, 13), End(24, 24)
Training agent in leaf node: Start(193, 193), End(199, 199)
Training agent in leaf node: Start(99, 111), End(105, 117)
Training agent in leaf node: Start(99, 162), End(111, 174)
Training agent in leaf node: Start(187, 37), End(199, 49)
Training agent in leaf node: Start(149, 75), End(174, 99)
Training agent in leaf node: Start(124, 99), End(136, 111)
Training agent in leaf node: Start(124, 174), End(136, 186)
Training agent in leaf node: Start(174, 149), End(186, 161)
Training agent in leaf node: Start(162, 0), End(174, 12)
Training agent in leaf node: Start(181, 56), End(186, 61)
Training agent in leaf node: Start(174, 174), End(186, 186)
Training agent in leaf node: Start(162, 112), End(174, 124)
Training agent in leaf node: Start(174, 137), End(186, 149)
Training agent in leaf node: Start(149, 149), End(161, 161)
Training agent in leaf node: Start(187, 124), End(199, 136)
Training agent in leaf node: Start(74, 186), End(80, 192)
Training agent in leaf node: Start(112, 174), End(124, 186)
Training agent in leaf node: Start(49, 149), End(61, 161)
Training agent in leaf node: Start(187, 149), End(199, 161)
Training agent in leaf node: Start(81, 186), End(86, 192)
Training agent in leaf node: Start(68, 193), End(74, 199)
Training agent in leaf node: Start(99, 118), End(105, 124)
Training agent in leaf node: Start(181, 49), End(186, 55)
Training agent in leaf node: Start(137, 187), End(149, 199)
Training agent in leaf node: Start(99, 62), End(111, 74)
Training agent in leaf node: Start(174, 99), End(186, 111)
Training agent in leaf node: Start(149, 62), End(161, 74)
Training agent in leaf node: Start(149, 137), End(161, 149)
Training agent in leaf node: Start(149, 124), End(161, 136)
Training agent in leaf node: Start(187, 49), End(199, 61)
Training agent in leaf node: Start(174, 187), End(186, 199)
Training agent in leaf node: Start(74, 174), End(86, 186)
The Agent Has Converged After 3311 Episodes
The Agent Has Converged After 3321 Episodes
The Agent Has Converged After 4201 Episodes
The Agent Has Converged After 4411 Episodes
The Agent Has Converged After 4901 Episodes
The Agent Has Converged After 6541 Episodes
The Agent Has Converged After 4921 Episodes
The Agent Has Converged After 5521 Episodes
The Agent Has Converged After 5571 Episodes
The Agent Has Converged After 6291 Episodes
The Agent Has Converged After 6721 Episodes
The Agent Has Converged After 5411 Episodes
The Agent Has Converged After 6251 Episodes
The Agent Has Converged After 5571 Episodes
The Agent Has Converged After 6851 Episodes
The Agent Has Converged After 6531 Episodes
The Agent Has Converged After 6711 Episodes
The Agent Has Converged After 7411 Episodes
The Agent Has Converged After 7031 Episodes
The Agent Has Converged After 7401 Episodes
The Agent Has Converged After 6871 Episodes
The Agent Has Converged After 7401 Episodes
The Agent Has Converged After 7531 Episodes
The Agent Has Converged After 6431 Episodes
The Agent Has Converged After 7961 Episodes
The Agent Has Converged After 7881 Episodes
The Agent Has Converged After 8701 Episodes
The Agent Has Converged After 8461 Episodes
The Agent Has Converged After 8781 Episodes
The Agent Has Converged After 7631 Episodes
The Agent Has Converged After 8761 Episodes
The Agent Has Converged After 8621 Episodes
The Agent Has Converged After 8911 Episodes
The Agent Has Converged After 9601 Episodes
The Agent Has Converged After 8501 Episodes
The Agent Has Converged After 9231 Episodes
The Agent Has Converged After 9241 Episodes
The Agent Has Converged After 8721 Episodes
The Agent Has Converged After 9081 Episodes
The Agent Has Converged After 10421 Episodes
The Agent Has Converged After 10751 Episodes
The Agent Has Converged After 11751 Episodes
The Agent Has Converged After 10491 Episodes
The Agent Has Converged After 10221 Episodes
The Agent Has Converged After 9861 Episodes
The Agent Has Converged After 11571 Episodes
The Agent Has Converged After 12571 Episodes
The Agent Has Converged After 10091 Episodes
The Agent Has Converged After 11721 Episodes
The Agent Has Converged After 13131 Episodes
The Agent Has Converged After 13341 Episodes
The Agent Has Converged After 11741 Episodes
The Agent Has Converged After 10731 Episodes
The Agent Has Converged After 11751 Episodes
The Agent Has Converged After 11991 Episodes
The Agent Has Converged After 12291 Episodes
The Agent Has Converged After 11011 Episodes
The Agent Has Converged After 12321 Episodes
The Agent Has Converged After 11731 Episodes
The Agent Has Converged After 16061 Episodes
The Agent Has Converged After 12641 Episodes
The Agent Has Converged After 14071 Episodes
The Agent Has Converged After 12331 Episodes
The Agent Has Converged After 14011 Episodes
The Agent Has Converged After 11801 Episodes
The Agent Has Converged After 14221 Episodes
The Agent Has Converged After 14581 Episodes
The Agent Has Converged After 14961 Episodes
The Agent Has Converged After 12911 Episodes
The Agent Has Converged After 12831 Episodes
The Agent Has Converged After 13991 Episodes
The Agent Has Converged After 16541 Episodes
The Agent Has Converged After 14291 Episodes
The Agent Has Converged After 13401 Episodes
The Agent Has Converged After 15611 Episodes
The Agent Has Converged After 13041 Episodes
The Agent Has Converged After 13671 Episodes
The Agent Has Converged After 15311 Episodes
The Agent Has Converged After 13631 Episodes
The Agent Has Converged After 14711 Episodes
The Agent Has Converged After 13471 Episodes
The Agent Has Converged After 14521 Episodes
The Agent Has Converged After 13581 Episodes
The Agent Has Converged After 15801 Episodes
The Agent Has Converged After 14381 Episodes
The Agent Has Converged After 13931 Episodes
The Agent Has Converged After 15851 Episodes
The Agent Has Converged After 14271 Episodes
The Agent Has Converged After 14671 Episodes
The Agent Has Converged After 14921 Episodes
The Agent Has Converged After 15371 Episodes
The Agent Has Converged After 15251 Episodes
The Agent Has Converged After 15631 Episodes
The Agent Has Converged After 15691 Episodes
The Agent Has Converged After 13981 Episodes
The Agent Has Converged After 15021 Episodes
The Agent Has Converged After 16461 Episodes
The Agent Has Converged After 15961 Episodes
The Agent Has Converged After 16231 Episodes
The Agent Has Converged After 16511 Episodes
The Agent Has Converged After 14741 Episodes
The Agent Has Converged After 14191 Episodes
The Agent Has Converged After 15651 Episodes
The Agent Has Converged After 14941 Episodes
The Agent Has Converged After 15751 Episodes
The Agent Has Converged After 14961 Episodes
The Agent Has Converged After 17751 Episodes
The Agent Has Converged After 15751 Episodes
The Agent Has Converged After 14621 Episodes
The Agent Has Converged After 15951 Episodes
The Agent Has Converged After 14601 Episodes
The Agent Has Converged After 15821 Episodes
The Agent Has Converged After 16081 Episodes
The Agent Has Converged After 16231 Episodes
The Agent Has Converged After 15331 Episodes
The Agent Has Converged After 15051 Episodes
The Agent Has Converged After 15791 Episodes
The Agent Has Converged After 19031 Episodes
The Agent Has Converged After 16431 Episodes
The Agent Has Converged After 16771 Episodes
The Agent Has Converged After 17411 Episodes
The Agent Has Converged After 15281 Episodes
The Agent Has Converged After 15861 Episodes
The Agent Has Converged After 16641 Episodes
The Agent Has Converged After 16311 Episodes
The Agent Has Converged After 15081 Episodes
The Agent Has Converged After 16601 Episodes
The Agent Has Converged After 15581 Episodes
The Agent Has Converged After 16641 Episodes
The Agent Has Converged After 17221 Episodes
The Agent Has Converged After 16301 Episodes
The Agent Has Converged After 16201 Episodes
The Agent Has Converged After 16401 Episodes
The Agent Has Converged After 17131 Episodes
The Agent Has Converged After 19011 Episodes
The Agent Has Converged After 16991 Episodes
The Agent Has Converged After 16531 Episodes
The Agent Has Converged After 16741 Episodes
The Agent Has Converged After 18421 Episodes
The Agent Has Converged After 18631 Episodes
The Agent Has Converged After 16471 Episodes
The Agent Has Converged After 16101 Episodes
The Agent Has Converged After 14971 Episodes
The Agent Has Converged After 17891 Episodes
The Agent Has Converged After 17211 Episodes
The Agent Has Converged After 16341 Episodes
The Agent Has Converged After 18331 Episodes
The Agent Has Converged After 18151 Episodes
The Agent Has Converged After 18261 Episodes
The Agent Has Converged After 16941 Episodes
The Agent Has Converged After 18111 Episodes
The Agent Has Converged After 16451 Episodes
The Agent Has Converged After 17671 Episodes
The Agent Has Converged After 19091 Episodes
The Agent Has Converged After 17641 Episodes
The Agent Has Converged After 17641 Episodes
The Agent Has Converged After 18361 Episodes
The Agent Has Converged After 19131 Episodes
The Agent Has Converged After 17021 Episodes
The Agent Has Converged After 18361 Episodes
The Agent Has Converged After 17631 Episodes
The Agent Has Converged After 19301 Episodes
The Agent Has Converged After 19521 Episodes
The Agent Has Converged After 17861 Episodes
The Agent Has Converged After 19601 Episodes
The Agent Has Converged After 18251 Episodes
The Agent Has Converged After 17301 Episodes
The Agent Has Converged After 17761 Episodes
The Agent Has Converged After 18201 Episodes
The Agent Has Converged After 19141 Episodes
The Agent Has Converged After 18671 Episodes
The Agent Has Converged After 17701 Episodes
The Agent Has Converged After 17781 Episodes
The Agent Has Converged After 19621 Episodes
The Agent Has Converged After 18861 Episodes
The Agent Has Converged After 19001 Episodes
The Agent Has Converged After 18441 Episodes
The Agent Has Converged After 20091 Episodes
The Agent Has Converged After 19621 Episodes
The Agent Has Converged After 17841 Episodes
The Agent Has Converged After 20701 Episodes
The Agent Has Converged After 19051 Episodes
The Agent Has Converged After 20261 Episodes
The Agent Has Converged After 19751 Episodes
The Agent Has Converged After 19491 Episodes
The Agent Has Converged After 18851 Episodes
The Agent Has Converged After 18781 Episodes
The Agent Has Converged After 20181 Episodes
The Agent Has Converged After 19221 Episodes
The Agent Has Converged After 20121 Episodes
The Agent Has Converged After 18971 Episodes
The Agent Has Converged After 18721 Episodes
The Agent Has Converged After 20251 Episodes
The Agent Has Converged After 19721 Episodes
The Agent Has Converged After 21361 Episodes
The Agent Has Converged After 19351 Episodes
The Agent Has Converged After 19681 Episodes
The Agent Has Converged After 20601 Episodes
The Agent Has Converged After 18851 Episodes
The Agent Has Converged After 20401 Episodes
The Agent Has Converged After 20961 Episodes
The Agent Has Converged After 19551 Episodes
The Agent Has Converged After 21711 Episodes
The Agent Has Converged After 20431 Episodes
The Agent Has Converged After 20931 Episodes
The Agent Has Converged After 19821 Episodes
The Agent Has Converged After 21481 Episodes
The Agent Has Converged After 20121 Episodes
The Agent Has Converged After 19771 Episodes
The Agent Has Converged After 21001 Episodes
The Agent Has Converged After 20671 Episodes
The Agent Has Converged After 19521 Episodes
The Agent Has Converged After 20901 Episodes
The Agent Has Converged After 20021 Episodes
The Agent Has Converged After 20561 Episodes
The Agent Has Converged After 20571 Episodes
The Agent Has Converged After 19761 Episodes
The Agent Has Converged After 20851 Episodes
The Agent Has Converged After 20481 Episodes
The Agent Has Converged After 20831 Episodes
The Agent Has Converged After 22361 Episodes
The Agent Has Converged After 22001 Episodes
The Agent Has Converged After 22381 Episodes
The Agent Has Converged After 24151 Episodes
The Agent Has Converged After 23561 Episodes
The Agent Has Converged After 20771 Episodes
The Agent Has Converged After 21651 Episodes
The Agent Has Converged After 21661 Episodes
The Agent Has Converged After 22501 Episodes
The Agent Has Converged After 23811 Episodes
The Agent Has Converged After 23811 Episodes
The Agent Has Converged After 24921 Episodes
The Agent Has Converged After 24801 Episodes
The Agent Has Converged After 27871 Episodes
The Agent Has Converged After 33371 Episodes
The Agent Has Converged After 33401 Episodes
The Agent Has Converged After 33351 Episodes
The Agent Has Converged After 32421 Episodes
The Agent Has Converged After 35381 Episodes
The Agent Has Converged After 33821 Episodes
The Agent Has Converged After 32341 Episodes
The Agent Has Converged After 33301 Episodes
The Agent Has Converged After 33141 Episodes
The Agent Has Converged After 33551 Episodes
The Agent Has Converged After 33621 Episodes
The Agent Has Converged After 33481 Episodes
The Agent Has Converged After 37011 Episodes

Environment changed. Applying local Q-learning.
The Agent Has Converged After 35871 Episodes

Environment changed. Performing local path planning for affected leaf nodes.
Training agent in leaf node: Start(149, 75), End(174, 99)
The Agent Has Converged After 32311 Episodes

Maze Size: 200x200

--- MasMat Results ---
Static Training Time   : 2278.2s
Dynamic Training Time  : 12.9097s
Average Planning Time  : 6.32042e-06s
Success Rate           : 100%
Average Path Length    : 2.59 steps

--- Local Path Planning Results ---
Static Training Time   : 279.949s
Dynamic Training Time  : 11.6378s
Average Planning Time  : 5.02647e-06s
Success Rate           : 100%
Average Path Length    : 2.68 steps

		=== The Maze: 0 means obstacle, 1 means free space, 2 means charging station ===

Maze Sub-environment Tree:

Node: Start(0, 0), End(199, 199), Size(200x200), Charging Stations: 788
 ├─ Node: Start(0, 0), End(99, 99), Size(100x100), Charging Stations: 203
 │   ├─ Node: Start(0, 0), End(49, 49), Size(50x50), Charging Stations: 54
 │   │   ├─ Node: Start(0, 0), End(24, 24), Size(25x25), Charging Stations: 12
 │   │   │   ├─ Node: Start(0, 0), End(12, 12), Size(13x13), Charging Stations: 2
 │   │   │   ├─ Node: Start(0, 13), End(12, 24), Size(13x12), Charging Stations: 3
 │   │   │   ├─ Node: Start(13, 0), End(24, 12), Size(12x13), Charging Stations: 1
 │   │   │   └─ Node: Start(13, 13), End(24, 24), Size(12x12), Charging Stations: 5
 │   │   ├─ Node: Start(0, 25), End(24, 49), Size(25x25), Charging Stations: 17
 │   │   │   ├─ Node: Start(0, 24), End(12, 36), Size(13x13), Charging Stations: 3
 │   │   │   ├─ Node: Start(0, 37), End(12, 49), Size(13x13), Charging Stations: 5
 │   │   │   ├─ Node: Start(13, 24), End(24, 36), Size(12x13), Charging Stations: 6
 │   │   │   │   ├─ Node: Start(12, 24), End(18, 30), Size(7x7), Charging Stations: 1
 │   │   │   │   ├─ Node: Start(12, 31), End(18, 36), Size(7x6), Charging Stations: 2
 │   │   │   │   ├─ Node: Start(19, 24), End(24, 30), Size(6x7), Charging Stations: 2
 │   │   │   │   └─ Node: Start(19, 31), End(24, 36), Size(6x6), Charging Stations: 1
 │   │   │   └─ Node: Start(13, 37), End(24, 49), Size(12x13), Charging Stations: 4
 │   │   ├─ Node: Start(25, 0), End(49, 24), Size(25x25), Charging Stations: 14
 │   │   │   ├─ Node: Start(24, 0), End(36, 12), Size(13x13), Charging Stations: 4
 │   │   │   ├─ Node: Start(24, 13), End(36, 24), Size(13x12), Charging Stations: 2
 │   │   │   ├─ Node: Start(37, 0), End(49, 12), Size(13x13), Charging Stations: 5
 │   │   │   └─ Node: Start(37, 13), End(49, 24), Size(13x12), Charging Stations: 1
 │   │   └─ Node: Start(25, 25), End(49, 49), Size(25x25), Charging Stations: 9
 │   ├─ Node: Start(0, 50), End(49, 99), Size(50x50), Charging Stations: 57
 │   │   ├─ Node: Start(0, 49), End(24, 74), Size(25x26), Charging Stations: 10
 │   │   │   ├─ Node: Start(0, 49), End(12, 61), Size(13x13), Charging Stations: 3
 │   │   │   ├─ Node: Start(0, 62), End(12, 74), Size(13x13), Charging Stations: 2
 │   │   │   ├─ Node: Start(13, 49), End(24, 61), Size(12x13), Charging Stations: 2
 │   │   │   └─ Node: Start(13, 62), End(24, 74), Size(12x13), Charging Stations: 3
 │   │   ├─ Node: Start(0, 75), End(24, 99), Size(25x25), Charging Stations: 14
 │   │   │   ├─ Node: Start(0, 74), End(12, 86), Size(13x13), Charging Stations: 3
 │   │   │   ├─ Node: Start(0, 87), End(12, 99), Size(13x13), Charging Stations: 3
 │   │   │   ├─ Node: Start(13, 74), End(24, 86), Size(12x13), Charging Stations: 5
 │   │   │   └─ Node: Start(13, 87), End(24, 99), Size(12x13), Charging Stations: 3
 │   │   ├─ Node: Start(25, 49), End(49, 74), Size(25x26), Charging Stations: 15
 │   │   │   ├─ Node: Start(24, 49), End(36, 61), Size(13x13), Charging Stations: 2
 │   │   │   ├─ Node: Start(24, 62), End(36, 74), Size(13x13), Charging Stations: 3
 │   │   │   ├─ Node: Start(37, 49), End(49, 61), Size(13x13), Charging Stations: 4
 │   │   │   └─ Node: Start(37, 62), End(49, 74), Size(13x13), Charging Stations: 5
 │   │   └─ Node: Start(25, 75), End(49, 99), Size(25x25), Charging Stations: 18
 │   │       ├─ Node: Start(24, 74), End(36, 86), Size(13x13), Charging Stations: 3
 │   │       ├─ Node: Start(24, 87), End(36, 99), Size(13x13), Charging Stations: 3
 │   │       ├─ Node: Start(37, 74), End(49, 86), Size(13x13), Charging Stations: 5
 │   │       └─ Node: Start(37, 87), End(49, 99), Size(13x13), Charging Stations: 7
 │   ├─ Node: Start(50, 0), End(99, 49), Size(50x50), Charging Stations: 47
 │   │   ├─ Node: Start(49, 0), End(74, 24), Size(26x25), Charging Stations: 12
 │   │   │   ├─ Node: Start(49, 0), End(61, 12), Size(13x13), Charging Stations: 3
 │   │   │   ├─ Node: Start(49, 13), End(61, 24), Size(13x12), Charging Stations: 1
 │   │   │   ├─ Node: Start(62, 0), End(74, 12), Size(13x13), Charging Stations: 5
 │   │   │   └─ Node: Start(62, 13), End(74, 24), Size(13x12), Charging Stations: 3
 │   │   ├─ Node: Start(49, 25), End(74, 49), Size(26x25), Charging Stations: 14
 │   │   │   ├─ Node: Start(49, 24), End(61, 36), Size(13x13), Charging Stations: 2
 │   │   │   ├─ Node: Start(49, 37), End(61, 49), Size(13x13), Charging Stations: 5
 │   │   │   │   ├─ Node: Start(49, 36), End(55, 42), Size(7x7), Charging Stations: 1
 │   │   │   │   ├─ Node: Start(49, 43), End(55, 49), Size(7x7), Charging Stations: 1
 │   │   │   │   ├─ Node: Start(56, 36), End(61, 42), Size(6x7), Charging Stations: 3
 │   │   │   │   └─ Node: Start(56, 43), End(61, 49), Size(6x7), Charging Stations: 1
 │   │   │   ├─ Node: Start(62, 24), End(74, 36), Size(13x13), Charging Stations: 2
 │   │   │   └─ Node: Start(62, 37), End(74, 49), Size(13x13), Charging Stations: 4
 │   │   ├─ Node: Start(75, 0), End(99, 24), Size(25x25), Charging Stations: 11
 │   │   │   ├─ Node: Start(74, 0), End(86, 12), Size(13x13), Charging Stations: 2
 │   │   │   ├─ Node: Start(74, 13), End(86, 24), Size(13x12), Charging Stations: 2
 │   │   │   ├─ Node: Start(87, 0), End(99, 12), Size(13x13), Charging Stations: 2
 │   │   │   └─ Node: Start(87, 13), End(99, 24), Size(13x12), Charging Stations: 3
 │   │   └─ Node: Start(75, 25), End(99, 49), Size(25x25), Charging Stations: 8
 │   │       ├─ Node: Start(74, 24), End(86, 36), Size(13x13), Charging Stations: 1
 │   │       ├─ Node: Start(74, 37), End(86, 49), Size(13x13), Charging Stations: 1
 │   │       ├─ Node: Start(87, 24), End(99, 36), Size(13x13), Charging Stations: 4
 │   │       └─ Node: Start(87, 37), End(99, 49), Size(13x13), Charging Stations: 2
 │   └─ Node: Start(50, 50), End(99, 99), Size(50x50), Charging Stations: 41
 │       ├─ Node: Start(49, 49), End(74, 74), Size(26x26), Charging Stations: 15
 │       │   ├─ Node: Start(49, 49), End(61, 61), Size(13x13), Charging Stations: 7
 │       │   ├─ Node: Start(49, 62), End(61, 74), Size(13x13), Charging Stations: 5
 │       │   ├─ Node: Start(62, 49), End(74, 61), Size(13x13), Charging Stations: 1
 │       │   └─ Node: Start(62, 62), End(74, 74), Size(13x13), Charging Stations: 2
 │       ├─ Node: Start(49, 75), End(74, 99), Size(26x25), Charging Stations: 10
 │       ├─ Node: Start(75, 49), End(99, 74), Size(25x26), Charging Stations: 7
 │       └─ Node: Start(75, 75), End(99, 99), Size(25x25), Charging Stations: 10
 │           ├─ Node: Start(74, 74), End(86, 86), Size(13x13), Charging Stations: 4
 │           ├─ Node: Start(74, 87), End(86, 99), Size(13x13), Charging Stations: 2
 │           ├─ Node: Start(87, 74), End(99, 86), Size(13x13), Charging Stations: 2
 │           └─ Node: Start(87, 87), End(99, 99), Size(13x13), Charging Stations: 3
 ├─ Node: Start(0, 100), End(99, 199), Size(100x100), Charging Stations: 210
 │   ├─ Node: Start(0, 99), End(49, 149), Size(50x51), Charging Stations: 59
 │   │   ├─ Node: Start(0, 99), End(24, 124), Size(25x26), Charging Stations: 18
 │   │   │   ├─ Node: Start(0, 99), End(12, 111), Size(13x13), Charging Stations: 3
 │   │   │   ├─ Node: Start(0, 112), End(12, 124), Size(13x13), Charging Stations: 6
 │   │   │   ├─ Node: Start(13, 99), End(24, 111), Size(12x13), Charging Stations: 4
 │   │   │   └─ Node: Start(13, 112), End(24, 124), Size(12x13), Charging Stations: 3
 │   │   ├─ Node: Start(0, 125), End(24, 149), Size(25x25), Charging Stations: 9
 │   │   ├─ Node: Start(25, 99), End(49, 124), Size(25x26), Charging Stations: 17
 │   │   │   ├─ Node: Start(24, 99), End(36, 111), Size(13x13), Charging Stations: 2
 │   │   │   ├─ Node: Start(24, 112), End(36, 124), Size(13x13), Charging Stations: 5
 │   │   │   │   ├─ Node: Start(24, 111), End(30, 117), Size(7x7), Charging Stations: 1
 │   │   │   │   ├─ Node: Start(24, 118), End(30, 124), Size(7x7), Charging Stations: 2
 │   │   │   │   ├─ Node: Start(31, 111), End(36, 117), Size(6x7), Charging Stations: 1
 │   │   │   │   └─ Node: Start(31, 118), End(36, 124), Size(6x7), Charging Stations: 1
 │   │   │   ├─ Node: Start(37, 99), End(49, 111), Size(13x13), Charging Stations: 4
 │   │   │   └─ Node: Start(37, 112), End(49, 124), Size(13x13), Charging Stations: 5
 │   │   └─ Node: Start(25, 125), End(49, 149), Size(25x25), Charging Stations: 12
 │   │       ├─ Node: Start(24, 124), End(36, 136), Size(13x13), Charging Stations: 3
 │   │       ├─ Node: Start(24, 137), End(36, 149), Size(13x13), Charging Stations: 5
 │   │       ├─ Node: Start(37, 124), End(49, 136), Size(13x13), Charging Stations: 3
 │   │       └─ Node: Start(37, 137), End(49, 149), Size(13x13), Charging Stations: 1
 │   ├─ Node: Start(0, 150), End(49, 199), Size(50x50), Charging Stations: 46
 │   │   ├─ Node: Start(0, 149), End(24, 174), Size(25x26), Charging Stations: 10
 │   │   │   ├─ Node: Start(0, 149), End(12, 161), Size(13x13), Charging Stations: 3
 │   │   │   ├─ Node: Start(0, 162), End(12, 174), Size(13x13), Charging Stations: 2
 │   │   │   ├─ Node: Start(13, 149), End(24, 161), Size(12x13), Charging Stations: 3
 │   │   │   └─ Node: Start(13, 162), End(24, 174), Size(12x13), Charging Stations: 1
 │   │   ├─ Node: Start(0, 175), End(24, 199), Size(25x25), Charging Stations: 10
 │   │   │   ├─ Node: Start(0, 174), End(12, 186), Size(13x13), Charging Stations: 2
 │   │   │   ├─ Node: Start(0, 187), End(12, 199), Size(13x13), Charging Stations: 2
 │   │   │   ├─ Node: Start(13, 174), End(24, 186), Size(12x13), Charging Stations: 2
 │   │   │   └─ Node: Start(13, 187), End(24, 199), Size(12x13), Charging Stations: 3
 │   │   ├─ Node: Start(25, 149), End(49, 174), Size(25x26), Charging Stations: 13
 │   │   │   ├─ Node: Start(24, 149), End(36, 161), Size(13x13), Charging Stations: 3
 │   │   │   ├─ Node: Start(24, 162), End(36, 174), Size(13x13), Charging Stations: 2
 │   │   │   ├─ Node: Start(37, 149), End(49, 161), Size(13x13), Charging Stations: 4
 │   │   │   └─ Node: Start(37, 162), End(49, 174), Size(13x13), Charging Stations: 3
 │   │   └─ Node: Start(25, 175), End(49, 199), Size(25x25), Charging Stations: 14
 │   │       ├─ Node: Start(24, 174), End(36, 186), Size(13x13), Charging Stations: 4
 │   │       ├─ Node: Start(24, 187), End(36, 199), Size(13x13), Charging Stations: 2
 │   │       ├─ Node: Start(37, 174), End(49, 186), Size(13x13), Charging Stations: 4
 │   │       └─ Node: Start(37, 187), End(49, 199), Size(13x13), Charging Stations: 3
 │   ├─ Node: Start(50, 99), End(99, 149), Size(50x51), Charging Stations: 43
 │   │   ├─ Node: Start(49, 99), End(74, 124), Size(26x26), Charging Stations: 11
 │   │   │   ├─ Node: Start(49, 99), End(61, 111), Size(13x13), Charging Stations: 2
 │   │   │   ├─ Node: Start(49, 112), End(61, 124), Size(13x13), Charging Stations: 3
 │   │   │   ├─ Node: Start(62, 99), End(74, 111), Size(13x13), Charging Stations: 2
 │   │   │   └─ Node: Start(62, 112), End(74, 124), Size(13x13), Charging Stations: 2
 │   │   ├─ Node: Start(49, 125), End(74, 149), Size(26x25), Charging Stations: 9
 │   │   │   ├─ Node: Start(49, 124), End(61, 136), Size(13x13), Charging Stations: 3
 │   │   │   ├─ Node: Start(49, 137), End(61, 149), Size(13x13), Charging Stations: 1
 │   │   │   ├─ Node: Start(62, 124), End(74, 136), Size(13x13), Charging Stations: 3
 │   │   │   └─ Node: Start(62, 137), End(74, 149), Size(13x13), Charging Stations: 1
 │   │   ├─ Node: Start(75, 99), End(99, 124), Size(25x26), Charging Stations: 10
 │   │   └─ Node: Start(75, 125), End(99, 149), Size(25x25), Charging Stations: 11
 │   │       ├─ Node: Start(74, 124), End(86, 136), Size(13x13), Charging Stations: 4
 │   │       ├─ Node: Start(74, 137), End(86, 149), Size(13x13), Charging Stations: 3
 │   │       ├─ Node: Start(87, 124), End(99, 136), Size(13x13), Charging Stations: 4
 │   │       └─ Node: Start(87, 137), End(99, 149), Size(13x13), Charging Stations: 1
 │   └─ Node: Start(50, 150), End(99, 199), Size(50x50), Charging Stations: 57
 │       ├─ Node: Start(49, 149), End(74, 174), Size(26x26), Charging Stations: 11
 │       │   ├─ Node: Start(49, 149), End(61, 161), Size(13x13), Charging Stations: 2
 │       │   ├─ Node: Start(49, 162), End(61, 174), Size(13x13), Charging Stations: 2
 │       │   ├─ Node: Start(62, 149), End(74, 161), Size(13x13), Charging Stations: 5
 │       │   └─ Node: Start(62, 162), End(74, 174), Size(13x13), Charging Stations: 1
 │       ├─ Node: Start(49, 175), End(74, 199), Size(26x25), Charging Stations: 19
 │       │   ├─ Node: Start(49, 174), End(61, 186), Size(13x13), Charging Stations: 5
 │       │   │   ├─ Node: Start(49, 174), End(55, 180), Size(7x7), Charging Stations: 1
 │       │   │   ├─ Node: Start(49, 181), End(55, 186), Size(7x6), Charging Stations: 1
 │       │   │   ├─ Node: Start(56, 174), End(61, 180), Size(6x7), Charging Stations: 1
 │       │   │   └─ Node: Start(56, 181), End(61, 186), Size(6x6), Charging Stations: 1
 │       │   ├─ Node: Start(49, 187), End(61, 199), Size(13x13), Charging Stations: 3
 │       │   ├─ Node: Start(62, 174), End(74, 186), Size(13x13), Charging Stations: 6
 │       │   │   ├─ Node: Start(61, 174), End(67, 180), Size(7x7), Charging Stations: 1
 │       │   │   ├─ Node: Start(61, 181), End(67, 186), Size(7x6), Charging Stations: 2
 │       │   │   ├─ Node: Start(68, 174), End(74, 180), Size(7x7), Charging Stations: 3
 │       │   │   └─ Node: Start(68, 181), End(74, 186), Size(7x6), Charging Stations: 1
 │       │   └─ Node: Start(62, 187), End(74, 199), Size(13x13), Charging Stations: 4
 │       │       ├─ Node: Start(61, 186), End(67, 192), Size(7x7), Charging Stations: 2
 │       │       ├─ Node: Start(61, 193), End(67, 199), Size(7x7), Charging Stations: 1
 │       │       ├─ Node: Start(68, 186), End(74, 192), Size(7x7), Charging Stations: 1
 │       │       └─ Node: Start(68, 193), End(74, 199), Size(7x7), Charging Stations: 1
 │       ├─ Node: Start(75, 149), End(99, 174), Size(25x26), Charging Stations: 16
 │       │   ├─ Node: Start(74, 149), End(86, 161), Size(13x13), Charging Stations: 4
 │       │   ├─ Node: Start(74, 162), End(86, 174), Size(13x13), Charging Stations: 1
 │       │   ├─ Node: Start(87, 149), End(99, 161), Size(13x13), Charging Stations: 5
 │       │   └─ Node: Start(87, 162), End(99, 174), Size(13x13), Charging Stations: 5
 │       └─ Node: Start(75, 175), End(99, 199), Size(25x25), Charging Stations: 9
 │           ├─ Node: Start(74, 174), End(86, 186), Size(13x13), Charging Stations: 4
 │           ├─ Node: Start(74, 187), End(86, 199), Size(13x13), Charging Stations: 5
 │           │   ├─ Node: Start(74, 186), End(80, 192), Size(7x7), Charging Stations: 1
 │           │   ├─ Node: Start(74, 193), End(80, 199), Size(7x7), Charging Stations: 2
 │           │   ├─ Node: Start(81, 186), End(86, 192), Size(6x7), Charging Stations: 1
 │           │   └─ Node: Start(81, 193), End(86, 199), Size(6x7), Charging Stations: 1
 │           ├─ Node: Start(87, 174), End(99, 186), Size(13x13), Charging Stations: 1
 │           └─ Node: Start(87, 187), End(99, 199), Size(13x13), Charging Stations: 2
 ├─ Node: Start(100, 0), End(199, 99), Size(100x100), Charging Stations: 176
 │   ├─ Node: Start(99, 0), End(149, 49), Size(51x50), Charging Stations: 37
 │   │   ├─ Node: Start(99, 0), End(124, 24), Size(26x25), Charging Stations: 8
 │   │   ├─ Node: Start(99, 25), End(124, 49), Size(26x25), Charging Stations: 8
 │   │   ├─ Node: Start(125, 0), End(149, 24), Size(25x25), Charging Stations: 14
 │   │   └─ Node: Start(125, 25), End(149, 49), Size(25x25), Charging Stations: 7
 │   ├─ Node: Start(99, 50), End(149, 99), Size(51x50), Charging Stations: 45
 │   │   ├─ Node: Start(99, 49), End(124, 74), Size(26x26), Charging Stations: 11
 │   │   │   ├─ Node: Start(99, 49), End(111, 61), Size(13x13), Charging Stations: 3
 │   │   │   ├─ Node: Start(99, 62), End(111, 74), Size(13x13), Charging Stations: 3
 │   │   │   ├─ Node: Start(112, 49), End(124, 61), Size(13x13), Charging Stations: 1
 │   │   │   └─ Node: Start(112, 62), End(124, 74), Size(13x13), Charging Stations: 4
 │   │   ├─ Node: Start(99, 75), End(124, 99), Size(26x25), Charging Stations: 13
 │   │   │   ├─ Node: Start(99, 74), End(111, 86), Size(13x13), Charging Stations: 1
 │   │   │   ├─ Node: Start(99, 87), End(111, 99), Size(13x13), Charging Stations: 4
 │   │   │   ├─ Node: Start(112, 74), End(124, 86), Size(13x13), Charging Stations: 3
 │   │   │   └─ Node: Start(112, 87), End(124, 99), Size(13x13), Charging Stations: 3
 │   │   ├─ Node: Start(125, 49), End(149, 74), Size(25x26), Charging Stations: 9
 │   │   └─ Node: Start(125, 75), End(149, 99), Size(25x25), Charging Stations: 12
 │   │       ├─ Node: Start(124, 74), End(136, 86), Size(13x13), Charging Stations: 2
 │   │       ├─ Node: Start(124, 87), End(136, 99), Size(13x13), Charging Stations: 1
 │   │       ├─ Node: Start(137, 74), End(149, 86), Size(13x13), Charging Stations: 3
 │   │       └─ Node: Start(137, 87), End(149, 99), Size(13x13), Charging Stations: 5
 │   ├─ Node: Start(150, 0), End(199, 49), Size(50x50), Charging Stations: 50
 │   │   ├─ Node: Start(149, 0), End(174, 24), Size(26x25), Charging Stations: 11
 │   │   │   ├─ Node: Start(149, 0), End(161, 12), Size(13x13), Charging Stations: 2
 │   │   │   ├─ Node: Start(149, 13), End(161, 24), Size(13x12), Charging Stations: 3
 │   │   │   ├─ Node: Start(162, 0), End(174, 12), Size(13x13), Charging Stations: 4
 │   │   │   └─ Node: Start(162, 13), End(174, 24), Size(13x12), Charging Stations: 1
 │   │   ├─ Node: Start(149, 25), End(174, 49), Size(26x25), Charging Stations: 10
 │   │   │   ├─ Node: Start(149, 24), End(161, 36), Size(13x13), Charging Stations: 2
 │   │   │   ├─ Node: Start(149, 37), End(161, 49), Size(13x13), Charging Stations: 2
 │   │   │   ├─ Node: Start(162, 24), End(174, 36), Size(13x13), Charging Stations: 4
 │   │   │   └─ Node: Start(162, 37), End(174, 49), Size(13x13), Charging Stations: 1
 │   │   ├─ Node: Start(175, 0), End(199, 24), Size(25x25), Charging Stations: 12
 │   │   │   ├─ Node: Start(174, 0), End(186, 12), Size(13x13), Charging Stations: 3
 │   │   │   ├─ Node: Start(174, 13), End(186, 24), Size(13x12), Charging Stations: 5
 │   │   │   ├─ Node: Start(187, 0), End(199, 12), Size(13x13), Charging Stations: 2
 │   │   │   └─ Node: Start(187, 13), End(199, 24), Size(13x12), Charging Stations: 2
 │   │   └─ Node: Start(175, 25), End(199, 49), Size(25x25), Charging Stations: 14
 │   │       ├─ Node: Start(174, 24), End(186, 36), Size(13x13), Charging Stations: 4
 │   │       ├─ Node: Start(174, 37), End(186, 49), Size(13x13), Charging Stations: 1
 │   │       ├─ Node: Start(187, 24), End(199, 36), Size(13x13), Charging Stations: 5
 │   │       └─ Node: Start(187, 37), End(199, 49), Size(13x13), Charging Stations: 5
 │   └─ Node: Start(150, 50), End(199, 99), Size(50x50), Charging Stations: 43
 │       ├─ Node: Start(149, 49), End(174, 74), Size(26x26), Charging Stations: 17
 │       │   ├─ Node: Start(149, 49), End(161, 61), Size(13x13), Charging Stations: 4
 │       │   ├─ Node: Start(149, 62), End(161, 74), Size(13x13), Charging Stations: 3
 │       │   ├─ Node: Start(162, 49), End(174, 61), Size(13x13), Charging Stations: 1
 │       │   └─ Node: Start(162, 62), End(174, 74), Size(13x13), Charging Stations: 6
 │       │       ├─ Node: Start(161, 61), End(167, 67), Size(7x7), Charging Stations: 2
 │       │       ├─ Node: Start(161, 68), End(167, 74), Size(7x7), Charging Stations: 1
 │       │       ├─ Node: Start(168, 61), End(174, 67), Size(7x7), Charging Stations: 1
 │       │       └─ Node: Start(168, 68), End(174, 74), Size(7x7), Charging Stations: 2
 │       ├─ Node: Start(149, 75), End(174, 99), Size(26x25), Charging Stations: 7
 │       ├─ Node: Start(175, 49), End(199, 74), Size(25x26), Charging Stations: 13
 │       │   ├─ Node: Start(174, 49), End(186, 61), Size(13x13), Charging Stations: 6
 │       │   │   ├─ Node: Start(174, 49), End(180, 55), Size(7x7), Charging Stations: 2
 │       │   │   ├─ Node: Start(174, 56), End(180, 61), Size(7x6), Charging Stations: 1
 │       │   │   ├─ Node: Start(181, 49), End(186, 55), Size(6x7), Charging Stations: 1
 │       │   │   └─ Node: Start(181, 56), End(186, 61), Size(6x6), Charging Stations: 2
 │       │   ├─ Node: Start(174, 62), End(186, 74), Size(13x13), Charging Stations: 2
 │       │   ├─ Node: Start(187, 49), End(199, 61), Size(13x13), Charging Stations: 4
 │       │   └─ Node: Start(187, 62), End(199, 74), Size(13x13), Charging Stations: 1
 │       └─ Node: Start(175, 75), End(199, 99), Size(25x25), Charging Stations: 6
 └─ Node: Start(100, 100), End(199, 199), Size(100x100), Charging Stations: 195
     ├─ Node: Start(99, 99), End(149, 149), Size(51x51), Charging Stations: 34
     │   ├─ Node: Start(99, 99), End(124, 124), Size(26x26), Charging Stations: 13
     │   │   ├─ Node: Start(99, 99), End(111, 111), Size(13x13), Charging Stations: 3
     │   │   ├─ Node: Start(99, 112), End(111, 124), Size(13x13), Charging Stations: 4
     │   │   │   ├─ Node: Start(99, 111), End(105, 117), Size(7x7), Charging Stations: 1
     │   │   │   ├─ Node: Start(99, 118), End(105, 124), Size(7x7), Charging Stations: 1
     │   │   │   ├─ Node: Start(106, 111), End(111, 117), Size(6x7), Charging Stations: 1
     │   │   │   └─ Node: Start(106, 118), End(111, 124), Size(6x7), Charging Stations: 1
     │   │   ├─ Node: Start(112, 99), End(124, 111), Size(13x13), Charging Stations: 2
     │   │   └─ Node: Start(112, 112), End(124, 124), Size(13x13), Charging Stations: 4
     │   ├─ Node: Start(99, 125), End(124, 149), Size(26x25), Charging Stations: 8
     │   ├─ Node: Start(125, 99), End(149, 124), Size(25x26), Charging Stations: 6
     │   │   ├─ Node: Start(124, 99), End(136, 111), Size(13x13), Charging Stations: 2
     │   │   ├─ Node: Start(124, 112), End(136, 124), Size(13x13), Charging Stations: 2
     │   │   ├─ Node: Start(137, 99), End(149, 111), Size(13x13), Charging Stations: 1
     │   │   └─ Node: Start(137, 112), End(149, 124), Size(13x13), Charging Stations: 1
     │   └─ Node: Start(125, 125), End(149, 149), Size(25x25), Charging Stations: 5
     ├─ Node: Start(99, 150), End(149, 199), Size(51x50), Charging Stations: 47
     │   ├─ Node: Start(99, 149), End(124, 174), Size(26x26), Charging Stations: 15
     │   │   ├─ Node: Start(99, 149), End(111, 161), Size(13x13), Charging Stations: 6
     │   │   ├─ Node: Start(99, 162), End(111, 174), Size(13x13), Charging Stations: 3
     │   │   ├─ Node: Start(112, 149), End(124, 161), Size(13x13), Charging Stations: 2
     │   │   └─ Node: Start(112, 162), End(124, 174), Size(13x13), Charging Stations: 4
     │   ├─ Node: Start(99, 175), End(124, 199), Size(26x25), Charging Stations: 7
     │   │   ├─ Node: Start(99, 174), End(111, 186), Size(13x13), Charging Stations: 1
     │   │   ├─ Node: Start(99, 187), End(111, 199), Size(13x13), Charging Stations: 2
     │   │   ├─ Node: Start(112, 174), End(124, 186), Size(13x13), Charging Stations: 1
     │   │   └─ Node: Start(112, 187), End(124, 199), Size(13x13), Charging Stations: 2
     │   ├─ Node: Start(125, 149), End(149, 174), Size(25x26), Charging Stations: 11
     │   │   ├─ Node: Start(124, 149), End(136, 161), Size(13x13), Charging Stations: 1
     │   │   ├─ Node: Start(124, 162), End(136, 174), Size(13x13), Charging Stations: 5
     │   │   ├─ Node: Start(137, 149), End(149, 161), Size(13x13), Charging Stations: 1
     │   │   └─ Node: Start(137, 162), End(149, 174), Size(13x13), Charging Stations: 3
     │   └─ Node: Start(125, 175), End(149, 199), Size(25x25), Charging Stations: 14
     │       ├─ Node: Start(124, 174), End(136, 186), Size(13x13), Charging Stations: 3
     │       ├─ Node: Start(124, 187), End(136, 199), Size(13x13), Charging Stations: 5
     │       ├─ Node: Start(137, 174), End(149, 186), Size(13x13), Charging Stations: 2
     │       └─ Node: Start(137, 187), End(149, 199), Size(13x13), Charging Stations: 1
     ├─ Node: Start(150, 99), End(199, 149), Size(50x51), Charging Stations: 61
     │   ├─ Node: Start(149, 99), End(174, 124), Size(26x26), Charging Stations: 17
     │   │   ├─ Node: Start(149, 99), End(161, 111), Size(13x13), Charging Stations: 5
     │   │   ├─ Node: Start(149, 112), End(161, 124), Size(13x13), Charging Stations: 2
     │   │   ├─ Node: Start(162, 99), End(174, 111), Size(13x13), Charging Stations: 5
     │   │   └─ Node: Start(162, 112), End(174, 124), Size(13x13), Charging Stations: 5
     │   ├─ Node: Start(149, 125), End(174, 149), Size(26x25), Charging Stations: 12
     │   │   ├─ Node: Start(149, 124), End(161, 136), Size(13x13), Charging Stations: 2
     │   │   ├─ Node: Start(149, 137), End(161, 149), Size(13x13), Charging Stations: 3
     │   │   ├─ Node: Start(162, 124), End(174, 136), Size(13x13), Charging Stations: 4
     │   │   └─ Node: Start(162, 137), End(174, 149), Size(13x13), Charging Stations: 2
     │   ├─ Node: Start(175, 99), End(199, 124), Size(25x26), Charging Stations: 14
     │   │   ├─ Node: Start(174, 99), End(186, 111), Size(13x13), Charging Stations: 6
     │   │   ├─ Node: Start(174, 112), End(186, 124), Size(13x13), Charging Stations: 2
     │   │   ├─ Node: Start(187, 99), End(199, 111), Size(13x13), Charging Stations: 2
     │   │   └─ Node: Start(187, 112), End(199, 124), Size(13x13), Charging Stations: 6
     │   └─ Node: Start(175, 125), End(199, 149), Size(25x25), Charging Stations: 15
     │       ├─ Node: Start(174, 124), End(186, 136), Size(13x13), Charging Stations: 3
     │       ├─ Node: Start(174, 137), End(186, 149), Size(13x13), Charging Stations: 5
     │       ├─ Node: Start(187, 124), End(199, 136), Size(13x13), Charging Stations: 4
     │       └─ Node: Start(187, 137), End(199, 149), Size(13x13), Charging Stations: 2
     └─ Node: Start(150, 150), End(199, 199), Size(50x50), Charging Stations: 55
         ├─ Node: Start(149, 149), End(174, 174), Size(26x26), Charging Stations: 16
         │   ├─ Node: Start(149, 149), End(161, 161), Size(13x13), Charging Stations: 3
         │   ├─ Node: Start(149, 162), End(161, 174), Size(13x13), Charging Stations: 2
         │   ├─ Node: Start(162, 149), End(174, 161), Size(13x13), Charging Stations: 4
         │   └─ Node: Start(162, 162), End(174, 174), Size(13x13), Charging Stations: 4
         ├─ Node: Start(149, 175), End(174, 199), Size(26x25), Charging Stations: 15
         │   ├─ Node: Start(149, 174), End(161, 186), Size(13x13), Charging Stations: 3
         │   ├─ Node: Start(149, 187), End(161, 199), Size(13x13), Charging Stations: 1
         │   ├─ Node: Start(162, 174), End(174, 186), Size(13x13), Charging Stations: 5
         │   └─ Node: Start(162, 187), End(174, 199), Size(13x13), Charging Stations: 6
         ├─ Node: Start(175, 149), End(199, 174), Size(25x26), Charging Stations: 11
         │   ├─ Node: Start(174, 149), End(186, 161), Size(13x13), Charging Stations: 4
         │   ├─ Node: Start(174, 162), End(186, 174), Size(13x13), Charging Stations: 2
         │   ├─ Node: Start(187, 149), End(199, 161), Size(13x13), Charging Stations: 4
         │   └─ Node: Start(187, 162), End(199, 174), Size(13x13), Charging Stations: 1
         └─ Node: Start(175, 175), End(199, 199), Size(25x25), Charging Stations: 13
             ├─ Node: Start(174, 174), End(186, 186), Size(13x13), Charging Stations: 1
             ├─ Node: Start(174, 187), End(186, 199), Size(13x13), Charging Stations: 2
             ├─ Node: Start(187, 174), End(199, 186), Size(13x13), Charging Stations: 5
             └─ Node: Start(187, 187), End(199, 199), Size(13x13), Charging Stations: 4
                 ├─ Node: Start(186, 186), End(192, 192), Size(7x7), Charging Stations: 2
                 ├─ Node: Start(186, 193), End(192, 199), Size(7x7), Charging Stations: 1
                 ├─ Node: Start(193, 186), End(199, 192), Size(7x7), Charging Stations: 1
                 └─ Node: Start(193, 193), End(199, 199), Size(7x7), Charging Stations: 1

Environment is static. Applying global Q-learning.
The Agent Has Converged After 2437271 Episodes

Environment is static. Performing global local path planning for all leaf nodes.
Training agent in leaf node: Start(37, 149), End(49, 161)
Training agent in leaf node: Start(13, 187), End(24, 199)
Training agent in leaf node: Start(0, 187), End(12, 199)
Training agent in leaf node: Start(24, 13), End(36, 24)
Training agent in leaf node: Start(37, 162), End(49, 174)
Training agent in leaf node: Start(13, 74), End(24, 86)
Training agent in leaf node: Start(13, 174), End(24, 186)
Training agent in leaf node: Start(0, 174), End(12, 186)
Training agent in leaf node: Start(49, 0), End(61, 12)
Training agent in leaf node: Start(19, 24), End(24, 30)
Training agent in leaf node: Start(37, 112), End(49, 124)
Training agent in leaf node: Start(49, 24), End(61, 36)
Training agent in leaf node: Start(49, 43), End(55, 49)
Training agent in leaf node: Start(37, 62), End(49, 74)
Training agent in leaf node: Start(24, 187), End(36, 199)
Training agent in leaf node: Start(137, 74), End(149, 86)
Training agent in leaf node: Start(49, 36), End(55, 42)
Training agent in leaf node: Start(24, 137), End(36, 149)
Training agent in leaf node: Start(37, 13), End(49, 24)
Training agent in leaf node: Start(0, 37), End(12, 49)
Training agent in leaf node: Start(0, 162), End(12, 174)
Training agent in leaf node: Start(37, 74), End(49, 86)
Training agent in leaf node: Start(187, 0), End(199, 12)
Training agent in leaf node: Start(24, 49), End(36, 61)
Training agent in leaf node: Start(19, 31), End(24, 36)
Training agent in leaf node: Start(24, 0), End(36, 12)
Training agent in leaf node: Start(149, 0), End(161, 12)
Training agent in leaf node: Start(13, 62), End(24, 74)
Training agent in leaf node: Start(13, 49), End(24, 61)
Training agent in leaf node: Start(24, 162), End(36, 174)
Training agent in leaf node: Start(0, 0), End(12, 12)
Training agent in leaf node: Start(0, 62), End(12, 74)
Training agent in leaf node: Start(62, 162), End(74, 174)
Training agent in leaf node: Start(37, 0), End(49, 12)
Training agent in leaf node: Start(49, 174), End(55, 180)
Training agent in leaf node: Start(62, 49), End(74, 61)
Training agent in leaf node: Start(74, 87), End(86, 99)
Training agent in leaf node: Start(62, 0), End(74, 12)
Training agent in leaf node: Start(0, 74), End(12, 86)
Training agent in leaf node: Start(56, 43), End(61, 49)
Training agent in leaf node: Start(24, 124), End(36, 136)
Training agent in leaf node: Start(74, 162), End(86, 174)
Training agent in leaf node: Start(187, 13), End(199, 24)
Training agent in leaf node: Start(0, 13), End(12, 24)
Training agent in leaf node: Start(49, 112), End(61, 124)
Training agent in leaf node: Start(62, 112), End(74, 124)
Training agent in leaf node: Start(162, 49), End(174, 61)
Training agent in leaf node: Start(49, 75), End(74, 99)
Training agent in leaf node: Start(0, 149), End(12, 161)
Training agent in leaf node: Start(13, 87), End(24, 99)
Training agent in leaf node: Start(37, 87), End(49, 99)
Training agent in leaf node: Start(0, 125), End(24, 149)
Training agent in leaf node: Start(74, 186), End(80, 192)
Training agent in leaf node: Start(49, 99), End(61, 111)
Training agent in leaf node: Start(24, 111), End(30, 117)
Training agent in leaf node: Start(24, 87), End(36, 99)
Training agent in leaf node: Start(13, 99), End(24, 111)
Training agent in leaf node: Start(12, 24), End(18, 30)
Training agent in leaf node: Start(87, 174), End(99, 186)
Training agent in leaf node: Start(74, 74), End(86, 86)
Training agent in leaf node: Start(0, 24), End(12, 36)
Training agent in leaf node: Start(74, 137), End(86, 149)
Training agent in leaf node: Start(13, 0), End(24, 12)
Training agent in leaf node: Start(87, 24), End(99, 36)
Training agent in leaf node: Start(62, 13), End(74, 24)
Training agent in leaf node: Start(124, 74), End(136, 86)
Training agent in leaf node: Start(56, 36), End(61, 42)
Training agent in leaf node: Start(49, 162), End(61, 174)
Training agent in leaf node: Start(13, 37), End(24, 49)
Training agent in leaf node: Start(61, 174), End(67, 180)
Training agent in leaf node: Start(99, 87), End(111, 99)
Training agent in leaf node: Start(74, 124), End(86, 136)
Training agent in leaf node: Start(37, 49), End(49, 61)
Training agent in leaf node: Start(13, 13), End(24, 24)
Training agent in leaf node: Start(87, 13), End(99, 24)
Training agent in leaf node: Start(99, 118), End(105, 124)
Training agent in leaf node: Start(0, 99), End(12, 111)
Training agent in leaf node: Start(112, 99), End(124, 111)
Training agent in leaf node: Start(149, 149), End(161, 161)
Training agent in leaf node: Start(149, 187), End(161, 199)
Training agent in leaf node: Start(186, 193), End(192, 199)
Training agent in leaf node: Start(74, 174), End(86, 186)
Training agent in leaf node: Start(56, 174), End(61, 180)
Training agent in leaf node: Start(124, 162), End(136, 174)
Training agent in leaf node: Start(74, 149), End(86, 161)
Training agent in leaf node: Start(137, 112), End(149, 124)
Training agent in leaf node: Start(174, 124), End(186, 136)
Training agent in leaf node: Start(37, 174), End(49, 186)
Training agent in leaf node: Start(124, 99), End(136, 111)
Training agent in leaf node: Start(61, 186), End(67, 192)
Training agent in leaf node: Start(49, 181), End(55, 186)
Training agent in leaf node: Start(99, 162), End(111, 174)
Training agent in leaf node: Start(187, 124), End(199, 136)
Training agent in leaf node: Start(162, 99), End(174, 111)
Training agent in leaf node: Start(99, 187), End(111, 199)
Training agent in leaf node: Start(99, 174), End(111, 186)
Training agent in leaf node: Start(112, 162), End(124, 174)
Training agent in leaf node: Start(125, 125), End(149, 149)
Training agent in leaf node: Start(149, 124), End(161, 136)
Training agent in leaf node: Start(62, 137), End(74, 149)
Training agent in leaf node: Start(162, 112), End(174, 124)
Training agent in leaf node: Start(49, 124), End(61, 136)
Training agent in leaf node: Start(99, 149), End(111, 161)
Training agent in leaf node: Start(193, 186), End(199, 192)
Training agent in leaf node: Start(99, 62), End(111, 74)
Training agent in leaf node: Start(124, 112), End(136, 124)
Training agent in leaf node: Start(106, 118), End(111, 124)
Training agent in leaf node: Start(62, 99), End(74, 111)
Training agent in leaf node: Start(106, 111), End(111, 117)
Training agent in leaf node: Start(149, 75), End(174, 99)
Training agent in leaf node: Start(49, 137), End(61, 149)
Training agent in leaf node: Start(174, 24), End(186, 36)
Training agent in leaf node: Start(74, 0), End(86, 12)
Training agent in leaf node: Start(74Training agent in leaf node: Start(25, 25), End(49, 49)
Training agent in leaf node: Start(87, 37), End(99, 49)
Training agent in leaf node: Start(49, 187), End(61, 199)
Training agent in leaf node: Start(149, 24), End(161, 36)
Training agent in leaf node: Start(99, 111), End(105, 117)
Training agent in leaf node: Start(49, 13), End(61, 24)
Training agent in leaf node: Start(187, 62), End(199, 74)
Training agent in leaf node: Start(149, 37), End(161, 49)
Training agent in leaf node: Start(49, 149), End(61, 161)
Training agent in leaf node: Start(37, 124), End(49, 136)
Training agent in leaf node: Start(124, 87), End(136, 99)
Training agent in leaf node: Start(99, 49), End(111, 61)
Training agent in leaf node: Start(187, 37), End(199, 49)
Training agent in leaf node: Start(24, 74), End(36, 86)
Training agent in leaf node: Start(62, 37), End(74, 49)
Training agent in leaf node: Start(62, 62), End(74, 74)
Training agent in leaf node: Start(99, 74), End(111, 86)
Training agent in leaf node: Start(0, 112), End(12, 124)
Training agent in leaf node: Start(0, 49), End(12, 61)
Training agent in leaf node: Start(24, 174), End(36, 186)
Training agent in leaf node: Start(24, 62), End(36, 74)
Training agent in leaf node: Start(0, 87), End(12, 99)
Training agent in leaf node: Start(74, 24), End(86, 36)
Training agent in leaf node: Start(161, 61), End(167, 67)
Training agent in leaf node: Start(87, 187), End(99, 199)
Training agent in leaf node: Start(68, 181), End(74, 186)
Training agent in leaf node: Start(137, 87), End(149, 99)
Training agent in leaf node: Start(37, 187), End(49, 199)
Training agent in leaf node: Start(87, 137), End(99, 149)
Training agent in leaf node: Start(87, 0), End(99, 12)
Training agent in leaf node: Start(149, 49), End(161, 61)
Training agent in leaf node: Start(75, 49), End(99, 74)
Training agent in leaf node: Start(49, 49), End(61, 61)
Training agent in leaf node: Start(81, 193), End(86, 199)
Training agent in leaf node: Start(181, 56), End(186, 61)
Training agent in leaf node: Start(62, 24), End(74, 36)
Training agent in leaf node: Start(149, 174), End(161, 186)
Training agent in leaf node: Start(12, 31), End(18, 36)
Training agent in leaf node: Start(56, 181), End(61, 186)
Training agent in leaf node: Start(187, 49), End(199, 61)
Training agent in leaf node: Start(74, 13), End(86, 24)
Training agent in leaf node: Start(162, 37), End(174, 49)
Training agent in leaf node: Start(125, 49), End(149, 74)
Training agent in leaf node: Start(62, 124), End(74, 136)
Training agent in leaf node: Start(174, 0), End(186, 12)
Training agent in leaf node: Start(174, 99), End(186, 111)
Training agent in leaf node: Start(137, 162), End(149, 174)
Training agent in leaf node: Start(24, 149), End(36, 161)
Training agent in leaf node: Start(68, 174), End(74, 180)
Training agent in leaf node: Start(149, 62), End(161, 74)
Training agent in leaf node: Start(161, 68), End(167, 74)
Training agent in leaf node: Start(125, 25), End(149, 49)
Training agent in leaf node: Start(124, 149), End(136, 161)
Training agent in leaf node: Start(31, 118), End(36, 124)
Training agent in leaf node: Start(137, 149), End(149, 161)
Training agent in leaf node: Start(181, 49), End(186, 55)
Training agent in leaf node: Start(174, 187), End(186, 199)
Training agent in leaf node: Start(68, 193), End(74, 199)
Training agent in leaf node: Start(87, 162), End(99, 174)
Training agent in leaf node: Start(99, 0), End(124, 24)
Training agent in leaf node: Start(174, 56), End(180, 61)
Training agent in leaf node: Start(162, 13), End(174, 24)
Training agent in leaf node: Start(62, 149), End(74, 161)
Training agent in leaf node: Start(87, 87), End(99, 99)
Training agent in leaf node: Start(87, 149), End(99, 161)
Training agent in leaf node: Start(112, 187), End(124, 199)
Training agent in leaf node: Start(74, 193), End(80, 199)
Training agent in leaf node: Start(112Training agent in leaf node: Start(, 49), End(124, 61)
Training agent in leaf node: Start(187, 24), End(199, 36)
Training agent in leaf node: Start(13, 149), End(24, 161)
Training agent in leaf node: Start(149, 13), End(161, 24)
Training agent in leaf node: Start(75, 99), End(99, 124)
Training agent in leaf node: Start(68, 186), End(74, 192)
Training agent in leaf node: Start(187, 137), End(199, 149)
Training agent in leaf node: Start(112, 149), End(124, 161)
Training agent in leaf node: Start(125, 0), End(149, 24)
Training agent in leaf node: Start(112, Training agent in leaf node: Start(124, 187), End(136, 199)
Training agent in leaf node: Start(186, 186), End(192, 192)
Training agent in leaf node: Start(162, 137), End(174, 149)
Training agent in leaf node: Start(162, 187), End(174, 199)
Training agent in leaf node: Start(137, 99), End(149, 111)
Training agent in leaf node: Start(187, 174), End(199, 186)
Training agent in leaf node: Start(61, 193), End(67, 199)
Training agent in leaf node: Start(137, 187), End(149, 199)
Training agent in leaf node: Start(124, 174), End(136, 186)
Training agent in leaf node: Start(149, 137), End(161, 149)
Training agent in leaf node: Start(31, 111), End(36, 117)
Training agent in leaf node: Start(149, 112), End(161, 124)
Training agent in leaf node: Start(149, 162), End(161, 174)
Training agent in leaf node: Start(162, 162), End(174, 174)
Training agent in leaf node: Start(193, 193), End(199, 199)
Training agent in leaf node: Start(174, 37), End(186, 49)
Training agent in leaf node: Start(162, 149), End(174, 161)
Training agent in leaf node: Start(174, 49), End(180, 55)
Training agent in leaf node: Start(187, 112), End(199, 124)
Training agent in leaf node: Start(175, 75), End(199, 99)
Training agent in leaf node: Start(162, 124), End(174, 136)
Training agent in leaf node: Start(174, 62), End(186, 74)
Training agent in leaf node: Start(112, 112), End(124, 124)
Training agent in leaf node: Start(174, 162), End(186, 174)
Training agent in leaf node: Start(149, 99), End(161, 111)
Training agent in leaf node: Start(187, 162), End(199, 174)
Training agent in leaf node: Start(174, 112), End(186, 124)
Training agent in leaf node: Start(187, 149), End(199, 161)
Training agent in leaf node: Start(174, 174), End(186, 186)
Training agent in leaf node: Start(87, 124), End(99, 136)
Training agent in leaf node: Start(137, 174), End(149, 186)
Training agent in leaf node: Start(112, 62), End(124, 74)
Training agent in leaf node: Start(81, 186), End(86, 192)
Training agent in leaf node: Start(37, 137), End(49, 149)
, 37), End(86, 49)
Training agent in leaf node: Start(99, 125), End(124, 149)
Training agent in leaf node: Start(24, 99), End(36, 111)
Training agent in leaf node: Start(162, 0), End(174, 12)
Training agent in leaf node: Start(174, 137), End(186, 149)
Training agent in leaf node: Start(99, 25), End(124, 49)
Training agent in leaf node: Start(187, 99), End(199, 111)
Training agent in leaf node: Start(37, 99), End(49, 111)
Training agent in leaf node: Start(162, 24), End(174, 36)
Training agent in leaf node: Start(168, 61), End(174, 67)
Training agent in leaf node: Start(168, 68), End(174, 74)
Training agent in leaf node: Start(174, 13), End(186, 24)
Training agent in leaf node: Start(174, 149), End(186, 161)
Training agent in leaf node: Start(24, 118), End(30, 124)
74), End(124, 86)
Training agent in leaf node: Start(61, 181), End(67, 186)
Training agent in leaf node: Start(112, 174), End(124, 186)
Training agent in leaf node: Start(112, 87), End(124, 99)
Training agent in leaf node: Start(49, 62), End(61, 74)
87, 74), End(99, 86)
Training agent in leaf node: Start(13, 162), End(24, 174)
Training agent in leaf node: Start(13, 112), End(24, 124)
Training agent in leaf node: Start(99, 99), End(111, 111)
Training agent in leaf node: Start(162, 174), End(174, 186)
The Agent Has Converged After 3031 Episodes
The Agent Has Converged After 3871 Episodes
The Agent Has Converged After 4191 Episodes
The Agent Has Converged After 3941 Episodes
The Agent Has Converged After 4911 Episodes
The Agent Has Converged After 4351 Episodes
The Agent Has Converged After 4971 Episodes
The Agent Has Converged After 4931 Episodes
The Agent Has Converged After 5381 Episodes
The Agent Has Converged After 4881 Episodes
The Agent Has Converged After 5241 Episodes
The Agent Has Converged After 5951 Episodes
The Agent Has Converged After 6721 Episodes
The Agent Has Converged After 6761 Episodes
The Agent Has Converged After 6971 Episodes
The Agent Has Converged After 7051 Episodes
The Agent Has Converged After 6211 Episodes
The Agent Has Converged After 6611 Episodes
The Agent Has Converged After 6701 Episodes
The Agent Has Converged After 7141 Episodes
The Agent Has Converged After 7981 Episodes
The Agent Has Converged After 7421 Episodes
The Agent Has Converged After 7181 Episodes
The Agent Has Converged After 7461 Episodes
The Agent Has Converged After 8151 Episodes
The Agent Has Converged After 7871 Episodes
The Agent Has Converged After 8391 Episodes
The Agent Has Converged After 8341 Episodes
The Agent Has Converged After 7951 Episodes
The Agent Has Converged After 8881 Episodes
The Agent Has Converged After 8441 Episodes
The Agent Has Converged After 8901 Episodes
The Agent Has Converged After 8941 Episodes
The Agent Has Converged After 8851 Episodes
The Agent Has Converged After 9381 Episodes
The Agent Has Converged After 9901 Episodes
The Agent Has Converged After 10181 Episodes
The Agent Has Converged After 10111 Episodes
The Agent Has Converged After 8741 Episodes
The Agent Has Converged After 10751 Episodes
The Agent Has Converged After 11231 Episodes
The Agent Has Converged After 11941 Episodes
The Agent Has Converged After 10281 Episodes
The Agent Has Converged After 10381 Episodes
The Agent Has Converged After 11191 Episodes
The Agent Has Converged After 11451 Episodes
The Agent Has Converged After 11161 Episodes
The Agent Has Converged After 11011 Episodes
The Agent Has Converged After 10951 Episodes
The Agent Has Converged After 11421 Episodes
The Agent Has Converged After 12871 Episodes
The Agent Has Converged After 11331 Episodes
The Agent Has Converged After 11681 Episodes
The Agent Has Converged After 11321 Episodes
The Agent Has Converged After 13091 Episodes
The Agent Has Converged After 12011 Episodes
The Agent Has Converged After 12531 Episodes
The Agent Has Converged After 12221 Episodes
The Agent Has Converged After 11681 Episodes
The Agent Has Converged After 12621 Episodes
The Agent Has Converged After 13171 Episodes
The Agent Has Converged After 12301 Episodes
The Agent Has Converged After 12351 Episodes
The Agent Has Converged After 12721 Episodes
The Agent Has Converged After 13111 Episodes
The Agent Has Converged After 13231 Episodes
The Agent Has Converged After 13491 Episodes
The Agent Has Converged After 14041 Episodes
The Agent Has Converged After 13181 Episodes
The Agent Has Converged After 14941 Episodes
The Agent Has Converged After 13861 Episodes
The Agent Has Converged After 12901 Episodes
The Agent Has Converged After 13381 Episodes
The Agent Has Converged After 13701 Episodes
The Agent Has Converged After 13991 Episodes
The Agent Has Converged After 13451 Episodes
The Agent Has Converged After 13441 Episodes
The Agent Has Converged After 14111 Episodes
The Agent Has Converged After 14161 Episodes
The Agent Has Converged After 14181 Episodes
The Agent Has Converged After 14151 Episodes
The Agent Has Converged After 14301 Episodes
The Agent Has Converged After 14651 Episodes
The Agent Has Converged After 14191 Episodes
The Agent Has Converged After 14601 Episodes
The Agent Has Converged After 14911 Episodes
The Agent Has Converged After 14841 Episodes
The Agent Has Converged After 15441 Episodes
The Agent Has Converged After 15011 Episodes
The Agent Has Converged After 14381 Episodes
The Agent Has Converged After 14101 Episodes
The Agent Has Converged After 15241 Episodes
The Agent Has Converged After 14661 Episodes
The Agent Has Converged After 15151 Episodes
The Agent Has Converged After 15941 Episodes
The Agent Has Converged After 15221 Episodes
The Agent Has Converged After 15521 Episodes
The Agent Has Converged After 14931 Episodes
The Agent Has Converged After 15871 Episodes
The Agent Has Converged After 16121 Episodes
The Agent Has Converged After 14991 Episodes
The Agent Has Converged After 15791 Episodes
The Agent Has Converged After 15951 Episodes
The Agent Has Converged After 15981 Episodes
The Agent Has Converged After 15671 Episodes
The Agent Has Converged After 16011 Episodes
The Agent Has Converged After 16081 Episodes
The Agent Has Converged After 15771 Episodes
The Agent Has Converged After 15791 Episodes
The Agent Has Converged After 16491 Episodes
The Agent Has Converged After 15951 Episodes
The Agent Has Converged After 15911 Episodes
The Agent Has Converged After 16421 Episodes
The Agent Has Converged After 16081 Episodes
The Agent Has Converged After 16381 Episodes
The Agent Has Converged After 16051 Episodes
The Agent Has Converged After 15871 Episodes
The Agent Has Converged After 17261 Episodes
The Agent Has Converged After 16361 Episodes
The Agent Has Converged After 17261 Episodes
The Agent Has Converged After 17151 Episodes
The Agent Has Converged After 16791 Episodes
The Agent Has Converged After 17191 Episodes
The Agent Has Converged After 17641 Episodes
The Agent Has Converged After 17501 Episodes
The Agent Has Converged After 17271 Episodes
The Agent Has Converged After 16691 Episodes
The Agent Has Converged After 17321 Episodes
The Agent Has Converged After 16971 Episodes
The Agent Has Converged After 17581 Episodes
The Agent Has Converged After 17281 Episodes
The Agent Has Converged After 17481 Episodes
The Agent Has Converged After 16931 Episodes
The Agent Has Converged After 17261 Episodes
The Agent Has Converged After 17391 Episodes
The Agent Has Converged After 17351 Episodes
The Agent Has Converged After 16981 Episodes
The Agent Has Converged After 17971 Episodes
The Agent Has Converged After 16861 Episodes
The Agent Has Converged After 17591 Episodes
The Agent Has Converged After 17561 Episodes
The Agent Has Converged After 17811 Episodes
The Agent Has Converged After 17521 Episodes
The Agent Has Converged After 17971 Episodes
The Agent Has Converged After 18601 Episodes
The Agent Has Converged After 17131 Episodes
The Agent Has Converged After 18381 Episodes
The Agent Has Converged After 18171 Episodes
The Agent Has Converged After 17581 Episodes
The Agent Has Converged After 17981 Episodes
The Agent Has Converged After 18361 Episodes
The Agent Has Converged After 18831 Episodes
The Agent Has Converged After 18151 Episodes
The Agent Has Converged After 18011 Episodes
The Agent Has Converged After 17691 Episodes
The Agent Has Converged After 18211 Episodes
The Agent Has Converged After 18321 Episodes
The Agent Has Converged After 17601 Episodes
The Agent Has Converged After 18761 Episodes
The Agent Has Converged After 17601 Episodes
The Agent Has Converged After 18381 Episodes
The Agent Has Converged After 18631 Episodes
The Agent Has Converged After 17691 Episodes
The Agent Has Converged After 18181 Episodes
The Agent Has Converged After 18741 Episodes
The Agent Has Converged After 18401 Episodes
The Agent Has Converged After 18061 Episodes
The Agent Has Converged After 18911 Episodes
The Agent Has Converged After 18881 Episodes
The Agent Has Converged After 19131 Episodes
The Agent Has Converged After 18381 Episodes
The Agent Has Converged After 19021 Episodes
The Agent Has Converged After 18511 Episodes
The Agent Has Converged After 18481 Episodes
The Agent Has Converged After 18951 Episodes
The Agent Has Converged After 19911 Episodes
The Agent Has Converged After 18891 Episodes
The Agent Has Converged After 18601 Episodes
The Agent Has Converged After 19131 Episodes
The Agent Has Converged After 18041 Episodes
The Agent Has Converged After 19001 Episodes
The Agent Has Converged After 19871 Episodes
The Agent Has Converged After 19311 Episodes
The Agent Has Converged After 18731 Episodes
The Agent Has Converged After 19541 Episodes
The Agent Has Converged After 18611 Episodes
The Agent Has Converged After 19981 Episodes
The Agent Has Converged After 19011 Episodes
The Agent Has Converged After 19341 Episodes
The Agent Has Converged After 19891 Episodes
The Agent Has Converged After 19441 Episodes
The Agent Has Converged After 19161 Episodes
The Agent Has Converged After 20281 Episodes
The Agent Has Converged After 19951 Episodes
The Agent Has Converged After 20001 Episodes
The Agent Has Converged After 19761 Episodes
The Agent Has Converged After 20171 Episodes
The Agent Has Converged After 19111 Episodes
The Agent Has Converged After 19631 Episodes
The Agent Has Converged After 19871 Episodes
The Agent Has Converged After 20661 Episodes
The Agent Has Converged After 19861 Episodes
The Agent Has Converged After 20701 Episodes
The Agent Has Converged After 20151 Episodes
The Agent Has Converged After 20091 Episodes
The Agent Has Converged After 20111 Episodes
The Agent Has Converged After 20481 Episodes
The Agent Has Converged After 20851 Episodes
The Agent Has Converged After 19891 Episodes
The Agent Has Converged After 20841 Episodes
The Agent Has Converged After 21161 Episodes
The Agent Has Converged After 19861 Episodes
The Agent Has Converged After 22331 Episodes
The Agent Has Converged After 21611 Episodes
The Agent Has Converged After 21551 Episodes
The Agent Has Converged After 21611 Episodes
The Agent Has Converged After 20211 Episodes
The Agent Has Converged After 21751 Episodes
The Agent Has Converged After 21841 Episodes
The Agent Has Converged After 21651 Episodes
The Agent Has Converged After 21891 Episodes
The Agent Has Converged After 22691 Episodes
The Agent Has Converged After 22861 Episodes
The Agent Has Converged After 20731 Episodes
The Agent Has Converged After 22401 Episodes
The Agent Has Converged After 22601 Episodes
The Agent Has Converged After 22551 Episodes
The Agent Has Converged After 23191 Episodes
The Agent Has Converged After 23471 Episodes
The Agent Has Converged After 23691 Episodes
The Agent Has Converged After 24091 Episodes
The Agent Has Converged After 23741 Episodes
The Agent Has Converged After 23641 Episodes
The Agent Has Converged After 31181 Episodes
The Agent Has Converged After 30731 Episodes
The Agent Has Converged After 32721 Episodes
The Agent Has Converged After 32511 Episodes
The Agent Has Converged After 32531 Episodes
The Agent Has Converged After 33301 Episodes
The Agent Has Converged After 32881 Episodes
The Agent Has Converged After 34641 Episodes
The Agent Has Converged After 33881 Episodes
The Agent Has Converged After 35241 Episodes
The Agent Has Converged After 35201 Episodes
The Agent Has Converged After 33541 Episodes
The Agent Has Converged After 35431 Episodes
The Agent Has Converged After 38291 Episodes

Environment changed. Applying local Q-learning.
The Agent Has Converged After 14621 Episodes
The Agent Has Converged After 17051 Episodes
The Agent Has Converged After 17561 Episodes
The Agent Has Converged After 30071 Episodes
The Agent Has Converged After 16531 Episodes
The Agent Has Converged After 14111 Episodes
The Agent Has Converged After 12291 Episodes
The Agent Has Converged After 13661 Episodes
The Agent Has Converged After 21651 Episodes
The Agent Has Converged After 15271 Episodes
The Agent Has Converged After 13021 Episodes

Environment changed. Performing local path planning for affected leaf nodes.
Training agent in leaf node: Start(0, 125), End(24, 149)
Training agent in leaf node: Start(13, 99), End(24, 111)
Training agent in leaf node: Start(149, 0), End(161, 12)
Training agent in leaf node: Start(74, 0), End(86, 12)
Training agent in leaf node: Start(Training agent in leaf node: Start(149187, 0), End(, 199, 12)
Training agent in leaf node: Start(62, 62), End(74, 74)
Training agent in leaf node: Start(149, 13), End(161, 24)
124), End(161, 136)
Training agent in leaf node: Start(112, 74), End(124, 86)
Training agent in leaf node: Start(137, 149), End(149, 161)
Training agent in leaf node: Start(112, 112), End(124, 124)
The Agent Has Converged After 14701 Episodes
The Agent Has Converged After 10011 Episodes
The Agent Has Converged After 11731 Episodes
The Agent Has Converged After 12711 Episodes
The Agent Has Converged After 14271 Episodes
The Agent Has Converged After 13411 Episodes
The Agent Has Converged After 18781 Episodes
The Agent Has Converged After 19181 Episodes
The Agent Has Converged After 18961 Episodes
The Agent Has Converged After 20401 Episodes
The Agent Has Converged After 30141 Episodes

Maze Size: 200x200

--- MasMat Results ---
Static Training Time   : 2158.47s
Dynamic Training Time  : 63.293s
Average Planning Time  : 4.96401e-06s
Success Rate           : 100%
Average Path Length    : 2.26 steps

--- Local Path Planning Results ---
Static Training Time   : 234.227s
Dynamic Training Time  : 14.6309s
Average Planning Time  : 4.72824e-06s
Success Rate           : 100%
Average Path Length    : 2.33 steps

		=== The Maze: 0 means obstacle, 1 means free space, 2 means charging station ===

Maze Sub-environment Tree:

Node: Start(0, 0), End(199, 199), Size(200x200), Charging Stations: 788
 ├─ Node: Start(0, 0), End(99, 99), Size(100x100), Charging Stations: 203
 │   ├─ Node: Start(0, 0), End(49, 49), Size(50x50), Charging Stations: 54
 │   │   ├─ Node: Start(0, 0), End(24, 24), Size(25x25), Charging Stations: 12
 │   │   │   ├─ Node: Start(0, 0), End(12, 12), Size(13x13), Charging Stations: 2
 │   │   │   ├─ Node: Start(0, 13), End(12, 24), Size(13x12), Charging Stations: 3
 │   │   │   ├─ Node: Start(13, 0), End(24, 12), Size(12x13), Charging Stations: 1
 │   │   │   └─ Node: Start(13, 13), End(24, 24), Size(12x12), Charging Stations: 5
 │   │   ├─ Node: Start(0, 25), End(24, 49), Size(25x25), Charging Stations: 17
 │   │   │   ├─ Node: Start(0, 24), End(12, 36), Size(13x13), Charging Stations: 3
 │   │   │   ├─ Node: Start(0, 37), End(12, 49), Size(13x13), Charging Stations: 5
 │   │   │   ├─ Node: Start(13, 24), End(24, 36), Size(12x13), Charging Stations: 6
 │   │   │   │   ├─ Node: Start(12, 24), End(18, 30), Size(7x7), Charging Stations: 1
 │   │   │   │   ├─ Node: Start(12, 31), End(18, 36), Size(7x6), Charging Stations: 2
 │   │   │   │   ├─ Node: Start(19, 24), End(24, 30), Size(6x7), Charging Stations: 2
 │   │   │   │   └─ Node: Start(19, 31), End(24, 36), Size(6x6), Charging Stations: 1
 │   │   │   └─ Node: Start(13, 37), End(24, 49), Size(12x13), Charging Stations: 4
 │   │   ├─ Node: Start(25, 0), End(49, 24), Size(25x25), Charging Stations: 14
 │   │   │   ├─ Node: Start(24, 0), End(36, 12), Size(13x13), Charging Stations: 4
 │   │   │   ├─ Node: Start(24, 13), End(36, 24), Size(13x12), Charging Stations: 2
 │   │   │   ├─ Node: Start(37, 0), End(49, 12), Size(13x13), Charging Stations: 5
 │   │   │   └─ Node: Start(37, 13), End(49, 24), Size(13x12), Charging Stations: 1
 │   │   └─ Node: Start(25, 25), End(49, 49), Size(25x25), Charging Stations: 9
 │   ├─ Node: Start(0, 50), End(49, 99), Size(50x50), Charging Stations: 57
 │   │   ├─ Node: Start(0, 49), End(24, 74), Size(25x26), Charging Stations: 10
 │   │   │   ├─ Node: Start(0, 49), End(12, 61), Size(13x13), Charging Stations: 3
 │   │   │   ├─ Node: Start(0, 62), End(12, 74), Size(13x13), Charging Stations: 2
 │   │   │   ├─ Node: Start(13, 49), End(24, 61), Size(12x13), Charging Stations: 2
 │   │   │   └─ Node: Start(13, 62), End(24, 74), Size(12x13), Charging Stations: 3
 │   │   ├─ Node: Start(0, 75), End(24, 99), Size(25x25), Charging Stations: 14
 │   │   │   ├─ Node: Start(0, 74), End(12, 86), Size(13x13), Charging Stations: 3
 │   │   │   ├─ Node: Start(0, 87), End(12, 99), Size(13x13), Charging Stations: 3
 │   │   │   ├─ Node: Start(13, 74), End(24, 86), Size(12x13), Charging Stations: 5
 │   │   │   └─ Node: Start(13, 87), End(24, 99), Size(12x13), Charging Stations: 3
 │   │   ├─ Node: Start(25, 49), End(49, 74), Size(25x26), Charging Stations: 15
 │   │   │   ├─ Node: Start(24, 49), End(36, 61), Size(13x13), Charging Stations: 2
 │   │   │   ├─ Node: Start(24, 62), End(36, 74), Size(13x13), Charging Stations: 3
 │   │   │   ├─ Node: Start(37, 49), End(49, 61), Size(13x13), Charging Stations: 4
 │   │   │   └─ Node: Start(37, 62), End(49, 74), Size(13x13), Charging Stations: 5
 │   │   └─ Node: Start(25, 75), End(49, 99), Size(25x25), Charging Stations: 18
 │   │       ├─ Node: Start(24, 74), End(36, 86), Size(13x13), Charging Stations: 3
 │   │       ├─ Node: Start(24, 87), End(36, 99), Size(13x13), Charging Stations: 3
 │   │       ├─ Node: Start(37, 74), End(49, 86), Size(13x13), Charging Stations: 5
 │   │       └─ Node: Start(37, 87), End(49, 99), Size(13x13), Charging Stations: 7
 │   ├─ Node: Start(50, 0), End(99, 49), Size(50x50), Charging Stations: 47
 │   │   ├─ Node: Start(49, 0), End(74, 24), Size(26x25), Charging Stations: 12
 │   │   │   ├─ Node: Start(49, 0), End(61, 12), Size(13x13), Charging Stations: 3
 │   │   │   ├─ Node: Start(49, 13), End(61, 24), Size(13x12), Charging Stations: 1
 │   │   │   ├─ Node: Start(62, 0), End(74, 12), Size(13x13), Charging Stations: 5
 │   │   │   └─ Node: Start(62, 13), End(74, 24), Size(13x12), Charging Stations: 3
 │   │   ├─ Node: Start(49, 25), End(74, 49), Size(26x25), Charging Stations: 14
 │   │   │   ├─ Node: Start(49, 24), End(61, 36), Size(13x13), Charging Stations: 2
 │   │   │   ├─ Node: Start(49, 37), End(61, 49), Size(13x13), Charging Stations: 5
 │   │   │   │   ├─ Node: Start(49, 36), End(55, 42), Size(7x7), Charging Stations: 1
 │   │   │   │   ├─ Node: Start(49, 43), End(55, 49), Size(7x7), Charging Stations: 1
 │   │   │   │   ├─ Node: Start(56, 36), End(61, 42), Size(6x7), Charging Stations: 3
 │   │   │   │   └─ Node: Start(56, 43), End(61, 49), Size(6x7), Charging Stations: 1
 │   │   │   ├─ Node: Start(62, 24), End(74, 36), Size(13x13), Charging Stations: 2
 │   │   │   └─ Node: Start(62, 37), End(74, 49), Size(13x13), Charging Stations: 4
 │   │   ├─ Node: Start(75, 0), End(99, 24), Size(25x25), Charging Stations: 11
 │   │   │   ├─ Node: Start(74, 0), End(86, 12), Size(13x13), Charging Stations: 2
 │   │   │   ├─ Node: Start(74, 13), End(86, 24), Size(13x12), Charging Stations: 2
 │   │   │   ├─ Node: Start(87, 0), End(99, 12), Size(13x13), Charging Stations: 2
 │   │   │   └─ Node: Start(87, 13), End(99, 24), Size(13x12), Charging Stations: 3
 │   │   └─ Node: Start(75, 25), End(99, 49), Size(25x25), Charging Stations: 8
 │   │       ├─ Node: Start(74, 24), End(86, 36), Size(13x13), Charging Stations: 1
 │   │       ├─ Node: Start(74, 37), End(86, 49), Size(13x13), Charging Stations: 1
 │   │       ├─ Node: Start(87, 24), End(99, 36), Size(13x13), Charging Stations: 4
 │   │       └─ Node: Start(87, 37), End(99, 49), Size(13x13), Charging Stations: 2
 │   └─ Node: Start(50, 50), End(99, 99), Size(50x50), Charging Stations: 41
 │       ├─ Node: Start(49, 49), End(74, 74), Size(26x26), Charging Stations: 15
 │       │   ├─ Node: Start(49, 49), End(61, 61), Size(13x13), Charging Stations: 7
 │       │   ├─ Node: Start(49, 62), End(61, 74), Size(13x13), Charging Stations: 5
 │       │   ├─ Node: Start(62, 49), End(74, 61), Size(13x13), Charging Stations: 1
 │       │   └─ Node: Start(62, 62), End(74, 74), Size(13x13), Charging Stations: 2
 │       ├─ Node: Start(49, 75), End(74, 99), Size(26x25), Charging Stations: 10
 │       ├─ Node: Start(75, 49), End(99, 74), Size(25x26), Charging Stations: 7
 │       └─ Node: Start(75, 75), End(99, 99), Size(25x25), Charging Stations: 10
 │           ├─ Node: Start(74, 74), End(86, 86), Size(13x13), Charging Stations: 4
 │           ├─ Node: Start(74, 87), End(86, 99), Size(13x13), Charging Stations: 2
 │           ├─ Node: Start(87, 74), End(99, 86), Size(13x13), Charging Stations: 2
 │           └─ Node: Start(87, 87), End(99, 99), Size(13x13), Charging Stations: 3
 ├─ Node: Start(0, 100), End(99, 199), Size(100x100), Charging Stations: 210
 │   ├─ Node: Start(0, 99), End(49, 149), Size(50x51), Charging Stations: 59
 │   │   ├─ Node: Start(0, 99), End(24, 124), Size(25x26), Charging Stations: 18
 │   │   │   ├─ Node: Start(0, 99), End(12, 111), Size(13x13), Charging Stations: 3
 │   │   │   ├─ Node: Start(0, 112), End(12, 124), Size(13x13), Charging Stations: 6
 │   │   │   ├─ Node: Start(13, 99), End(24, 111), Size(12x13), Charging Stations: 4
 │   │   │   └─ Node: Start(13, 112), End(24, 124), Size(12x13), Charging Stations: 3
 │   │   ├─ Node: Start(0, 125), End(24, 149), Size(25x25), Charging Stations: 9
 │   │   ├─ Node: Start(25, 99), End(49, 124), Size(25x26), Charging Stations: 17
 │   │   │   ├─ Node: Start(24, 99), End(36, 111), Size(13x13), Charging Stations: 2
 │   │   │   ├─ Node: Start(24, 112), End(36, 124), Size(13x13), Charging Stations: 5
 │   │   │   │   ├─ Node: Start(24, 111), End(30, 117), Size(7x7), Charging Stations: 1
 │   │   │   │   ├─ Node: Start(24, 118), End(30, 124), Size(7x7), Charging Stations: 2
 │   │   │   │   ├─ Node: Start(31, 111), End(36, 117), Size(6x7), Charging Stations: 1
 │   │   │   │   └─ Node: Start(31, 118), End(36, 124), Size(6x7), Charging Stations: 1
 │   │   │   ├─ Node: Start(37, 99), End(49, 111), Size(13x13), Charging Stations: 4
 │   │   │   └─ Node: Start(37, 112), End(49, 124), Size(13x13), Charging Stations: 5
 │   │   └─ Node: Start(25, 125), End(49, 149), Size(25x25), Charging Stations: 12
 │   │       ├─ Node: Start(24, 124), End(36, 136), Size(13x13), Charging Stations: 3
 │   │       ├─ Node: Start(24, 137), End(36, 149), Size(13x13), Charging Stations: 5
 │   │       ├─ Node: Start(37, 124), End(49, 136), Size(13x13), Charging Stations: 3
 │   │       └─ Node: Start(37, 137), End(49, 149), Size(13x13), Charging Stations: 1
 │   ├─ Node: Start(0, 150), End(49, 199), Size(50x50), Charging Stations: 46
 │   │   ├─ Node: Start(0, 149), End(24, 174), Size(25x26), Charging Stations: 10
 │   │   │   ├─ Node: Start(0, 149), End(12, 161), Size(13x13), Charging Stations: 3
 │   │   │   ├─ Node: Start(0, 162), End(12, 174), Size(13x13), Charging Stations: 2
 │   │   │   ├─ Node: Start(13, 149), End(24, 161), Size(12x13), Charging Stations: 3
 │   │   │   └─ Node: Start(13, 162), End(24, 174), Size(12x13), Charging Stations: 1
 │   │   ├─ Node: Start(0, 175), End(24, 199), Size(25x25), Charging Stations: 10
 │   │   │   ├─ Node: Start(0, 174), End(12, 186), Size(13x13), Charging Stations: 2
 │   │   │   ├─ Node: Start(0, 187), End(12, 199), Size(13x13), Charging Stations: 2
 │   │   │   ├─ Node: Start(13, 174), End(24, 186), Size(12x13), Charging Stations: 2
 │   │   │   └─ Node: Start(13, 187), End(24, 199), Size(12x13), Charging Stations: 3
 │   │   ├─ Node: Start(25, 149), End(49, 174), Size(25x26), Charging Stations: 13
 │   │   │   ├─ Node: Start(24, 149), End(36, 161), Size(13x13), Charging Stations: 3
 │   │   │   ├─ Node: Start(24, 162), End(36, 174), Size(13x13), Charging Stations: 2
 │   │   │   ├─ Node: Start(37, 149), End(49, 161), Size(13x13), Charging Stations: 4
 │   │   │   └─ Node: Start(37, 162), End(49, 174), Size(13x13), Charging Stations: 3
 │   │   └─ Node: Start(25, 175), End(49, 199), Size(25x25), Charging Stations: 14
 │   │       ├─ Node: Start(24, 174), End(36, 186), Size(13x13), Charging Stations: 4
 │   │       ├─ Node: Start(24, 187), End(36, 199), Size(13x13), Charging Stations: 2
 │   │       ├─ Node: Start(37, 174), End(49, 186), Size(13x13), Charging Stations: 4
 │   │       └─ Node: Start(37, 187), End(49, 199), Size(13x13), Charging Stations: 3
 │   ├─ Node: Start(50, 99), End(99, 149), Size(50x51), Charging Stations: 43
 │   │   ├─ Node: Start(49, 99), End(74, 124), Size(26x26), Charging Stations: 11
 │   │   │   ├─ Node: Start(49, 99), End(61, 111), Size(13x13), Charging Stations: 2
 │   │   │   ├─ Node: Start(49, 112), End(61, 124), Size(13x13), Charging Stations: 3
 │   │   │   ├─ Node: Start(62, 99), End(74, 111), Size(13x13), Charging Stations: 2
 │   │   │   └─ Node: Start(62, 112), End(74, 124), Size(13x13), Charging Stations: 2
 │   │   ├─ Node: Start(49, 125), End(74, 149), Size(26x25), Charging Stations: 9
 │   │   │   ├─ Node: Start(49, 124), End(61, 136), Size(13x13), Charging Stations: 3
 │   │   │   ├─ Node: Start(49, 137), End(61, 149), Size(13x13), Charging Stations: 1
 │   │   │   ├─ Node: Start(62, 124), End(74, 136), Size(13x13), Charging Stations: 3
 │   │   │   └─ Node: Start(62, 137), End(74, 149), Size(13x13), Charging Stations: 1
 │   │   ├─ Node: Start(75, 99), End(99, 124), Size(25x26), Charging Stations: 10
 │   │   └─ Node: Start(75, 125), End(99, 149), Size(25x25), Charging Stations: 11
 │   │       ├─ Node: Start(74, 124), End(86, 136), Size(13x13), Charging Stations: 4
 │   │       ├─ Node: Start(74, 137), End(86, 149), Size(13x13), Charging Stations: 3
 │   │       ├─ Node: Start(87, 124), End(99, 136), Size(13x13), Charging Stations: 4
 │   │       └─ Node: Start(87, 137), End(99, 149), Size(13x13), Charging Stations: 1
 │   └─ Node: Start(50, 150), End(99, 199), Size(50x50), Charging Stations: 57
 │       ├─ Node: Start(49, 149), End(74, 174), Size(26x26), Charging Stations: 11
 │       │   ├─ Node: Start(49, 149), End(61, 161), Size(13x13), Charging Stations: 2
 │       │   ├─ Node: Start(49, 162), End(61, 174), Size(13x13), Charging Stations: 2
 │       │   ├─ Node: Start(62, 149), End(74, 161), Size(13x13), Charging Stations: 5
 │       │   └─ Node: Start(62, 162), End(74, 174), Size(13x13), Charging Stations: 1
 │       ├─ Node: Start(49, 175), End(74, 199), Size(26x25), Charging Stations: 19
 │       │   ├─ Node: Start(49, 174), End(61, 186), Size(13x13), Charging Stations: 5
 │       │   │   ├─ Node: Start(49, 174), End(55, 180), Size(7x7), Charging Stations: 1
 │       │   │   ├─ Node: Start(49, 181), End(55, 186), Size(7x6), Charging Stations: 1
 │       │   │   ├─ Node: Start(56, 174), End(61, 180), Size(6x7), Charging Stations: 1
 │       │   │   └─ Node: Start(56, 181), End(61, 186), Size(6x6), Charging Stations: 1
 │       │   ├─ Node: Start(49, 187), End(61, 199), Size(13x13), Charging Stations: 3
 │       │   ├─ Node: Start(62, 174), End(74, 186), Size(13x13), Charging Stations: 6
 │       │   │   ├─ Node: Start(61, 174), End(67, 180), Size(7x7), Charging Stations: 1
 │       │   │   ├─ Node: Start(61, 181), End(67, 186), Size(7x6), Charging Stations: 2
 │       │   │   ├─ Node: Start(68, 174), End(74, 180), Size(7x7), Charging Stations: 3
 │       │   │   └─ Node: Start(68, 181), End(74, 186), Size(7x6), Charging Stations: 1
 │       │   └─ Node: Start(62, 187), End(74, 199), Size(13x13), Charging Stations: 4
 │       │       ├─ Node: Start(61, 186), End(67, 192), Size(7x7), Charging Stations: 2
 │       │       ├─ Node: Start(61, 193), End(67, 199), Size(7x7), Charging Stations: 1
 │       │       ├─ Node: Start(68, 186), End(74, 192), Size(7x7), Charging Stations: 1
 │       │       └─ Node: Start(68, 193), End(74, 199), Size(7x7), Charging Stations: 1
 │       ├─ Node: Start(75, 149), End(99, 174), Size(25x26), Charging Stations: 16
 │       │   ├─ Node: Start(74, 149), End(86, 161), Size(13x13), Charging Stations: 4
 │       │   ├─ Node: Start(74, 162), End(86, 174), Size(13x13), Charging Stations: 1
 │       │   ├─ Node: Start(87, 149), End(99, 161), Size(13x13), Charging Stations: 5
 │       │   └─ Node: Start(87, 162), End(99, 174), Size(13x13), Charging Stations: 5
 │       └─ Node: Start(75, 175), End(99, 199), Size(25x25), Charging Stations: 9
 │           ├─ Node: Start(74, 174), End(86, 186), Size(13x13), Charging Stations: 4
 │           ├─ Node: Start(74, 187), End(86, 199), Size(13x13), Charging Stations: 5
 │           │   ├─ Node: Start(74, 186), End(80, 192), Size(7x7), Charging Stations: 1
 │           │   ├─ Node: Start(74, 193), End(80, 199), Size(7x7), Charging Stations: 2
 │           │   ├─ Node: Start(81, 186), End(86, 192), Size(6x7), Charging Stations: 1
 │           │   └─ Node: Start(81, 193), End(86, 199), Size(6x7), Charging Stations: 1
 │           ├─ Node: Start(87, 174), End(99, 186), Size(13x13), Charging Stations: 1
 │           └─ Node: Start(87, 187), End(99, 199), Size(13x13), Charging Stations: 2
 ├─ Node: Start(100, 0), End(199, 99), Size(100x100), Charging Stations: 176
 │   ├─ Node: Start(99, 0), End(149, 49), Size(51x50), Charging Stations: 37
 │   │   ├─ Node: Start(99, 0), End(124, 24), Size(26x25), Charging Stations: 8
 │   │   ├─ Node: Start(99, 25), End(124, 49), Size(26x25), Charging Stations: 8
 │   │   ├─ Node: Start(125, 0), End(149, 24), Size(25x25), Charging Stations: 14
 │   │   └─ Node: Start(125, 25), End(149, 49), Size(25x25), Charging Stations: 7
 │   ├─ Node: Start(99, 50), End(149, 99), Size(51x50), Charging Stations: 45
 │   │   ├─ Node: Start(99, 49), End(124, 74), Size(26x26), Charging Stations: 11
 │   │   │   ├─ Node: Start(99, 49), End(111, 61), Size(13x13), Charging Stations: 3
 │   │   │   ├─ Node: Start(99, 62), End(111, 74), Size(13x13), Charging Stations: 3
 │   │   │   ├─ Node: Start(112, 49), End(124, 61), Size(13x13), Charging Stations: 1
 │   │   │   └─ Node: Start(112, 62), End(124, 74), Size(13x13), Charging Stations: 4
 │   │   ├─ Node: Start(99, 75), End(124, 99), Size(26x25), Charging Stations: 13
 │   │   │   ├─ Node: Start(99, 74), End(111, 86), Size(13x13), Charging Stations: 1
 │   │   │   ├─ Node: Start(99, 87), End(111, 99), Size(13x13), Charging Stations: 4
 │   │   │   ├─ Node: Start(112, 74), End(124, 86), Size(13x13), Charging Stations: 3
 │   │   │   └─ Node: Start(112, 87), End(124, 99), Size(13x13), Charging Stations: 3
 │   │   ├─ Node: Start(125, 49), End(149, 74), Size(25x26), Charging Stations: 9
 │   │   └─ Node: Start(125, 75), End(149, 99), Size(25x25), Charging Stations: 12
 │   │       ├─ Node: Start(124, 74), End(136, 86), Size(13x13), Charging Stations: 2
 │   │       ├─ Node: Start(124, 87), End(136, 99), Size(13x13), Charging Stations: 1
 │   │       ├─ Node: Start(137, 74), End(149, 86), Size(13x13), Charging Stations: 3
 │   │       └─ Node: Start(137, 87), End(149, 99), Size(13x13), Charging Stations: 5
 │   ├─ Node: Start(150, 0), End(199, 49), Size(50x50), Charging Stations: 50
 │   │   ├─ Node: Start(149, 0), End(174, 24), Size(26x25), Charging Stations: 11
 │   │   │   ├─ Node: Start(149, 0), End(161, 12), Size(13x13), Charging Stations: 2
 │   │   │   ├─ Node: Start(149, 13), End(161, 24), Size(13x12), Charging Stations: 3
 │   │   │   ├─ Node: Start(162, 0), End(174, 12), Size(13x13), Charging Stations: 4
 │   │   │   └─ Node: Start(162, 13), End(174, 24), Size(13x12), Charging Stations: 1
 │   │   ├─ Node: Start(149, 25), End(174, 49), Size(26x25), Charging Stations: 10
 │   │   │   ├─ Node: Start(149, 24), End(161, 36), Size(13x13), Charging Stations: 2
 │   │   │   ├─ Node: Start(149, 37), End(161, 49), Size(13x13), Charging Stations: 2
 │   │   │   ├─ Node: Start(162, 24), End(174, 36), Size(13x13), Charging Stations: 4
 │   │   │   └─ Node: Start(162, 37), End(174, 49), Size(13x13), Charging Stations: 1
 │   │   ├─ Node: Start(175, 0), End(199, 24), Size(25x25), Charging Stations: 12
 │   │   │   ├─ Node: Start(174, 0), End(186, 12), Size(13x13), Charging Stations: 3
 │   │   │   ├─ Node: Start(174, 13), End(186, 24), Size(13x12), Charging Stations: 5
 │   │   │   ├─ Node: Start(187, 0), End(199, 12), Size(13x13), Charging Stations: 2
 │   │   │   └─ Node: Start(187, 13), End(199, 24), Size(13x12), Charging Stations: 2
 │   │   └─ Node: Start(175, 25), End(199, 49), Size(25x25), Charging Stations: 14
 │   │       ├─ Node: Start(174, 24), End(186, 36), Size(13x13), Charging Stations: 4
 │   │       ├─ Node: Start(174, 37), End(186, 49), Size(13x13), Charging Stations: 1
 │   │       ├─ Node: Start(187, 24), End(199, 36), Size(13x13), Charging Stations: 5
 │   │       └─ Node: Start(187, 37), End(199, 49), Size(13x13), Charging Stations: 5
 │   └─ Node: Start(150, 50), End(199, 99), Size(50x50), Charging Stations: 43
 │       ├─ Node: Start(149, 49), End(174, 74), Size(26x26), Charging Stations: 17
 │       │   ├─ Node: Start(149, 49), End(161, 61), Size(13x13), Charging Stations: 4
 │       │   ├─ Node: Start(149, 62), End(161, 74), Size(13x13), Charging Stations: 3
 │       │   ├─ Node: Start(162, 49), End(174, 61), Size(13x13), Charging Stations: 1
 │       │   └─ Node: Start(162, 62), End(174, 74), Size(13x13), Charging Stations: 6
 │       │       ├─ Node: Start(161, 61), End(167, 67), Size(7x7), Charging Stations: 2
 │       │       ├─ Node: Start(161, 68), End(167, 74), Size(7x7), Charging Stations: 1
 │       │       ├─ Node: Start(168, 61), End(174, 67), Size(7x7), Charging Stations: 1
 │       │       └─ Node: Start(168, 68), End(174, 74), Size(7x7), Charging Stations: 2
 │       ├─ Node: Start(149, 75), End(174, 99), Size(26x25), Charging Stations: 7
 │       ├─ Node: Start(175, 49), End(199, 74), Size(25x26), Charging Stations: 13
 │       │   ├─ Node: Start(174, 49), End(186, 61), Size(13x13), Charging Stations: 6
 │       │   │   ├─ Node: Start(174, 49), End(180, 55), Size(7x7), Charging Stations: 2
 │       │   │   ├─ Node: Start(174, 56), End(180, 61), Size(7x6), Charging Stations: 1
 │       │   │   ├─ Node: Start(181, 49), End(186, 55), Size(6x7), Charging Stations: 1
 │       │   │   └─ Node: Start(181, 56), End(186, 61), Size(6x6), Charging Stations: 2
 │       │   ├─ Node: Start(174, 62), End(186, 74), Size(13x13), Charging Stations: 2
 │       │   ├─ Node: Start(187, 49), End(199, 61), Size(13x13), Charging Stations: 4
 │       │   └─ Node: Start(187, 62), End(199, 74), Size(13x13), Charging Stations: 1
 │       └─ Node: Start(175, 75), End(199, 99), Size(25x25), Charging Stations: 6
 └─ Node: Start(100, 100), End(199, 199), Size(100x100), Charging Stations: 195
     ├─ Node: Start(99, 99), End(149, 149), Size(51x51), Charging Stations: 34
     │   ├─ Node: Start(99, 99), End(124, 124), Size(26x26), Charging Stations: 13
     │   │   ├─ Node: Start(99, 99), End(111, 111), Size(13x13), Charging Stations: 3
     │   │   ├─ Node: Start(99, 112), End(111, 124), Size(13x13), Charging Stations: 4
     │   │   │   ├─ Node: Start(99, 111), End(105, 117), Size(7x7), Charging Stations: 1
     │   │   │   ├─ Node: Start(99, 118), End(105, 124), Size(7x7), Charging Stations: 1
     │   │   │   ├─ Node: Start(106, 111), End(111, 117), Size(6x7), Charging Stations: 1
     │   │   │   └─ Node: Start(106, 118), End(111, 124), Size(6x7), Charging Stations: 1
     │   │   ├─ Node: Start(112, 99), End(124, 111), Size(13x13), Charging Stations: 2
     │   │   └─ Node: Start(112, 112), End(124, 124), Size(13x13), Charging Stations: 4
     │   ├─ Node: Start(99, 125), End(124, 149), Size(26x25), Charging Stations: 8
     │   ├─ Node: Start(125, 99), End(149, 124), Size(25x26), Charging Stations: 6
     │   │   ├─ Node: Start(124, 99), End(136, 111), Size(13x13), Charging Stations: 2
     │   │   ├─ Node: Start(124, 112), End(136, 124), Size(13x13), Charging Stations: 2
     │   │   ├─ Node: Start(137, 99), End(149, 111), Size(13x13), Charging Stations: 1
     │   │   └─ Node: Start(137, 112), End(149, 124), Size(13x13), Charging Stations: 1
     │   └─ Node: Start(125, 125), End(149, 149), Size(25x25), Charging Stations: 5
     ├─ Node: Start(99, 150), End(149, 199), Size(51x50), Charging Stations: 47
     │   ├─ Node: Start(99, 149), End(124, 174), Size(26x26), Charging Stations: 15
     │   │   ├─ Node: Start(99, 149), End(111, 161), Size(13x13), Charging Stations: 6
     │   │   ├─ Node: Start(99, 162), End(111, 174), Size(13x13), Charging Stations: 3
     │   │   ├─ Node: Start(112, 149), End(124, 161), Size(13x13), Charging Stations: 2
     │   │   └─ Node: Start(112, 162), End(124, 174), Size(13x13), Charging Stations: 4
     │   ├─ Node: Start(99, 175), End(124, 199), Size(26x25), Charging Stations: 7
     │   │   ├─ Node: Start(99, 174), End(111, 186), Size(13x13), Charging Stations: 1
     │   │   ├─ Node: Start(99, 187), End(111, 199), Size(13x13), Charging Stations: 2
     │   │   ├─ Node: Start(112, 174), End(124, 186), Size(13x13), Charging Stations: 1
     │   │   └─ Node: Start(112, 187), End(124, 199), Size(13x13), Charging Stations: 2
     │   ├─ Node: Start(125, 149), End(149, 174), Size(25x26), Charging Stations: 11
     │   │   ├─ Node: Start(124, 149), End(136, 161), Size(13x13), Charging Stations: 1
     │   │   ├─ Node: Start(124, 162), End(136, 174), Size(13x13), Charging Stations: 5
     │   │   ├─ Node: Start(137, 149), End(149, 161), Size(13x13), Charging Stations: 1
     │   │   └─ Node: Start(137, 162), End(149, 174), Size(13x13), Charging Stations: 3
     │   └─ Node: Start(125, 175), End(149, 199), Size(25x25), Charging Stations: 14
     │       ├─ Node: Start(124, 174), End(136, 186), Size(13x13), Charging Stations: 3
     │       ├─ Node: Start(124, 187), End(136, 199), Size(13x13), Charging Stations: 5
     │       ├─ Node: Start(137, 174), End(149, 186), Size(13x13), Charging Stations: 2
     │       └─ Node: Start(137, 187), End(149, 199), Size(13x13), Charging Stations: 1
     ├─ Node: Start(150, 99), End(199, 149), Size(50x51), Charging Stations: 61
     │   ├─ Node: Start(149, 99), End(174, 124), Size(26x26), Charging Stations: 17
     │   │   ├─ Node: Start(149, 99), End(161, 111), Size(13x13), Charging Stations: 5
     │   │   ├─ Node: Start(149, 112), End(161, 124), Size(13x13), Charging Stations: 2
     │   │   ├─ Node: Start(162, 99), End(174, 111), Size(13x13), Charging Stations: 5
     │   │   └─ Node: Start(162, 112), End(174, 124), Size(13x13), Charging Stations: 5
     │   ├─ Node: Start(149, 125), End(174, 149), Size(26x25), Charging Stations: 12
     │   │   ├─ Node: Start(149, 124), End(161, 136), Size(13x13), Charging Stations: 2
     │   │   ├─ Node: Start(149, 137), End(161, 149), Size(13x13), Charging Stations: 3
     │   │   ├─ Node: Start(162, 124), End(174, 136), Size(13x13), Charging Stations: 4
     │   │   └─ Node: Start(162, 137), End(174, 149), Size(13x13), Charging Stations: 2
     │   ├─ Node: Start(175, 99), End(199, 124), Size(25x26), Charging Stations: 14
     │   │   ├─ Node: Start(174, 99), End(186, 111), Size(13x13), Charging Stations: 6
     │   │   ├─ Node: Start(174, 112), End(186, 124), Size(13x13), Charging Stations: 2
     │   │   ├─ Node: Start(187, 99), End(199, 111), Size(13x13), Charging Stations: 2
     │   │   └─ Node: Start(187, 112), End(199, 124), Size(13x13), Charging Stations: 6
     │   └─ Node: Start(175, 125), End(199, 149), Size(25x25), Charging Stations: 15
     │       ├─ Node: Start(174, 124), End(186, 136), Size(13x13), Charging Stations: 3
     │       ├─ Node: Start(174, 137), End(186, 149), Size(13x13), Charging Stations: 5
     │       ├─ Node: Start(187, 124), End(199, 136), Size(13x13), Charging Stations: 4
     │       └─ Node: Start(187, 137), End(199, 149), Size(13x13), Charging Stations: 2
     └─ Node: Start(150, 150), End(199, 199), Size(50x50), Charging Stations: 55
         ├─ Node: Start(149, 149), End(174, 174), Size(26x26), Charging Stations: 16
         │   ├─ Node: Start(149, 149), End(161, 161), Size(13x13), Charging Stations: 3
         │   ├─ Node: Start(149, 162), End(161, 174), Size(13x13), Charging Stations: 2
         │   ├─ Node: Start(162, 149), End(174, 161), Size(13x13), Charging Stations: 4
         │   └─ Node: Start(162, 162), End(174, 174), Size(13x13), Charging Stations: 4
         ├─ Node: Start(149, 175), End(174, 199), Size(26x25), Charging Stations: 15
         │   ├─ Node: Start(149, 174), End(161, 186), Size(13x13), Charging Stations: 3
         │   ├─ Node: Start(149, 187), End(161, 199), Size(13x13), Charging Stations: 1
         │   ├─ Node: Start(162, 174), End(174, 186), Size(13x13), Charging Stations: 5
         │   └─ Node: Start(162, 187), End(174, 199), Size(13x13), Charging Stations: 6
         ├─ Node: Start(175, 149), End(199, 174), Size(25x26), Charging Stations: 11
         │   ├─ Node: Start(174, 149), End(186, 161), Size(13x13), Charging Stations: 4
         │   ├─ Node: Start(174, 162), End(186, 174), Size(13x13), Charging Stations: 2
         │   ├─ Node: Start(187, 149), End(199, 161), Size(13x13), Charging Stations: 4
         │   └─ Node: Start(187, 162), End(199, 174), Size(13x13), Charging Stations: 1
         └─ Node: Start(175, 175), End(199, 199), Size(25x25), Charging Stations: 13
             ├─ Node: Start(174, 174), End(186, 186), Size(13x13), Charging Stations: 1
             ├─ Node: Start(174, 187), End(186, 199), Size(13x13), Charging Stations: 2
             ├─ Node: Start(187, 174), End(199, 186), Size(13x13), Charging Stations: 5
             └─ Node: Start(187, 187), End(199, 199), Size(13x13), Charging Stations: 4
                 ├─ Node: Start(186, 186), End(192, 192), Size(7x7), Charging Stations: 2
                 ├─ Node: Start(186, 193), End(192, 199), Size(7x7), Charging Stations: 1
                 ├─ Node: Start(193, 186), End(199, 192), Size(7x7), Charging Stations: 1
                 └─ Node: Start(193, 193), End(199, 199), Size(7x7), Charging Stations: 1

Environment is static. Applying global Q-learning.
The Agent Has Converged After 1813341 Episodes

Environment is static. Performing global local path planning for all leaf nodes.
Training agent in leaf node: Start(13, 87), End(24, 99)
Training agent in leaf node: Start(125, 25), End(149, 49)
Training agent in leaf node: Start(74, 162), End(86, 174)
Training agent in leaf node: Start(68, 186), End(74, 192)
Training agent in leaf node: Start(19, 24), End(24, 30)
Training agent in leaf node: Start(87, 24), End(99, 36)
Training agent in leaf node: Start(0, 13), End(12, 24)
Training agent in leaf node: Start(37, 112), End(49, 124)
Training agent in leaf node: Start(112, 49), End(124, 61)
Training agent in leaf node: Start(12, 31), End(18, 36)
Training agent in leaf node: Start(37, 187), End(49, 199)
Training agent in leaf node: Start(13, 13), End(24, 24)
Training agent in leaf node: Start(37, 99), End(49, 111)
Training agent in leaf node: Start(62, 124), End(74, 136)
Training agent in leaf node: Start(68, 193), End(74, 199)
Training agent in leaf node: Start(87, 124), End(99, 136)
Training agent in leaf node: Start(37, 174), End(49, 186)
Training agent in leaf node: Start(13, 99), End(24, 111)
Training agent in leaf node: Start(87, 149), End(99, 161)
Training agent in leaf node: Start(74, 37), End(86, 49)
Training agent in leaf node: Start(37, 0), End(49, 12)
Training agent in leaf node: Start(62, 137), End(74, 149)
Training agent in leaf node: Start(49, 149), End(61, 161)
Training agent in leaf node: Start(49, 13), End(61, 24)
Training agent in leaf node: Start(49, 49), End(61, 61)
Training agent in leaf node: Start(13, 174), End(24, 186)
Training agent in leaf node: Start(37, 149), End(49, 161)
Training agent in leaf node: Start(13, 49), End(24, 61)
Training agent in leaf node: Start(87, 174), End(99, 186)
Training agent in leaf node: Start(0, 174), End(12, 186)
Training agent in leaf node: Start(25, 25), End(49, 49)
Training agent in leaf node: Start(13, 187), End(24, 199)
Training agent in leaf node: Start(124, 74), End(136, 86)
Training agent in leaf node: Start(24, 162), End(36, 174)
Training agent in leaf node: Start(61, 186), End(67, 192)
Training agent in leaf node: Start(0, 162), End(12, 174)
Training agent in leaf node: Start(24, 174), End(36, 186)
Training agent in leaf node: Start(37, 162), End(49, 174)
Training agent in leaf node: Start(62, 24), End(74, 36)
Training agent in leaf node: Start(24, 62), End(36, 74)
Training agent in leaf node: Start(24, 74), End(36, 86)
Training agent in leaf node: Start(31, 111), End(36, 117)
Training agent in leaf node: Start(56, 43), End(61, 49)
Training agent in leaf node: Start(0, 87), End(12, 99)
Training agent in leaf node: Start(49, 62), End(61, 74)
Training agent in leaf node: Start(49, 112), End(61, 124)
Training agent in leaf node: Start(56, 36), End(61, 42)
Training agent in leaf node: Start(74, 124), End(86, 136)
Training agent in leaf node: Start(0, 49), End(12, 61)
Training agent in leaf node: Start(0, 0), End(12, 12)
Training agent in leaf node: Start(74, 149), End(86, 161)
Training agent in leaf node: Start(125, 125), End(149, 149)
Training agent in leaf node: Start(0, 187), End(12, 199)
Training agent in leaf node: Start(62, 112), End(74, 124)
Training agent in leaf node: Start(87, 74), End(99, 86)
Training agent in leaf node: Start(162, 112), End(174, 124)
Training agent in leaf node: Start(49, 137), End(61, 149)
Training agent in leaf node: Start(149, 75), End(174, 99)
Training agent in leaf node: Start(62, 162), End(74, 174)
Training agent in leaf node: Start(62, 149), End(74, 161)
Training agent in leaf node: Start(13, 62), End(24, 74)
Training agent in leaf node: Start(68, 181), End(74, 186)
Training agent in leaf node: Start(186, 186), End(192, 192)
Training agent in leaf node: Start(24, 187), End(36, 199)
Training agent in leaf node: Start(99, 162), End(111, 174)
Training agent in leaf node: Start(24, 49), End(36, 61)
Training agent in leaf node: Start(37, 137), End(49, 149)
Training agent in leaf node: Start(168, 61), End(174, 67)
Training agent in leaf node: Start(137, 87), End(149, 99)
Training agent in leaf node: Start(49, 124), End(61, 136)
Training agent in leaf node: Start(81, 193), End(86, 199)
Training agent in leaf node: Start(187, 174), End(199, 186)
Training agent in leaf node: Start(37, 13), End(49, 24)
Training agent in leaf node: Start(74, 87), End(86, 99)
Training agent in leaf node: Start(137, 74), End(149, 86)
Training agent in leaf node: Start(99, 87), End(111, 99)
Training agent in leaf node: Start(24, 137), End(36, 149)
Training agent in leaf node: Start(99, 74), End(111, 86)
Training agent in leaf node: Start(0, 99), End(12, 111)
Training agent in leaf node: Start(24, 111), End(30, 117)
Training agent in leaf node: Start(56, 181), End(61, 186)
Training agent in leaf node: Start(124, 87), End(136, 99)
Training agent in leaf node: Start(112, 62), End(124, 74)
Training agent in leaf node: Start(162, 99), End(174, 111)
Training agent in leaf node: Start(24, 0), End(36, 12)
Training agent in leaf node: Start(75, 99), End(99, 124)
Training agent in leaf node: Start(37, 49), End(49, 61)
Training agent in leaf node: Start(112, 87), End(124, 99)
Training agent in leaf node: Start(24, 124), End(36, 136)
Training agent in leaf node: Start(149, 162), End(161, 174)
Training agent in leaf node: Start(174, 49), End(180, 55)
Training agent in leaf node: Start(162, 0), End(174, 12)
Training agent in leaf node: Start(56, 174), End(61, 180)
Training agent in leaf node: Start(187, 149), End(199, 161)
Training agent in leaf node: Start(187, 62), End(199, 74)
Training agent in leaf node: Start(187, 124), End(199, 136)
Training agent in leaf node: Start(99, 49), End(111, 61)
Training agent in leaf node: Start(Training agent in leaf node: Start(99, 118), End(49105, 99), End(61, 111)
Training agent in leaf node: Start(137, 112), End(149, 124)
Training agent in leaf node: Start(49, 36), End(55, 42)
Training agent in leaf node: Start(149, 112), End(161, 124)
Training agent in leaf node: Start(174, 137), End(186, 149)
Training agent in leaf node: Start(186, 193), End(192, 199)
Training agent in leaf node: Start(137, 99), End(149, 111)
Training agent in leaf node: Start(24, 13), End(36, 24)
Training agent in leaf node: Start(62, 37), End(74, 49)
Training agent in leaf node: Start(49, 162), End(61, 174)
Training agent in leaf node: Start(13, 162), End(24, 174)
Training agent in leaf node: Start(162, 49), End(174, 61)
Training agent in leaf node: Start(174, 187), End(186, 199)
Training agent in leaf node: Start(106, 111), End(111, 117)
Training agent in leaf node: Start(62, 0), End(74, 12)
Training agent in leaf node: Start(137, 187), End(149, 199)
Training agent in leaf node: Start(187, 24), End(199, 36)
Training agent in leaf node: Start(112, 99), End(124, 111)
Training agent in leaf node: Start(62, 13), End(74, 24)
Training agent in leaf node: Start(124, 149), End(136, 161)
Training agent in leaf node: Start(149, 24), End(161, 36)
Training agent in leaf node: Start(187, 137), End(199, 149)
Training agent in leaf node: Start(61, 174), End(67, 180)
Training agent in leaf node: Start(162, 174), End(174, 186)
Training agent in leaf node: Start(31, 118), End(36, 124)
Training agent in leaf node: Start(125, 0), End(149, 24)
Training agent in leaf node: Start(62, 99), End(74, 111)
Training agent in leaf node: Start(37, 62), End(49, 74)
Training agent in leaf node: Start(174, 112), End(186, 124)
Training agent in leaf node: Start(149, 149), End(161, 161)
Training agent in leaf node: Start(112, 174), End(124, 186)
Training agent in leaf node: Start(99, 0), End(124, 24)
Training agent in leaf node: Start(187, 37), End(199, 49)
Training agent in leaf node: Start(81, 186), End(86, 192)
Training agent in leaf node: Start(13, 37), End(24, 49)
Training agent in leaf node: Start(149, 49), End(161, 61)
Training agent in leaf node: Start(24, 87), End(36, 99)
Training agent in leaf node: Start(99, 174), End(111, 186)
Training agent in leaf node: Start(24, 118), End(30, 124)
Training agent in leaf node: Start(112, 74), End(124, 86)
Training agent in leaf node: Start(112, 187), End(124, 199)
Training agent in leaf node: Start(174, 99), End(186, 111)
Training agent in leaf node: Start(162, 24), End(174, 36)
Training agent in leaf node: Start(187, 162), End(199, 174)
Training agent in leaf node: Start(174, 62), End(186, 74)
Training agent in leaf node: Start(124, 174), End(136, 186)
Training agent in leaf node: Start(0, 37), End(12, 49)
Training agent in leaf node: Start(112, 149), End(124, 161)
Training agent in leaf node: Start(37, 87), End(49, 99)
Training agent in leaf node: Start(149, 13), End(161, 24)
Training agent in leaf node: Start(174, 149), End(186, 161)
Training agent in leaf node: Start(99, 25), End(124, 49)
Training agent in leaf node: Start(37, 74), End(49, 86)
Training agent in leaf node: Start(24, 99), End(36, 111)
Training agent in leaf node: Start(161, 61), End(167, 67)
Training agent in leaf node: Start(149, 0), End(161, 12)
Training agent in leaf node: Start(49, 43), End(55, 49)
Training agent in leaf node: Start(49, 75), End(74, 99)
Training agent in leaf node: Start(0, 62), End(12, 74)
Training agent in leaf node: Start(87, 162), End(99, 174)
Training agent in leaf node: Start(162, 137), End(174, 149)
Training agent in leaf node: Start(74, 74), End(86, 86)
Training agent in leaf node: Start(19, 31), End(24, 36)
Training agent in leaf node: Start(37, 124), End(49, 136)
Training agent in leaf node: Start(49, 0), End(61, 12)
Training agent in leaf node: Start(87, 87), End(99, 99)
Training agent in leaf node: Start(62, 62), End(74, 74)
Training agent in leaf node: Start(13, 0), End(24, 12)
Training agent in leaf node: Start(99, 187), End(111, 199)
Training agent in leaf node: Start(87, 13), End(99, 24)
Training agent in leaf node: Start(174, 13), End(186, 24)
Training agent in leaf node: Start(49, 174), End(55, 180)
Training agent in leaf node: Start(75, 49), End(99, 74)
Training agent in leaf node: Start(87, 137), End(99, 149)
Training agent in leaf node: Start(74, 137), End(86, 149)
Training agent in leaf node: Start(61, 193), End(67, 199)
Training agent in leaf node: Start(Training agent in leaf node: Start(13713, , 149), End(24, 161)
Training agent in leaf node: Start(87, 0), End(99, 12)
Training agent in leaf node: Start(13, 74), End(24, 86)
Training agent in leaf node: Start(74, 24), End(86, 36)
Training agent in leaf node: Start(87, 37), Training agent in leaf node: Start(87, 187), End(99, 199)
Training agent in leaf node: Start(149, 137), End(161, 149)
Training agent in leaf node: Start(99, 149), End(111, 161)
Training agent in leaf node: Start(149, 37), End(161, 49)
Training agent in leaf node: Start(99, 125), End(124, 149)
Training agent in leaf node: Start(193, 193), End(199, 199)
Training agent in leaf node: Start(193, 186), End(199, 192)
Training agent in leaf node: Start(187, 49), End(199, 61)
Training agent in leaf node: Start(Training agent in leaf node: Start(174, 0), End(186, 12)
124, 99), End(136, 111)
Training agent in leaf node: Start(Training agent in leaf node: Start(174, 174), End(186, 186)
Training agent in leaf node: Start(49, 181), End(55, 186)
Training agent in leaf node: Start(Training agent in leaf node: Start(61, 181), End(67, 186)
Training agent in leaf node: Start(0, 125), End(24, 149)
Training agent in leaf node: Start(137, 174), End(149, 186)
Training agent in leaf node: Start(187, 112), End(199, 124)
Training agent in leaf node: Start(99, 99), End(111, 111)
174, 37), End(186, 49)
Training agent in leaf node: Start(181, 56), End(186, 61)
124, 162), End(136, 174)
Training agent in leaf node: Start(174, 162), End(186, 174)
Training agent in leaf node: Start(0, 112), End(12, 124)
Training agent in leaf node: Start(181, 49), End(186, 55)
Training agent in leaf node: Start(112, 162), End(124, 174)
Training agent in leaf node: Start(162, 149), End(174, 161)
Training agent in leaf node: Start(149, 187), End(161, 199)
Training agent in leaf node: Start(0, 149), End(12, 161)
Training agent in leaf node: Start(149, 124), End(161, 136)
Training agent in leaf node: Start(106, 118), End(111, 124)
, 124)
Training agent in leaf node: Start(174, 124), End(186, 136)
Training agent in leaf node: Start(162, 187), End(174, 199)
Training agent in leaf node: Start(187, 99), End(199, 111)
Training agent in leaf node: Start(149, 174), End(161, 186)
Training agent in leaf node: Start(175, 75), End(199, 99)
Training agent in leaf node: Start(62, 49), End(74, 61)
Training agent in leaf node: Start(24, 149), End(36, 161)
Training agent in leaf node: Start(162, 124), End(174, 136)
Training agent in leaf node: Start(187, 13), End(199, 24)
Training agent in leaf node: Start(112, 112), End(124, 124)
Training agent in leaf node: Start(149, 99), End(161, 111)
Training agent in leaf node: Start(124, 187), End(136, 199)
Training agent in leaf node: Start(13, 112), End(24, 124)
Training agent in leaf node: Start(49, 187), End(61, 199)
Training agent in leaf node: Start(168, 68), End(174, 74)
Training agent in leaf node: Start(99, 111), End(105, 117)
Training agent in leaf node: Start(Training agent in leaf node: Start(0, 24), End(12, 36)
Training agent in leaf node: Start(125, 49), End(149, 74)
End(99, 49)
Training agent in leaf node: Start(149, 62), End(161, 74)
Training agent in leaf node: Start(137, 149), End(149, 161)
Training agent in leaf node: Start(162, 37), End(174, 49)
Training agent in leaf node: Start(187, 0), End(199, 12)
Training agent in leaf node: Start(174, 56), End(180, 61)
Training agent in leaf node: Start(12, 24), End(18, 30)
Training agent in leaf node: Start(74, 13), End(86, 24)
Training agent in leaf node: Start(162, 162), End(174, 174)
Training agent in leaf node: Start(Training agent in leaf node: Start(16174, , 680), End(86, 12)
162), End(149, 174)
Training agent in leaf node: Start(74, 174, 24), End(174), 186End(, Training agent in leaf node: Start(86, 186)
), End(167, 74)
Training agent in leaf node: Start(124, 112), End(136, 124)
Training agent in leaf node: Start(68, 174), End(74, 180)
Training agent in leaf node: Start(3674)
162, 13), End(174, 24)
Training agent in leaf node: Start(49, 24), End(61, 36)
Training agent in leaf node: Start(74, 186), End(80, 192)
Training agent in leaf node: Start(0, 74), End(12, 86)
, 193), End(80, 199)
Training agent in leaf node: Start(99, 62), End(111, 74)
The Agent Has Converged After 2051 Episodes
The Agent Has Converged After 2501 Episodes
The Agent Has Converged After 2851 Episodes
The Agent Has Converged After 2851 Episodes
The Agent Has Converged After 3251 Episodes
The Agent Has Converged After 3321 Episodes
The Agent Has Converged After 3451 Episodes
The Agent Has Converged After 3571 Episodes
The Agent Has Converged After 3481 Episodes
The Agent Has Converged After 3491 Episodes
The Agent Has Converged After 3771 Episodes
The Agent Has Converged After 5251 Episodes
The Agent Has Converged After 4041 Episodes
The Agent Has Converged After 4161 Episodes
The Agent Has Converged After 5001 Episodes
The Agent Has Converged After 5051 Episodes
The Agent Has Converged After 4801 Episodes
The Agent Has Converged After 5441 Episodes
The Agent Has Converged After 4851 Episodes
The Agent Has Converged After 5401 Episodes
The Agent Has Converged After 6281 Episodes
The Agent Has Converged After 5011 Episodes
The Agent Has Converged After 5051 Episodes
The Agent Has Converged After 6311 Episodes
The Agent Has Converged After 6371 Episodes
The Agent Has Converged After 5311 Episodes
The Agent Has Converged After 6801 Episodes
The Agent Has Converged After 6911 Episodes
The Agent Has Converged After 6841 Episodes
The Agent Has Converged After 7141 Episodes
The Agent Has Converged After 7361 Episodes
The Agent Has Converged After 6931 Episodes
The Agent Has Converged After 6711 Episodes
The Agent Has Converged After 7201 Episodes
The Agent Has Converged After 7101 Episodes
The Agent Has Converged After 6791 Episodes
The Agent Has Converged After 6861 Episodes
The Agent Has Converged After 8481 Episodes
The Agent Has Converged After 7791 Episodes
The Agent Has Converged After 8881 Episodes
The Agent Has Converged After 8621 Episodes
The Agent Has Converged After 8771 Episodes
The Agent Has Converged After 8481 Episodes
The Agent Has Converged After 7571 Episodes
The Agent Has Converged After 9341 Episodes
The Agent Has Converged After 8231 Episodes
The Agent Has Converged After 9141 Episodes
The Agent Has Converged After 9081 Episodes
The Agent Has Converged After 8951 Episodes
The Agent Has Converged After 8731 Episodes
The Agent Has Converged After 9111 Episodes
The Agent Has Converged After 9121 Episodes
The Agent Has Converged After 8961 Episodes
The Agent Has Converged After 9131 Episodes
The Agent Has Converged After 9621 Episodes
The Agent Has Converged After 9291 Episodes
The Agent Has Converged After 10881 Episodes
The Agent Has Converged After 10301 Episodes
The Agent Has Converged After 8831 Episodes
The Agent Has Converged After 9721 Episodes
The Agent Has Converged After 9991 Episodes
The Agent Has Converged After 9171 Episodes
The Agent Has Converged After 9221 Episodes
The Agent Has Converged After 9491 Episodes
The Agent Has Converged After 9071 Episodes
The Agent Has Converged After 9591 Episodes
The Agent Has Converged After 9731 Episodes
The Agent Has Converged After 10111 Episodes
The Agent Has Converged After 10271 Episodes
The Agent Has Converged After 10321 Episodes
The Agent Has Converged After 9831 Episodes
The Agent Has Converged After 9891 Episodes
The Agent Has Converged After 10371 Episodes
The Agent Has Converged After 9791 Episodes
The Agent Has Converged After 10211 Episodes
The Agent Has Converged After 9571 Episodes
The Agent Has Converged After 10631 Episodes
The Agent Has Converged After 10141 Episodes
The Agent Has Converged After 10711 Episodes
The Agent Has Converged After 11191 Episodes
The Agent Has Converged After 11721 Episodes
The Agent Has Converged After 10201 Episodes
The Agent Has Converged After 11141 Episodes
The Agent Has Converged After 10841 Episodes
The Agent Has Converged After 11321 Episodes
The Agent Has Converged After 11041 Episodes
The Agent Has Converged After 11541 Episodes
The Agent Has Converged After 10481 Episodes
The Agent Has Converged After 11001 Episodes
The Agent Has Converged After 11861 Episodes
The Agent Has Converged After 11761 Episodes
The Agent Has Converged After 11231 Episodes
The Agent Has Converged After 11661 Episodes
The Agent Has Converged After 10831 Episodes
The Agent Has Converged After 12691 Episodes
The Agent Has Converged After 12041 Episodes
The Agent Has Converged After 11561 Episodes
The Agent Has Converged After 11091 Episodes
The Agent Has Converged After 12701 Episodes
The Agent Has Converged After 11631 Episodes
The Agent Has Converged After 12291 Episodes
The Agent Has Converged After 12421 Episodes
The Agent Has Converged After 11741 Episodes
The Agent Has Converged After 12511 Episodes
The Agent Has Converged After 12091 Episodes
The Agent Has Converged After 12191 Episodes
The Agent Has Converged After 12381 Episodes
The Agent Has Converged After 11501 Episodes
The Agent Has Converged After 12391 Episodes
The Agent Has Converged After 12651 Episodes
The Agent Has Converged After 12241 Episodes
The Agent Has Converged After 12601 Episodes
The Agent Has Converged After 12321 Episodes
The Agent Has Converged After 12991 Episodes
The Agent Has Converged After 12641 Episodes
The Agent Has Converged After 12941 Episodes
The Agent Has Converged After 12671 Episodes
The Agent Has Converged After 13551 Episodes
The Agent Has Converged After 12511 Episodes
The Agent Has Converged After 12241 Episodes
The Agent Has Converged After 12121 Episodes
The Agent Has Converged After 12731 Episodes
The Agent Has Converged After 13541 Episodes
The Agent Has Converged After 12451 Episodes
The Agent Has Converged After 13011 Episodes
The Agent Has Converged After 12871 Episodes
The Agent Has Converged After 13221 Episodes
The Agent Has Converged After 13031 Episodes
The Agent Has Converged After 13631 Episodes
The Agent Has Converged After 14161 Episodes
The Agent Has Converged After 12761 Episodes
The Agent Has Converged After 13201 Episodes
The Agent Has Converged After 13261 Episodes
The Agent Has Converged After 13541 Episodes
The Agent Has Converged After 13731 Episodes
The Agent Has Converged After 12931 Episodes
The Agent Has Converged After 12961 Episodes
The Agent Has Converged After 14541 Episodes
The Agent Has Converged After 14221 Episodes
The Agent Has Converged After 13901 Episodes
The Agent Has Converged After 14041 Episodes
The Agent Has Converged After 14481 Episodes
The Agent Has Converged After 14661 Episodes
The Agent Has Converged After 13781 Episodes
The Agent Has Converged After 14661 Episodes
The Agent Has Converged After 13991 Episodes
The Agent Has Converged After 14021 Episodes
The Agent Has Converged After 14621 Episodes
The Agent Has Converged After 14071 Episodes
The Agent Has Converged After 14301 Episodes
The Agent Has Converged After 14171 Episodes
The Agent Has Converged After 14671 Episodes
The Agent Has Converged After 14221 Episodes
The Agent Has Converged After 14631 Episodes
The Agent Has Converged After 14151 Episodes
The Agent Has Converged After 15071 Episodes
The Agent Has Converged After 13571 Episodes
The Agent Has Converged After 14781 Episodes
The Agent Has Converged After 15251 Episodes
The Agent Has Converged After 14971 Episodes
The Agent Has Converged After 14201 Episodes
The Agent Has Converged After 15341 Episodes
The Agent Has Converged After 15601 Episodes
The Agent Has Converged After 14791 Episodes
The Agent Has Converged After 14141 Episodes
The Agent Has Converged After 15801 Episodes
The Agent Has Converged After 14751 Episodes
The Agent Has Converged After 15841 Episodes
The Agent Has Converged After 15261 Episodes
The Agent Has Converged After 15741 Episodes
The Agent Has Converged After 15471 Episodes
The Agent Has Converged After 15311 Episodes
The Agent Has Converged After 15281 Episodes
The Agent Has Converged After 15291 Episodes
The Agent Has Converged After 15801 Episodes
The Agent Has Converged After 15961 Episodes
The Agent Has Converged After 15841 Episodes
The Agent Has Converged After 15261 Episodes
The Agent Has Converged After 14211 Episodes
The Agent Has Converged After 16341 Episodes
The Agent Has Converged After 16081 Episodes
The Agent Has Converged After 15711 Episodes
The Agent Has Converged After 16501 Episodes
The Agent Has Converged After 16521 Episodes
The Agent Has Converged After 16711 Episodes
The Agent Has Converged After 15951 Episodes
The Agent Has Converged After 15211 Episodes
The Agent Has Converged After 16021 Episodes
The Agent Has Converged After 16131 Episodes
The Agent Has Converged After 15641 Episodes
The Agent Has Converged After 16971 Episodes
The Agent Has Converged After 16041 Episodes
The Agent Has Converged After 16471 Episodes
The Agent Has Converged After 16581 Episodes
The Agent Has Converged After 16621 Episodes
The Agent Has Converged After 16171 Episodes
The Agent Has Converged After 16631 Episodes
The Agent Has Converged After 16221 Episodes
The Agent Has Converged After 18341 Episodes
The Agent Has Converged After 16491 Episodes
The Agent Has Converged After 16761 Episodes
The Agent Has Converged After 17161 Episodes
The Agent Has Converged After 17141 Episodes
The Agent Has Converged After 16841 Episodes
The Agent Has Converged After 17691 Episodes
The Agent Has Converged After 16131 Episodes
The Agent Has Converged After 17591 Episodes
The Agent Has Converged After 17541 Episodes
The Agent Has Converged After 17671 Episodes
The Agent Has Converged After 17781 Episodes
The Agent Has Converged After 18301 Episodes
The Agent Has Converged After 18661 Episodes
The Agent Has Converged After 17041 Episodes
The Agent Has Converged After 18361 Episodes
The Agent Has Converged After 18641 Episodes
The Agent Has Converged After 18781 Episodes
The Agent Has Converged After 18221 Episodes
The Agent Has Converged After 19331 Episodes
The Agent Has Converged After 18731 Episodes
The Agent Has Converged After 19491 Episodes
The Agent Has Converged After 19751 Episodes
The Agent Has Converged After 18261 Episodes
The Agent Has Converged After 18761 Episodes
The Agent Has Converged After 19661 Episodes
The Agent Has Converged After 19441 Episodes
The Agent Has Converged After 19311 Episodes
The Agent Has Converged After 20721 Episodes
The Agent Has Converged After 19521 Episodes
The Agent Has Converged After 19081 Episodes
The Agent Has Converged After 20011 Episodes
The Agent Has Converged After 21281 Episodes
The Agent Has Converged After 20321 Episodes
The Agent Has Converged After 22831 Episodes
The Agent Has Converged After 26521 Episodes
The Agent Has Converged After 28211 Episodes
The Agent Has Converged After 28441 Episodes
The Agent Has Converged After 28981 Episodes
The Agent Has Converged After 28971 Episodes
The Agent Has Converged After 30091 Episodes
The Agent Has Converged After 28991 Episodes
The Agent Has Converged After 29081 Episodes
The Agent Has Converged After 30061 Episodes
The Agent Has Converged After 29351 Episodes
The Agent Has Converged After 32481 Episodes
The Agent Has Converged After 32821 Episodes
The Agent Has Converged After 32851 Episodes
The Agent Has Converged After 37071 Episodes

Environment changed. Applying local Q-learning.
The Agent Has Converged After 27481 Episodes

Environment changed. Performing local path planning for affected leaf nodes.
Training agent in leaf node: Start(175, 75), End(199, 99)
The Agent Has Converged After 29761 Episodes

Maze Size: 200x200

--- MasMat Results ---
Static Training Time   : 1476.84s
Dynamic Training Time  : 9.43528s
Average Planning Time  : 5.47711e-06s
Success Rate           : 100%
Average Path Length    : 2.62 steps

--- Local Path Planning Results ---
Static Training Time   : 196.401s
Dynamic Training Time  : 10.1096s
Average Planning Time  : 4.88939e-06s
Success Rate           : 100%
Average Path Length    : 2.37 steps

		=== The Maze: 0 means obstacle, 1 means free space, 2 means charging station ===

Maze Sub-environment Tree:

Node: Start(0, 0), End(199, 199), Size(200x200), Charging Stations: 788
 ├─ Node: Start(0, 0), End(99, 99), Size(100x100), Charging Stations: 203
 │   ├─ Node: Start(0, 0), End(49, 49), Size(50x50), Charging Stations: 54
 │   │   ├─ Node: Start(0, 0), End(24, 24), Size(25x25), Charging Stations: 12
 │   │   │   ├─ Node: Start(0, 0), End(12, 12), Size(13x13), Charging Stations: 2
 │   │   │   ├─ Node: Start(0, 13), End(12, 24), Size(13x12), Charging Stations: 3
 │   │   │   ├─ Node: Start(13, 0), End(24, 12), Size(12x13), Charging Stations: 1
 │   │   │   └─ Node: Start(13, 13), End(24, 24), Size(12x12), Charging Stations: 5
 │   │   ├─ Node: Start(0, 25), End(24, 49), Size(25x25), Charging Stations: 17
 │   │   │   ├─ Node: Start(0, 24), End(12, 36), Size(13x13), Charging Stations: 3
 │   │   │   ├─ Node: Start(0, 37), End(12, 49), Size(13x13), Charging Stations: 5
 │   │   │   ├─ Node: Start(13, 24), End(24, 36), Size(12x13), Charging Stations: 6
 │   │   │   │   ├─ Node: Start(12, 24), End(18, 30), Size(7x7), Charging Stations: 1
 │   │   │   │   ├─ Node: Start(12, 31), End(18, 36), Size(7x6), Charging Stations: 2
 │   │   │   │   ├─ Node: Start(19, 24), End(24, 30), Size(6x7), Charging Stations: 2
 │   │   │   │   └─ Node: Start(19, 31), End(24, 36), Size(6x6), Charging Stations: 1
 │   │   │   └─ Node: Start(13, 37), End(24, 49), Size(12x13), Charging Stations: 4
 │   │   ├─ Node: Start(25, 0), End(49, 24), Size(25x25), Charging Stations: 14
 │   │   │   ├─ Node: Start(24, 0), End(36, 12), Size(13x13), Charging Stations: 4
 │   │   │   ├─ Node: Start(24, 13), End(36, 24), Size(13x12), Charging Stations: 2
 │   │   │   ├─ Node: Start(37, 0), End(49, 12), Size(13x13), Charging Stations: 5
 │   │   │   └─ Node: Start(37, 13), End(49, 24), Size(13x12), Charging Stations: 1
 │   │   └─ Node: Start(25, 25), End(49, 49), Size(25x25), Charging Stations: 9
 │   ├─ Node: Start(0, 50), End(49, 99), Size(50x50), Charging Stations: 57
 │   │   ├─ Node: Start(0, 49), End(24, 74), Size(25x26), Charging Stations: 10
 │   │   │   ├─ Node: Start(0, 49), End(12, 61), Size(13x13), Charging Stations: 3
 │   │   │   ├─ Node: Start(0, 62), End(12, 74), Size(13x13), Charging Stations: 2
 │   │   │   ├─ Node: Start(13, 49), End(24, 61), Size(12x13), Charging Stations: 2
 │   │   │   └─ Node: Start(13, 62), End(24, 74), Size(12x13), Charging Stations: 3
 │   │   ├─ Node: Start(0, 75), End(24, 99), Size(25x25), Charging Stations: 14
 │   │   │   ├─ Node: Start(0, 74), End(12, 86), Size(13x13), Charging Stations: 3
 │   │   │   ├─ Node: Start(0, 87), End(12, 99), Size(13x13), Charging Stations: 3
 │   │   │   ├─ Node: Start(13, 74), End(24, 86), Size(12x13), Charging Stations: 5
 │   │   │   └─ Node: Start(13, 87), End(24, 99), Size(12x13), Charging Stations: 3
 │   │   ├─ Node: Start(25, 49), End(49, 74), Size(25x26), Charging Stations: 15
 │   │   │   ├─ Node: Start(24, 49), End(36, 61), Size(13x13), Charging Stations: 2
 │   │   │   ├─ Node: Start(24, 62), End(36, 74), Size(13x13), Charging Stations: 3
 │   │   │   ├─ Node: Start(37, 49), End(49, 61), Size(13x13), Charging Stations: 4
 │   │   │   └─ Node: Start(37, 62), End(49, 74), Size(13x13), Charging Stations: 5
 │   │   └─ Node: Start(25, 75), End(49, 99), Size(25x25), Charging Stations: 18
 │   │       ├─ Node: Start(24, 74), End(36, 86), Size(13x13), Charging Stations: 3
 │   │       ├─ Node: Start(24, 87), End(36, 99), Size(13x13), Charging Stations: 3
 │   │       ├─ Node: Start(37, 74), End(49, 86), Size(13x13), Charging Stations: 5
 │   │       └─ Node: Start(37, 87), End(49, 99), Size(13x13), Charging Stations: 7
 │   ├─ Node: Start(50, 0), End(99, 49), Size(50x50), Charging Stations: 47
 │   │   ├─ Node: Start(49, 0), End(74, 24), Size(26x25), Charging Stations: 12
 │   │   │   ├─ Node: Start(49, 0), End(61, 12), Size(13x13), Charging Stations: 3
 │   │   │   ├─ Node: Start(49, 13), End(61, 24), Size(13x12), Charging Stations: 1
 │   │   │   ├─ Node: Start(62, 0), End(74, 12), Size(13x13), Charging Stations: 5
 │   │   │   └─ Node: Start(62, 13), End(74, 24), Size(13x12), Charging Stations: 3
 │   │   ├─ Node: Start(49, 25), End(74, 49), Size(26x25), Charging Stations: 14
 │   │   │   ├─ Node: Start(49, 24), End(61, 36), Size(13x13), Charging Stations: 2
 │   │   │   ├─ Node: Start(49, 37), End(61, 49), Size(13x13), Charging Stations: 5
 │   │   │   │   ├─ Node: Start(49, 36), End(55, 42), Size(7x7), Charging Stations: 1
 │   │   │   │   ├─ Node: Start(49, 43), End(55, 49), Size(7x7), Charging Stations: 1
 │   │   │   │   ├─ Node: Start(56, 36), End(61, 42), Size(6x7), Charging Stations: 3
 │   │   │   │   └─ Node: Start(56, 43), End(61, 49), Size(6x7), Charging Stations: 1
 │   │   │   ├─ Node: Start(62, 24), End(74, 36), Size(13x13), Charging Stations: 2
 │   │   │   └─ Node: Start(62, 37), End(74, 49), Size(13x13), Charging Stations: 4
 │   │   ├─ Node: Start(75, 0), End(99, 24), Size(25x25), Charging Stations: 11
 │   │   │   ├─ Node: Start(74, 0), End(86, 12), Size(13x13), Charging Stations: 2
 │   │   │   ├─ Node: Start(74, 13), End(86, 24), Size(13x12), Charging Stations: 2
 │   │   │   ├─ Node: Start(87, 0), End(99, 12), Size(13x13), Charging Stations: 2
 │   │   │   └─ Node: Start(87, 13), End(99, 24), Size(13x12), Charging Stations: 3
 │   │   └─ Node: Start(75, 25), End(99, 49), Size(25x25), Charging Stations: 8
 │   │       ├─ Node: Start(74, 24), End(86, 36), Size(13x13), Charging Stations: 1
 │   │       ├─ Node: Start(74, 37), End(86, 49), Size(13x13), Charging Stations: 1
 │   │       ├─ Node: Start(87, 24), End(99, 36), Size(13x13), Charging Stations: 4
 │   │       └─ Node: Start(87, 37), End(99, 49), Size(13x13), Charging Stations: 2
 │   └─ Node: Start(50, 50), End(99, 99), Size(50x50), Charging Stations: 41
 │       ├─ Node: Start(49, 49), End(74, 74), Size(26x26), Charging Stations: 15
 │       │   ├─ Node: Start(49, 49), End(61, 61), Size(13x13), Charging Stations: 7
 │       │   ├─ Node: Start(49, 62), End(61, 74), Size(13x13), Charging Stations: 5
 │       │   ├─ Node: Start(62, 49), End(74, 61), Size(13x13), Charging Stations: 1
 │       │   └─ Node: Start(62, 62), End(74, 74), Size(13x13), Charging Stations: 2
 │       ├─ Node: Start(49, 75), End(74, 99), Size(26x25), Charging Stations: 10
 │       ├─ Node: Start(75, 49), End(99, 74), Size(25x26), Charging Stations: 7
 │       └─ Node: Start(75, 75), End(99, 99), Size(25x25), Charging Stations: 10
 │           ├─ Node: Start(74, 74), End(86, 86), Size(13x13), Charging Stations: 4
 │           ├─ Node: Start(74, 87), End(86, 99), Size(13x13), Charging Stations: 2
 │           ├─ Node: Start(87, 74), End(99, 86), Size(13x13), Charging Stations: 2
 │           └─ Node: Start(87, 87), End(99, 99), Size(13x13), Charging Stations: 3
 ├─ Node: Start(0, 100), End(99, 199), Size(100x100), Charging Stations: 210
 │   ├─ Node: Start(0, 99), End(49, 149), Size(50x51), Charging Stations: 59
 │   │   ├─ Node: Start(0, 99), End(24, 124), Size(25x26), Charging Stations: 18
 │   │   │   ├─ Node: Start(0, 99), End(12, 111), Size(13x13), Charging Stations: 3
 │   │   │   ├─ Node: Start(0, 112), End(12, 124), Size(13x13), Charging Stations: 6
 │   │   │   ├─ Node: Start(13, 99), End(24, 111), Size(12x13), Charging Stations: 4
 │   │   │   └─ Node: Start(13, 112), End(24, 124), Size(12x13), Charging Stations: 3
 │   │   ├─ Node: Start(0, 125), End(24, 149), Size(25x25), Charging Stations: 9
 │   │   ├─ Node: Start(25, 99), End(49, 124), Size(25x26), Charging Stations: 17
 │   │   │   ├─ Node: Start(24, 99), End(36, 111), Size(13x13), Charging Stations: 2
 │   │   │   ├─ Node: Start(24, 112), End(36, 124), Size(13x13), Charging Stations: 5
 │   │   │   │   ├─ Node: Start(24, 111), End(30, 117), Size(7x7), Charging Stations: 1
 │   │   │   │   ├─ Node: Start(24, 118), End(30, 124), Size(7x7), Charging Stations: 2
 │   │   │   │   ├─ Node: Start(31, 111), End(36, 117), Size(6x7), Charging Stations: 1
 │   │   │   │   └─ Node: Start(31, 118), End(36, 124), Size(6x7), Charging Stations: 1
 │   │   │   ├─ Node: Start(37, 99), End(49, 111), Size(13x13), Charging Stations: 4
 │   │   │   └─ Node: Start(37, 112), End(49, 124), Size(13x13), Charging Stations: 5
 │   │   └─ Node: Start(25, 125), End(49, 149), Size(25x25), Charging Stations: 12
 │   │       ├─ Node: Start(24, 124), End(36, 136), Size(13x13), Charging Stations: 3
 │   │       ├─ Node: Start(24, 137), End(36, 149), Size(13x13), Charging Stations: 5
 │   │       ├─ Node: Start(37, 124), End(49, 136), Size(13x13), Charging Stations: 3
 │   │       └─ Node: Start(37, 137), End(49, 149), Size(13x13), Charging Stations: 1
 │   ├─ Node: Start(0, 150), End(49, 199), Size(50x50), Charging Stations: 46
 │   │   ├─ Node: Start(0, 149), End(24, 174), Size(25x26), Charging Stations: 10
 │   │   │   ├─ Node: Start(0, 149), End(12, 161), Size(13x13), Charging Stations: 3
 │   │   │   ├─ Node: Start(0, 162), End(12, 174), Size(13x13), Charging Stations: 2
 │   │   │   ├─ Node: Start(13, 149), End(24, 161), Size(12x13), Charging Stations: 3
 │   │   │   └─ Node: Start(13, 162), End(24, 174), Size(12x13), Charging Stations: 1
 │   │   ├─ Node: Start(0, 175), End(24, 199), Size(25x25), Charging Stations: 10
 │   │   │   ├─ Node: Start(0, 174), End(12, 186), Size(13x13), Charging Stations: 2
 │   │   │   ├─ Node: Start(0, 187), End(12, 199), Size(13x13), Charging Stations: 2
 │   │   │   ├─ Node: Start(13, 174), End(24, 186), Size(12x13), Charging Stations: 2
 │   │   │   └─ Node: Start(13, 187), End(24, 199), Size(12x13), Charging Stations: 3
 │   │   ├─ Node: Start(25, 149), End(49, 174), Size(25x26), Charging Stations: 13
 │   │   │   ├─ Node: Start(24, 149), End(36, 161), Size(13x13), Charging Stations: 3
 │   │   │   ├─ Node: Start(24, 162), End(36, 174), Size(13x13), Charging Stations: 2
 │   │   │   ├─ Node: Start(37, 149), End(49, 161), Size(13x13), Charging Stations: 4
 │   │   │   └─ Node: Start(37, 162), End(49, 174), Size(13x13), Charging Stations: 3
 │   │   └─ Node: Start(25, 175), End(49, 199), Size(25x25), Charging Stations: 14
 │   │       ├─ Node: Start(24, 174), End(36, 186), Size(13x13), Charging Stations: 4
 │   │       ├─ Node: Start(24, 187), End(36, 199), Size(13x13), Charging Stations: 2
 │   │       ├─ Node: Start(37, 174), End(49, 186), Size(13x13), Charging Stations: 4
 │   │       └─ Node: Start(37, 187), End(49, 199), Size(13x13), Charging Stations: 3
 │   ├─ Node: Start(50, 99), End(99, 149), Size(50x51), Charging Stations: 43
 │   │   ├─ Node: Start(49, 99), End(74, 124), Size(26x26), Charging Stations: 11
 │   │   │   ├─ Node: Start(49, 99), End(61, 111), Size(13x13), Charging Stations: 2
 │   │   │   ├─ Node: Start(49, 112), End(61, 124), Size(13x13), Charging Stations: 3
 │   │   │   ├─ Node: Start(62, 99), End(74, 111), Size(13x13), Charging Stations: 2
 │   │   │   └─ Node: Start(62, 112), End(74, 124), Size(13x13), Charging Stations: 2
 │   │   ├─ Node: Start(49, 125), End(74, 149), Size(26x25), Charging Stations: 9
 │   │   │   ├─ Node: Start(49, 124), End(61, 136), Size(13x13), Charging Stations: 3
 │   │   │   ├─ Node: Start(49, 137), End(61, 149), Size(13x13), Charging Stations: 1
 │   │   │   ├─ Node: Start(62, 124), End(74, 136), Size(13x13), Charging Stations: 3
 │   │   │   └─ Node: Start(62, 137), End(74, 149), Size(13x13), Charging Stations: 1
 │   │   ├─ Node: Start(75, 99), End(99, 124), Size(25x26), Charging Stations: 10
 │   │   └─ Node: Start(75, 125), End(99, 149), Size(25x25), Charging Stations: 11
 │   │       ├─ Node: Start(74, 124), End(86, 136), Size(13x13), Charging Stations: 4
 │   │       ├─ Node: Start(74, 137), End(86, 149), Size(13x13), Charging Stations: 3
 │   │       ├─ Node: Start(87, 124), End(99, 136), Size(13x13), Charging Stations: 4
 │   │       └─ Node: Start(87, 137), End(99, 149), Size(13x13), Charging Stations: 1
 │   └─ Node: Start(50, 150), End(99, 199), Size(50x50), Charging Stations: 57
 │       ├─ Node: Start(49, 149), End(74, 174), Size(26x26), Charging Stations: 11
 │       │   ├─ Node: Start(49, 149), End(61, 161), Size(13x13), Charging Stations: 2
 │       │   ├─ Node: Start(49, 162), End(61, 174), Size(13x13), Charging Stations: 2
 │       │   ├─ Node: Start(62, 149), End(74, 161), Size(13x13), Charging Stations: 5
 │       │   └─ Node: Start(62, 162), End(74, 174), Size(13x13), Charging Stations: 1
 │       ├─ Node: Start(49, 175), End(74, 199), Size(26x25), Charging Stations: 19
 │       │   ├─ Node: Start(49, 174), End(61, 186), Size(13x13), Charging Stations: 5
 │       │   │   ├─ Node: Start(49, 174), End(55, 180), Size(7x7), Charging Stations: 1
 │       │   │   ├─ Node: Start(49, 181), End(55, 186), Size(7x6), Charging Stations: 1
 │       │   │   ├─ Node: Start(56, 174), End(61, 180), Size(6x7), Charging Stations: 1
 │       │   │   └─ Node: Start(56, 181), End(61, 186), Size(6x6), Charging Stations: 1
 │       │   ├─ Node: Start(49, 187), End(61, 199), Size(13x13), Charging Stations: 3
 │       │   ├─ Node: Start(62, 174), End(74, 186), Size(13x13), Charging Stations: 6
 │       │   │   ├─ Node: Start(61, 174), End(67, 180), Size(7x7), Charging Stations: 1
 │       │   │   ├─ Node: Start(61, 181), End(67, 186), Size(7x6), Charging Stations: 2
 │       │   │   ├─ Node: Start(68, 174), End(74, 180), Size(7x7), Charging Stations: 3
 │       │   │   └─ Node: Start(68, 181), End(74, 186), Size(7x6), Charging Stations: 1
 │       │   └─ Node: Start(62, 187), End(74, 199), Size(13x13), Charging Stations: 4
 │       │       ├─ Node: Start(61, 186), End(67, 192), Size(7x7), Charging Stations: 2
 │       │       ├─ Node: Start(61, 193), End(67, 199), Size(7x7), Charging Stations: 1
 │       │       ├─ Node: Start(68, 186), End(74, 192), Size(7x7), Charging Stations: 1
 │       │       └─ Node: Start(68, 193), End(74, 199), Size(7x7), Charging Stations: 1
 │       ├─ Node: Start(75, 149), End(99, 174), Size(25x26), Charging Stations: 16
 │       │   ├─ Node: Start(74, 149), End(86, 161), Size(13x13), Charging Stations: 4
 │       │   ├─ Node: Start(74, 162), End(86, 174), Size(13x13), Charging Stations: 1
 │       │   ├─ Node: Start(87, 149), End(99, 161), Size(13x13), Charging Stations: 5
 │       │   └─ Node: Start(87, 162), End(99, 174), Size(13x13), Charging Stations: 5
 │       └─ Node: Start(75, 175), End(99, 199), Size(25x25), Charging Stations: 9
 │           ├─ Node: Start(74, 174), End(86, 186), Size(13x13), Charging Stations: 4
 │           ├─ Node: Start(74, 187), End(86, 199), Size(13x13), Charging Stations: 5
 │           │   ├─ Node: Start(74, 186), End(80, 192), Size(7x7), Charging Stations: 1
 │           │   ├─ Node: Start(74, 193), End(80, 199), Size(7x7), Charging Stations: 2
 │           │   ├─ Node: Start(81, 186), End(86, 192), Size(6x7), Charging Stations: 1
 │           │   └─ Node: Start(81, 193), End(86, 199), Size(6x7), Charging Stations: 1
 │           ├─ Node: Start(87, 174), End(99, 186), Size(13x13), Charging Stations: 1
 │           └─ Node: Start(87, 187), End(99, 199), Size(13x13), Charging Stations: 2
 ├─ Node: Start(100, 0), End(199, 99), Size(100x100), Charging Stations: 176
 │   ├─ Node: Start(99, 0), End(149, 49), Size(51x50), Charging Stations: 37
 │   │   ├─ Node: Start(99, 0), End(124, 24), Size(26x25), Charging Stations: 8
 │   │   ├─ Node: Start(99, 25), End(124, 49), Size(26x25), Charging Stations: 8
 │   │   ├─ Node: Start(125, 0), End(149, 24), Size(25x25), Charging Stations: 14
 │   │   └─ Node: Start(125, 25), End(149, 49), Size(25x25), Charging Stations: 7
 │   ├─ Node: Start(99, 50), End(149, 99), Size(51x50), Charging Stations: 45
 │   │   ├─ Node: Start(99, 49), End(124, 74), Size(26x26), Charging Stations: 11
 │   │   │   ├─ Node: Start(99, 49), End(111, 61), Size(13x13), Charging Stations: 3
 │   │   │   ├─ Node: Start(99, 62), End(111, 74), Size(13x13), Charging Stations: 3
 │   │   │   ├─ Node: Start(112, 49), End(124, 61), Size(13x13), Charging Stations: 1
 │   │   │   └─ Node: Start(112, 62), End(124, 74), Size(13x13), Charging Stations: 4
 │   │   ├─ Node: Start(99, 75), End(124, 99), Size(26x25), Charging Stations: 13
 │   │   │   ├─ Node: Start(99, 74), End(111, 86), Size(13x13), Charging Stations: 1
 │   │   │   ├─ Node: Start(99, 87), End(111, 99), Size(13x13), Charging Stations: 4
 │   │   │   ├─ Node: Start(112, 74), End(124, 86), Size(13x13), Charging Stations: 3
 │   │   │   └─ Node: Start(112, 87), End(124, 99), Size(13x13), Charging Stations: 3
 │   │   ├─ Node: Start(125, 49), End(149, 74), Size(25x26), Charging Stations: 9
 │   │   └─ Node: Start(125, 75), End(149, 99), Size(25x25), Charging Stations: 12
 │   │       ├─ Node: Start(124, 74), End(136, 86), Size(13x13), Charging Stations: 2
 │   │       ├─ Node: Start(124, 87), End(136, 99), Size(13x13), Charging Stations: 1
 │   │       ├─ Node: Start(137, 74), End(149, 86), Size(13x13), Charging Stations: 3
 │   │       └─ Node: Start(137, 87), End(149, 99), Size(13x13), Charging Stations: 5
 │   ├─ Node: Start(150, 0), End(199, 49), Size(50x50), Charging Stations: 50
 │   │   ├─ Node: Start(149, 0), End(174, 24), Size(26x25), Charging Stations: 11
 │   │   │   ├─ Node: Start(149, 0), End(161, 12), Size(13x13), Charging Stations: 2
 │   │   │   ├─ Node: Start(149, 13), End(161, 24), Size(13x12), Charging Stations: 3
 │   │   │   ├─ Node: Start(162, 0), End(174, 12), Size(13x13), Charging Stations: 4
 │   │   │   └─ Node: Start(162, 13), End(174, 24), Size(13x12), Charging Stations: 1
 │   │   ├─ Node: Start(149, 25), End(174, 49), Size(26x25), Charging Stations: 10
 │   │   │   ├─ Node: Start(149, 24), End(161, 36), Size(13x13), Charging Stations: 2
 │   │   │   ├─ Node: Start(149, 37), End(161, 49), Size(13x13), Charging Stations: 2
 │   │   │   ├─ Node: Start(162, 24), End(174, 36), Size(13x13), Charging Stations: 4
 │   │   │   └─ Node: Start(162, 37), End(174, 49), Size(13x13), Charging Stations: 1
 │   │   ├─ Node: Start(175, 0), End(199, 24), Size(25x25), Charging Stations: 12
 │   │   │   ├─ Node: Start(174, 0), End(186, 12), Size(13x13), Charging Stations: 3
 │   │   │   ├─ Node: Start(174, 13), End(186, 24), Size(13x12), Charging Stations: 5
 │   │   │   ├─ Node: Start(187, 0), End(199, 12), Size(13x13), Charging Stations: 2
 │   │   │   └─ Node: Start(187, 13), End(199, 24), Size(13x12), Charging Stations: 2
 │   │   └─ Node: Start(175, 25), End(199, 49), Size(25x25), Charging Stations: 14
 │   │       ├─ Node: Start(174, 24), End(186, 36), Size(13x13), Charging Stations: 4
 │   │       ├─ Node: Start(174, 37), End(186, 49), Size(13x13), Charging Stations: 1
 │   │       ├─ Node: Start(187, 24), End(199, 36), Size(13x13), Charging Stations: 5
 │   │       └─ Node: Start(187, 37), End(199, 49), Size(13x13), Charging Stations: 5
 │   └─ Node: Start(150, 50), End(199, 99), Size(50x50), Charging Stations: 43
 │       ├─ Node: Start(149, 49), End(174, 74), Size(26x26), Charging Stations: 17
 │       │   ├─ Node: Start(149, 49), End(161, 61), Size(13x13), Charging Stations: 4
 │       │   ├─ Node: Start(149, 62), End(161, 74), Size(13x13), Charging Stations: 3
 │       │   ├─ Node: Start(162, 49), End(174, 61), Size(13x13), Charging Stations: 1
 │       │   └─ Node: Start(162, 62), End(174, 74), Size(13x13), Charging Stations: 6
 │       │       ├─ Node: Start(161, 61), End(167, 67), Size(7x7), Charging Stations: 2
 │       │       ├─ Node: Start(161, 68), End(167, 74), Size(7x7), Charging Stations: 1
 │       │       ├─ Node: Start(168, 61), End(174, 67), Size(7x7), Charging Stations: 1
 │       │       └─ Node: Start(168, 68), End(174, 74), Size(7x7), Charging Stations: 2
 │       ├─ Node: Start(149, 75), End(174, 99), Size(26x25), Charging Stations: 7
 │       ├─ Node: Start(175, 49), End(199, 74), Size(25x26), Charging Stations: 13
 │       │   ├─ Node: Start(174, 49), End(186, 61), Size(13x13), Charging Stations: 6
 │       │   │   ├─ Node: Start(174, 49), End(180, 55), Size(7x7), Charging Stations: 2
 │       │   │   ├─ Node: Start(174, 56), End(180, 61), Size(7x6), Charging Stations: 1
 │       │   │   ├─ Node: Start(181, 49), End(186, 55), Size(6x7), Charging Stations: 1
 │       │   │   └─ Node: Start(181, 56), End(186, 61), Size(6x6), Charging Stations: 2
 │       │   ├─ Node: Start(174, 62), End(186, 74), Size(13x13), Charging Stations: 2
 │       │   ├─ Node: Start(187, 49), End(199, 61), Size(13x13), Charging Stations: 4
 │       │   └─ Node: Start(187, 62), End(199, 74), Size(13x13), Charging Stations: 1
 │       └─ Node: Start(175, 75), End(199, 99), Size(25x25), Charging Stations: 6
 └─ Node: Start(100, 100), End(199, 199), Size(100x100), Charging Stations: 195
     ├─ Node: Start(99, 99), End(149, 149), Size(51x51), Charging Stations: 34
     │   ├─ Node: Start(99, 99), End(124, 124), Size(26x26), Charging Stations: 13
     │   │   ├─ Node: Start(99, 99), End(111, 111), Size(13x13), Charging Stations: 3
     │   │   ├─ Node: Start(99, 112), End(111, 124), Size(13x13), Charging Stations: 4
     │   │   │   ├─ Node: Start(99, 111), End(105, 117), Size(7x7), Charging Stations: 1
     │   │   │   ├─ Node: Start(99, 118), End(105, 124), Size(7x7), Charging Stations: 1
     │   │   │   ├─ Node: Start(106, 111), End(111, 117), Size(6x7), Charging Stations: 1
     │   │   │   └─ Node: Start(106, 118), End(111, 124), Size(6x7), Charging Stations: 1
     │   │   ├─ Node: Start(112, 99), End(124, 111), Size(13x13), Charging Stations: 2
     │   │   └─ Node: Start(112, 112), End(124, 124), Size(13x13), Charging Stations: 4
     │   ├─ Node: Start(99, 125), End(124, 149), Size(26x25), Charging Stations: 8
     │   ├─ Node: Start(125, 99), End(149, 124), Size(25x26), Charging Stations: 6
     │   │   ├─ Node: Start(124, 99), End(136, 111), Size(13x13), Charging Stations: 2
     │   │   ├─ Node: Start(124, 112), End(136, 124), Size(13x13), Charging Stations: 2
     │   │   ├─ Node: Start(137, 99), End(149, 111), Size(13x13), Charging Stations: 1
     │   │   └─ Node: Start(137, 112), End(149, 124), Size(13x13), Charging Stations: 1
     │   └─ Node: Start(125, 125), End(149, 149), Size(25x25), Charging Stations: 5
     ├─ Node: Start(99, 150), End(149, 199), Size(51x50), Charging Stations: 47
     │   ├─ Node: Start(99, 149), End(124, 174), Size(26x26), Charging Stations: 15
     │   │   ├─ Node: Start(99, 149), End(111, 161), Size(13x13), Charging Stations: 6
     │   │   ├─ Node: Start(99, 162), End(111, 174), Size(13x13), Charging Stations: 3
     │   │   ├─ Node: Start(112, 149), End(124, 161), Size(13x13), Charging Stations: 2
     │   │   └─ Node: Start(112, 162), End(124, 174), Size(13x13), Charging Stations: 4
     │   ├─ Node: Start(99, 175), End(124, 199), Size(26x25), Charging Stations: 7
     │   │   ├─ Node: Start(99, 174), End(111, 186), Size(13x13), Charging Stations: 1
     │   │   ├─ Node: Start(99, 187), End(111, 199), Size(13x13), Charging Stations: 2
     │   │   ├─ Node: Start(112, 174), End(124, 186), Size(13x13), Charging Stations: 1
     │   │   └─ Node: Start(112, 187), End(124, 199), Size(13x13), Charging Stations: 2
     │   ├─ Node: Start(125, 149), End(149, 174), Size(25x26), Charging Stations: 11
     │   │   ├─ Node: Start(124, 149), End(136, 161), Size(13x13), Charging Stations: 1
     │   │   ├─ Node: Start(124, 162), End(136, 174), Size(13x13), Charging Stations: 5
     │   │   ├─ Node: Start(137, 149), End(149, 161), Size(13x13), Charging Stations: 1
     │   │   └─ Node: Start(137, 162), End(149, 174), Size(13x13), Charging Stations: 3
     │   └─ Node: Start(125, 175), End(149, 199), Size(25x25), Charging Stations: 14
     │       ├─ Node: Start(124, 174), End(136, 186), Size(13x13), Charging Stations: 3
     │       ├─ Node: Start(124, 187), End(136, 199), Size(13x13), Charging Stations: 5
     │       ├─ Node: Start(137, 174), End(149, 186), Size(13x13), Charging Stations: 2
     │       └─ Node: Start(137, 187), End(149, 199), Size(13x13), Charging Stations: 1
     ├─ Node: Start(150, 99), End(199, 149), Size(50x51), Charging Stations: 61
     │   ├─ Node: Start(149, 99), End(174, 124), Size(26x26), Charging Stations: 17
     │   │   ├─ Node: Start(149, 99), End(161, 111), Size(13x13), Charging Stations: 5
     │   │   ├─ Node: Start(149, 112), End(161, 124), Size(13x13), Charging Stations: 2
     │   │   ├─ Node: Start(162, 99), End(174, 111), Size(13x13), Charging Stations: 5
     │   │   └─ Node: Start(162, 112), End(174, 124), Size(13x13), Charging Stations: 5
     │   ├─ Node: Start(149, 125), End(174, 149), Size(26x25), Charging Stations: 12
     │   │   ├─ Node: Start(149, 124), End(161, 136), Size(13x13), Charging Stations: 2
     │   │   ├─ Node: Start(149, 137), End(161, 149), Size(13x13), Charging Stations: 3
     │   │   ├─ Node: Start(162, 124), End(174, 136), Size(13x13), Charging Stations: 4
     │   │   └─ Node: Start(162, 137), End(174, 149), Size(13x13), Charging Stations: 2
     │   ├─ Node: Start(175, 99), End(199, 124), Size(25x26), Charging Stations: 14
     │   │   ├─ Node: Start(174, 99), End(186, 111), Size(13x13), Charging Stations: 6
     │   │   ├─ Node: Start(174, 112), End(186, 124), Size(13x13), Charging Stations: 2
     │   │   ├─ Node: Start(187, 99), End(199, 111), Size(13x13), Charging Stations: 2
     │   │   └─ Node: Start(187, 112), End(199, 124), Size(13x13), Charging Stations: 6
     │   └─ Node: Start(175, 125), End(199, 149), Size(25x25), Charging Stations: 15
     │       ├─ Node: Start(174, 124), End(186, 136), Size(13x13), Charging Stations: 3
     │       ├─ Node: Start(174, 137), End(186, 149), Size(13x13), Charging Stations: 5
     │       ├─ Node: Start(187, 124), End(199, 136), Size(13x13), Charging Stations: 4
     │       └─ Node: Start(187, 137), End(199, 149), Size(13x13), Charging Stations: 2
     └─ Node: Start(150, 150), End(199, 199), Size(50x50), Charging Stations: 55
         ├─ Node: Start(149, 149), End(174, 174), Size(26x26), Charging Stations: 16
         │   ├─ Node: Start(149, 149), End(161, 161), Size(13x13), Charging Stations: 3
         │   ├─ Node: Start(149, 162), End(161, 174), Size(13x13), Charging Stations: 2
         │   ├─ Node: Start(162, 149), End(174, 161), Size(13x13), Charging Stations: 4
         │   └─ Node: Start(162, 162), End(174, 174), Size(13x13), Charging Stations: 4
         ├─ Node: Start(149, 175), End(174, 199), Size(26x25), Charging Stations: 15
         │   ├─ Node: Start(149, 174), End(161, 186), Size(13x13), Charging Stations: 3
         │   ├─ Node: Start(149, 187), End(161, 199), Size(13x13), Charging Stations: 1
         │   ├─ Node: Start(162, 174), End(174, 186), Size(13x13), Charging Stations: 5
         │   └─ Node: Start(162, 187), End(174, 199), Size(13x13), Charging Stations: 6
         ├─ Node: Start(175, 149), End(199, 174), Size(25x26), Charging Stations: 11
         │   ├─ Node: Start(174, 149), End(186, 161), Size(13x13), Charging Stations: 4
         │   ├─ Node: Start(174, 162), End(186, 174), Size(13x13), Charging Stations: 2
         │   ├─ Node: Start(187, 149), End(199, 161), Size(13x13), Charging Stations: 4
         │   └─ Node: Start(187, 162), End(199, 174), Size(13x13), Charging Stations: 1
         └─ Node: Start(175, 175), End(199, 199), Size(25x25), Charging Stations: 13
             ├─ Node: Start(174, 174), End(186, 186), Size(13x13), Charging Stations: 1
             ├─ Node: Start(174, 187), End(186, 199), Size(13x13), Charging Stations: 2
             ├─ Node: Start(187, 174), End(199, 186), Size(13x13), Charging Stations: 5
             └─ Node: Start(187, 187), End(199, 199), Size(13x13), Charging Stations: 4
                 ├─ Node: Start(186, 186), End(192, 192), Size(7x7), Charging Stations: 2
                 ├─ Node: Start(186, 193), End(192, 199), Size(7x7), Charging Stations: 1
                 ├─ Node: Start(193, 186), End(199, 192), Size(7x7), Charging Stations: 1
                 └─ Node: Start(193, 193), End(199, 199), Size(7x7), Charging Stations: 1

Environment is static. Applying global Q-learning.
The Agent Has Converged After 1813341 Episodes

Environment is static. Performing global local path planning for all leaf nodes.
Training agent in leaf node: Start(24, 62), End(36, 74)
Training agent in leaf node: Start(0, 125), End(24, 149)
Training agent in leaf node: Start(49, 149), End(61, 161)
Training agent in leaf node: Start(87, 0), End(99, 12)
Training agent in leaf node: Start(56, 36), End(61, 42)
Training agent in leaf node: Start(49, 62), End(61, 74)
Training agent in leaf node: Start(49, 181), End(55, 186)
Training agent in leaf node: Start(87, 87), End(99, 99)
Training agent in leaf node: Start(13, 74), End(24, 86)
Training agent in leaf node: Start(24, 111), End(30, 117)
Training agent in leaf node: Start(62, 124), End(74, 136)
Training agent in leaf node: Start(49, 112), End(61, 124)
Training agent in leaf node: Start(13, 112), End(24, 124)
Training agent in leaf node: Start(24, 174), End(36, 186)
Training agent in leaf node: Start(37, 13), End(49, 24)
Training agent in leaf node: Start(62, 49), End(74, 61)
Training agent in leaf node: Start(13, 13), End(24, 24)
Training agent in leaf node: Start(81, 186), End(86, 192)
Training agent in leaf node: Start(62, 162), End(74, 174)
Training agent in leaf node: Start(0, 112), End(12, 124)
Training agent in leaf node: Start(74, 0), End(86, 12)
Training agent in leaf node: Start(24, 0), End(36, 12)
Training agent in leaf node: Start(19, 24), End(24, 30)
Training agent in leaf node: Start(61, 186), End(67, 192)
Training agent in leaf node: Start(Training agent in leaf node: Start(37, 174), End(49, 186)
Training agent in leaf node: Start(56, 43), End(61, 49)
Training agent in leaf node: Start(37, 62), End(49, 74)
Training agent in leaf node: Start(187, 37), End(199, 49)
Training agent in leaf node: Start(49, 0), End(61, 12)
Training agent in leaf node: Start(24, 187), End(36, 199)
Training agent in leaf node: Start(0, 0), End(12, 12)
Training agent in leaf node: Start(62, 62), End(74, 74)
Training agent in leaf node: Start(37, 137), End(49, 149)
Training agent in leaf node: Start(162, 137), End(174, 149)
Training agent in leaf node: Start(0, 187), End(12, 199)
Training agent in leaf node: Start(61, 174), End(67, 180)
Training agent in leaf node: Start(25, 25), End(49, 49)
Training agent in leaf node: Start(13, 187), End(24, 199)
Training agent in leaf node: Start(49, 174), End(55, 180)
Training agent in leaf node: Start(37, 99), End(49, 111)
Training agent in leaf node: Start(31, 111), End(36, 117)
Training agent in leaf node: Start(24, 74), End(36, 86)
Training agent in leaf node: Start(149, 149), End(161, 161)
Training agent in leaf node: Start(49, 49), End(61, 61)
Training agent in leaf node: Start(161, 68), End(167, 74)
Training agent in leaf node: Start(74, 186), End(80, 192)
Training agent in leaf node: Start(62, 149), End(74, 161)
Training agent in leaf node: Start(74, 87), End(86, 99)
Training agent in leaf node: Start(99, 111), End(105, 117)
Training agent in leaf node: Start(87, 37), End(99, 49)
Training agent in leaf node: Start(31, 118), End(36, 124)
Training agent in leaf node: Start(174, 187), End(186, 199)
Training agent in leaf node: Start(49, 36), End(55, 42)
Training agent in leaf node: Start(13, 0), End(24, 12)
Training agent in leaf node: Start(56, 174), End(61, 180)
Training agent in leaf node: Start(68, 186), End(74, 192)
Training agent in leaf node: Start(149, 13), End(161, 24)
Training agent in leaf node: Start(149, 137), End(161, 149)
Training agent in leaf node: Start(99, 74), End(111, 86)
Training agent in leaf node: Start(162, 99), End(174, 111)
Training agent in leaf node: Start(124, 87), End(136, 99)
Training agent in leaf node: Start(187, 137), End(199, 149)
Training agent in leaf node: Start(49, 75), End(74, 99)
Training agent in leaf node: Start(125, 49), End(149, 74)
Training agent in leaf node: Start(137, 187), End(149, 199)
Training agent in leaf node: Start(186, 193), End(192, 199)
Training agent in leaf node: Start(162, 13), End(174, 24)
Training agent in leaf node: Start(174, 124), End(186, 136)
Training agent in leaf node: Start(174, 56), End(180, 61)
Training agent in leaf node: Start(137, 149), End(149, 161)
Training agent in leaf node: Start(61, 193), End(67, 199)
Training agent in leaf node: Start(174, 49), End(180, 55)
Training agent in leaf node: Start(0, 49), End(12, 61)
Training agent in leaf node: Start(137, 112), End(149, 124)
Training agent in leaf node: Start(112, 187), End(124, 199)
Training agent in leaf node: Start(187, 0), End(199, 12)
Training agent in leaf node: Start(99, 162), End(111, 174)
Training agent in leaf node: Start(149, 124), End(161, 136)
Training agent in leaf node: Start(37, 49), End(49, 61)
Training agent in leaf node: Start(99, 87), End(111, 99)
Training agent in leaf node: Start(181, 56), End(186, 61)
Training agent in leaf node: Start(193, 193), End(199, 199)
Training agent in leaf node: Start(124, 174), End(136, 186)
Training agent in leaf node: Start(99, 62), End(111, 74)
Training agent in leaf node: Start(168, 68), End(174, 74)
Training agent in leaf node: Start(137, 99), End(149, 111)
Training agent in leaf node: Start(162, 174), End(174, 186)
Training agent in leaf node: Start(112, 87), End(124, 99)
Training agent in leaf node: Start(74, 24), End(86, 36)
Training agent in leaf node: Start(112, 49), End(124, 61)
Training agent in leaf node: Start(37, 162), End(49, 174)
Training agent in leaf node: Start(149, 62), End(161, 74)
Training agent in leaf node: Start(174, 137), End(186, 149)
Training agent in leaf node: Start(124, 149), End(136, 161)
Training agent in leaf node: Start(162, 24), End(174, 36)
Training agent in leaf node: Start(149, 24), End(161, 36)
Training agent in leaf node: Start(124, 187), End(136, 199)
Training agent in leaf node: Start(124, 162), End(136, 174)
Training agent in leaf node: Start(187, 112), End(199, 124)
Training agent in leaf node: Start(112, 162), End(124, 174)
Training agent in leaf node: Start(112, 149), End(124, 161)
Training agent in leaf node: Start(187, 24), End(199, 36)
Training agent in leaf node: Start(112, 62), End(124, 74)
Training agent in leaf node: Start(174, 37), End(186, 49)
Training agent in leaf node: Start(174, 24), End(186, 36)
Training agent in leaf node: Start(125, 25), End(149, 49)
Training agent in leaf node: Start(149, 99), End(161, 111)
Training agent in leaf node: Start(0, 162), End(12, 174)
Training agent in leaf node: Start(0, 174), End(12, 186)
Training agent in leaf node: Start(181, 49), End(186, 55)
Training agent in leaf node: Start(137, 174), End(149, 186)
Training agent in leaf node: Start(87, 24), End(99, 36)
Training agent in leaf node: Start(112, 74), End(124, 86)
Training agent in leaf node: Start(87, 174), End(99, 186)
Training agent in leaf node: Start(149, 112), End(161, 124)
Training agent in leaf node: Start(112, 99), End(124, 111)
Training agent in leaf node: Start(49, 124), End(61, 136)
Training agent in leaf node: Start(174, 0), End(186, 12)
Training agent in leaf node: Start(162, 187), End(174, 199)
Training agent in leaf node: Start(68, 174), End(74, 180)
Training agent in leaf node: Start(13, 149), End(24, 161)
Training agent in leaf node: Start(0, 37), End(12, 49)
Training agent in leaf node: Start(168, 61), End(174, 67)
Training agent in leaf node: Start(174, 13), End(186, 24)
Training agent in leaf node: Start(49, 162), End(61, 174)
Training agent in leaf node: Start(137, 74), End(149, 86)
Training agent in leaf node: Start(Training agent in leaf node: Start(0, 13), End(12, 24)
Training agent in leaf node: Start(74, 74), End(86, 86)
24, 118), End(30, 124)
Training agent in leaf node: Start(99, 187), End(111, 199)
Training agent in leaf node: Start(61, 181), End(67, 186)
Training agent in leaf node: Start(49, 99), End(61, 111)
Training agent in leaf node: Start(37, 87), End(49, 99)
Training agent in leaf node: Start(13, 49), End(24, 61)
Training agent in leaf node: Start(149, 75), End(174, 99)
Training agent in leaf node: Start(24, 162), End(36, 174)
Training agent in leaf node: Start(99, 25), End(124, 49)
Training agent in leaf node: Start(162, 149), End(174, 161)
Training agent in leaf node: Start(13, 162), End(24, 174)
Training agent in leaf node: Start(37, 149), End(49, 161)
Training agent in leaf node: Start(37, 112), End(49, 124)
Training agent in leaf node: Start(49, 43), End(55, 49)
Training agent in leaf node: Start(13, 37), End(24, 49)
Training agent in leaf node: Start(174, 112), End(186, 124)
Training agent in leaf node: Start(68, 181), End(74, 186)
Training agent in leaf node: Start(74, 137), End(86, 149)
Training agent in leaf node: Start(74, 174), End(86, 186)
Training agent in leaf node: Start(87, 187), End(99, 199)
Training agent in leaf node: Start(12, 31), End(18, 36)
Training agent in leaf node: Start(87, 74), End(99, 86)
Training agent in leaf node: Start(74, 37), End(86, 49)
Training agent in leaf node: Start(62, 0), End(74, 12)
Training agent in leaf node: Start(187, 13), End(199, 24)
0, 99), End(12, 111)
Training agent in leaf node: Start(87, 149), End(99, 161)
Training agent in leaf node: Start(24, 87), End(36, 99)
Training agent in leaf node: Start(0, 24), End(12, 36)
Training agent in leaf node: Start(174, 174), End(186, 186)
Training agent in leaf node: Start(149, 187), End(161, 199)
Training agent in leaf node: Start(174, 99), End(186, 111)
Training agent in leaf node: Start(162, 37), End(174, 49)
Training agent in leaf node: Start(75, 49), End(99, 74)
Training agent in leaf node: Start(74, 193), End(80, 199)
Training agent in leaf node: Start(0, 74), End(12, 86)
Training agent in leaf node: Start(24, 13), End(36, 24)
Training agent in leaf node: Start(62, 24), End(74, 36)
Training agent in leaf node: Start(106, 111), End(111, 117)
Training agent in leaf node: Start(87, 13), End(99, 24)
Training agent in leaf node: Start(162, 112), End(174, 124)
Training agent in leaf node: Start(62, 112), End(74, 124)
Training agent in leaf node: Start(13, 87), End(24, 99)
Training agent in leaf node: Start(99, 149), End(111, 161)
Training agent in leaf node: Start(13, 99), End(24, 111)
Training agent in leaf node: Start(112, 174), End(124, 186)
Training agent in leaf node: Start(13, 174), End(24, 186)
Training agent in leaf node: Start(99, 0), End(124, 24)
Training agent in leaf node: Start(162, 162), End(174, 174)
Training agent in leaf node: Start(99, 118), End(105, 124)
Training agent in leaf node: Start(62, 37), End(74, 49)
Training agent in leaf node: Start(56, 181), End(61, 186)
Training agent in leaf node: Start(68, 193), End(74, 199)
Training agent in leaf node: Start(187, 99), End(199, 111)
Training agent in leaf node: Start(24, 99), End(36, 111)
Training agent in leaf node: Start(99, 99), End(111, 111)
Training agent in leaf node: Start(124, 112), End(136, 124)
Training agent in leaf node: Start(175, 75), End(199, 99)
Training agent in leaf node: Start(187, 162), End(199, 174)
Training agent in leaf node: Start(24, 49), End(36, 61)
Training agent in leaf node: Start(149, 174), End(161, 186)
Training agent in leaf node: Start(62, 137), End(74, 149)
Training agent in leaf node: Start(161, 61), End(167, 67)
Training agent in leaf node: Start(174, 162), End(186, 174)
Training agent in leaf node: Start(12, 24), End(18, 30)
Training agent in leaf node: Start(74, 13), End(86, 24)
Training agent in leaf node: Start(186, 186), End(192, 192)
Training agent in leaf node: Start(187, 174), End(199, 186)
Training agent in leaf node: Start(174, 149), End(186, 161)
Training agent in leaf node: Start(162, 49), End(174, 61)
Training agent in leaf node: Start(74, 124), End(86, 136)
Training agent in leaf node: Start(193, 186), End(199, 192)
Training agent in leaf node: Start(37, 74), End(49, 86)
Training agent in leaf node: Start(Training agent in leaf node: Start(Training agent in leaf node: Start(99, 174), End(111, 186)
Training agent in leaf node: Start(75, 99), End(99, 124)
Training agent in leaf node: Start(162, 124), End(174, 136)
Training agent in leaf node: Start(187, 149), End(199, 161)
Training agent in leaf node: Start(187, 49), End(199, 61)
Training agent in leaf node: Start(99, 49), End(111, 61)
Training agent in leaf node: Start(149, 37), End(161, 49)
Training agent in leaf node: Start(137, 162), End(149, 174)
Training agent in leaf node: Start(24, 149), End(36, 161)
Training agent in leaf node: Start(137, 87), End(149, 99)
Training agent in leaf node: Start(99, 125), End(124, 149)
Training agent in leaf node: Start(37, 0), End(49, 12)
Training agent in leaf node: Start(87, 124), End(99, 136)
Training agent in leaf node: Start(112, 112), End(124, 124)
Training agent in leaf node: Start(174, 62), End(186, 74)
Training agent in leaf node: Start(19, 31), End(24, 36)
Training agent in leaf node: Start(124, 99), End(136, 111)
Training agent in leaf node: Start(124, 74), End(136, 86)
Training agent in leaf node: Start(125, 0), End(149, 24)
Training agent in leaf node: Start(149, 0), End(161, 12)
Training agent in leaf node: Start(0, 87), End(12, 99)
Training agent in leaf node: Start(162, 0), End(174, 12)
Training agent in leaf node: Start(149, 162), End(161, 174)
Training agent in leaf node: Start(187, 62), End(199, 74)
Training agent in leaf node: Start(24, 137), End(36, 149)
Training agent in leaf node: Start(37, 187), End(49, 199)
Training agent in leaf node: Start(149, 49), End(161, 61)
Training agent in leaf node: Start(49, 13), End(61, 24)
Training agent in leaf node: Start(0, 149), End(12, 161)
Training agent in leaf node: Start(74, 162), End(86, 174)
Training agent in leaf node: Start(13, 62), End(24, 74)
Training agent in leaf node: Start(81, 193), End(86, 199)
Training agent in leaf node: Start(87, 137), End(99, 149)
Training agent in leaf node: Start(49, 187), End(61, 199)
Training agent in leaf node: Start(49, 24), End(61, 36)
Training agent in leaf node: Start(106, 118), End(111, 124)
Training agent in leaf node: Start(62, 99), End(74, 111)
37, 124), End(49, 136)
Training agent in leaf node: Start(Training agent in leaf node: Start(62, 13), End(74, 24)
0, 62), End(12, 74)
Training agent in leaf node: Start(187, 124), End(199, 136)
Training agent in leaf node: Start(74, 149), End(86, 161)
87, 162), End(99, 174)
Training agent in leaf node: Start(125, 125), End(149, 149)
Training agent in leaf node: Start(24, 124), End(36, 136)
Training agent in leaf node: Start(49, 137), End(61, 149)
The Agent Has Converged After 2371 Episodes
The Agent Has Converged After 2641 Episodes
The Agent Has Converged After 3251 Episodes
The Agent Has Converged After 3051 Episodes
The Agent Has Converged After 2901 Episodes
The Agent Has Converged After 2831 Episodes
The Agent Has Converged After 3471 Episodes
The Agent Has Converged After 3401 Episodes
The Agent Has Converged After 3421 Episodes
The Agent Has Converged After 3141 Episodes
The Agent Has Converged After 5111 Episodes
The Agent Has Converged After 3961 Episodes
The Agent Has Converged After 4691 Episodes
The Agent Has Converged After 3981 Episodes
The Agent Has Converged After 4381 Episodes
The Agent Has Converged After 5691 Episodes
The Agent Has Converged After 4591 Episodes
The Agent Has Converged After 5251 Episodes
The Agent Has Converged After 5361 Episodes
The Agent Has Converged After 5701 Episodes
The Agent Has Converged After 4791 Episodes
The Agent Has Converged After 6301 Episodes
The Agent Has Converged After 5981 Episodes
The Agent Has Converged After 6341 Episodes
The Agent Has Converged After 5071 Episodes
The Agent Has Converged After 6631 Episodes
The Agent Has Converged After 5471 Episodes
The Agent Has Converged After 6721 Episodes
The Agent Has Converged After 6951 Episodes
The Agent Has Converged After 6131 Episodes
The Agent Has Converged After 6621 Episodes
The Agent Has Converged After 6851 Episodes
The Agent Has Converged After 6751 Episodes
The Agent Has Converged After 7651 Episodes
The Agent Has Converged After 7671 Episodes
The Agent Has Converged After 7861 Episodes
The Agent Has Converged After 7831 Episodes
The Agent Has Converged After 7431 Episodes
The Agent Has Converged After 7481 Episodes
The Agent Has Converged After 7431 Episodes
The Agent Has Converged After 7281 Episodes
The Agent Has Converged After 7921 Episodes
The Agent Has Converged After 7821 Episodes
The Agent Has Converged After 7971 Episodes
The Agent Has Converged After 8491 Episodes
The Agent Has Converged After 7651 Episodes
The Agent Has Converged After 7641 Episodes
The Agent Has Converged After 9261 Episodes
The Agent Has Converged After 8531 Episodes
The Agent Has Converged After 8441 Episodes
The Agent Has Converged After 8471 Episodes
The Agent Has Converged After 9051 Episodes
The Agent Has Converged After 8931 Episodes
The Agent Has Converged After 9531 Episodes
The Agent Has Converged After 8931 Episodes
The Agent Has Converged After 9771 Episodes
The Agent Has Converged After 9591 Episodes
The Agent Has Converged After 9271 Episodes
The Agent Has Converged After 8581 Episodes
The Agent Has Converged After 9221 Episodes
The Agent Has Converged After 9951 Episodes
The Agent Has Converged After 9341 Episodes
The Agent Has Converged After 9901 Episodes
The Agent Has Converged After 9411 Episodes
The Agent Has Converged After 10031 Episodes
The Agent Has Converged After 9071 Episodes
The Agent Has Converged After 9241 Episodes
The Agent Has Converged After 11541 Episodes
The Agent Has Converged After 10131 Episodes
The Agent Has Converged After 9821 Episodes
The Agent Has Converged After 10041 Episodes
The Agent Has Converged After 10821 Episodes
The Agent Has Converged After 10621 Episodes
The Agent Has Converged After 11011 Episodes
The Agent Has Converged After 9901 Episodes
The Agent Has Converged After 10191 Episodes
The Agent Has Converged After 11061 Episodes
The Agent Has Converged After 10611 Episodes
The Agent Has Converged After 10681 Episodes
The Agent Has Converged After 9671 Episodes
The Agent Has Converged After 10651 Episodes
The Agent Has Converged After 10991 Episodes
The Agent Has Converged After 10711 Episodes
The Agent Has Converged After 11741 Episodes
The Agent Has Converged After 11241 Episodes
The Agent Has Converged After 10961 Episodes
The Agent Has Converged After 10511 Episodes
The Agent Has Converged After 11601 Episodes
The Agent Has Converged After 12141 Episodes
The Agent Has Converged After 11671 Episodes
The Agent Has Converged After 11591 Episodes
The Agent Has Converged After 11891 Episodes
The Agent Has Converged After 11131 Episodes
The Agent Has Converged After 11681 Episodes
The Agent Has Converged After 12151 Episodes
The Agent Has Converged After 11661 Episodes
The Agent Has Converged After 11171 Episodes
The Agent Has Converged After 11551 Episodes
The Agent Has Converged After 11331 Episodes
The Agent Has Converged After 12021 Episodes
The Agent Has Converged After 12211 Episodes
The Agent Has Converged After 12391 Episodes
The Agent Has Converged After 11821 Episodes
The Agent Has Converged After 12281 Episodes
The Agent Has Converged After 11181 Episodes
The Agent Has Converged After 12081 Episodes
The Agent Has Converged After 12231 Episodes
The Agent Has Converged After 12021 Episodes
The Agent Has Converged After 12701 Episodes
The Agent Has Converged After 12651 Episodes
The Agent Has Converged After 12311 Episodes
The Agent Has Converged After 12641 Episodes
The Agent Has Converged After 11691 Episodes
The Agent Has Converged After 13071 Episodes
The Agent Has Converged After 12111 Episodes
The Agent Has Converged After 12031 Episodes
The Agent Has Converged After 12921 Episodes
The Agent Has Converged After 11831 Episodes
The Agent Has Converged After 12401 Episodes
The Agent Has Converged After 13471 Episodes
The Agent Has Converged After 12221 Episodes
The Agent Has Converged After 12481 Episodes
The Agent Has Converged After 14441 Episodes
The Agent Has Converged After 13951 Episodes
The Agent Has Converged After 13631 Episodes
The Agent Has Converged After 11791 Episodes
The Agent Has Converged After 13631 Episodes
The Agent Has Converged After 13031 Episodes
The Agent Has Converged After 13681 Episodes
The Agent Has Converged After 12631 Episodes
The Agent Has Converged After 11591 Episodes
The Agent Has Converged After 13451 Episodes
The Agent Has Converged After 13061 Episodes
The Agent Has Converged After 13361 Episodes
The Agent Has Converged After 13721 Episodes
The Agent Has Converged After 13151 Episodes
The Agent Has Converged After 15021 Episodes
The Agent Has Converged After 12811 Episodes
The Agent Has Converged After 13651 Episodes
The Agent Has Converged After 12721 Episodes
The Agent Has Converged After 13691 Episodes
The Agent Has Converged After 12811 Episodes
The Agent Has Converged After 14981 Episodes
The Agent Has Converged After 13631 Episodes
The Agent Has Converged After 15551 Episodes
The Agent Has Converged After 15291 Episodes
The Agent Has Converged After 14761 Episodes
The Agent Has Converged After 14291 Episodes
The Agent Has Converged After 13011 Episodes
The Agent Has Converged After 14191 Episodes
The Agent Has Converged After 15251 Episodes
The Agent Has Converged After 13451 Episodes
The Agent Has Converged After 13971 Episodes
The Agent Has Converged After 14731 Episodes
The Agent Has Converged After 14271 Episodes
The Agent Has Converged After 14591 Episodes
The Agent Has Converged After 14181 Episodes
The Agent Has Converged After 15801 Episodes
The Agent Has Converged After 15741 Episodes
The Agent Has Converged After 13821 Episodes
The Agent Has Converged After 14901 Episodes
The Agent Has Converged After 15061 Episodes
The Agent Has Converged After 15381 Episodes
The Agent Has Converged After 14461 Episodes
The Agent Has Converged After 15271 Episodes
The Agent Has Converged After 15711 Episodes
The Agent Has Converged After 14471 Episodes
The Agent Has Converged After 14031 Episodes
The Agent Has Converged After 15741 Episodes
The Agent Has Converged After 16361 Episodes
The Agent Has Converged After 14521 Episodes
The Agent Has Converged After 16251 Episodes
The Agent Has Converged After 14561 Episodes
The Agent Has Converged After 14771 Episodes
The Agent Has Converged After 15311 Episodes
The Agent Has Converged After 14471 Episodes
The Agent Has Converged After 17951 Episodes
The Agent Has Converged After 15061 Episodes
The Agent Has Converged After 15961 Episodes
The Agent Has Converged After 13621 Episodes
The Agent Has Converged After 16001 Episodes
The Agent Has Converged After 14971 Episodes
The Agent Has Converged After 15591 Episodes
The Agent Has Converged After 16801 Episodes
The Agent Has Converged After 17931 Episodes
The Agent Has Converged After 16771 Episodes
The Agent Has Converged After 15891 Episodes
The Agent Has Converged After 17121 Episodes
The Agent Has Converged After 15721 Episodes
The Agent Has Converged After 17411 Episodes
The Agent Has Converged After 17041 Episodes
The Agent Has Converged After 15251 Episodes
The Agent Has Converged After 16111 Episodes
The Agent Has Converged After 17521 Episodes
The Agent Has Converged After 15721 Episodes
The Agent Has Converged After 17081 Episodes
The Agent Has Converged After 16101 Episodes
The Agent Has Converged After 16161 Episodes
The Agent Has Converged After 15321 Episodes
The Agent Has Converged After 16481 Episodes
The Agent Has Converged After 14741 Episodes
The Agent Has Converged After 18021 Episodes
The Agent Has Converged After 16641 Episodes
The Agent Has Converged After 16521 Episodes
The Agent Has Converged After 17291 Episodes
The Agent Has Converged After 17701 Episodes
The Agent Has Converged After 17471 Episodes
The Agent Has Converged After 16051 Episodes
The Agent Has Converged After 17171 Episodes
The Agent Has Converged After 16571 Episodes
The Agent Has Converged After 17541 Episodes
The Agent Has Converged After 19301 Episodes
The Agent Has Converged After 17831 Episodes
The Agent Has Converged After 17211 Episodes
The Agent Has Converged After 18721 Episodes
The Agent Has Converged After 18751 Episodes
The Agent Has Converged After 19131 Episodes
The Agent Has Converged After 19571 Episodes
The Agent Has Converged After 18491 Episodes
The Agent Has Converged After 17761 Episodes
The Agent Has Converged After 19261 Episodes
The Agent Has Converged After 17751 Episodes
The Agent Has Converged After 17881 Episodes
The Agent Has Converged After 20361 Episodes
The Agent Has Converged After 18891 Episodes
The Agent Has Converged After 18911 Episodes
The Agent Has Converged After 17581 Episodes
The Agent Has Converged After 20621 Episodes
The Agent Has Converged After 18871 Episodes
The Agent Has Converged After 19321 Episodes
The Agent Has Converged After 20051 Episodes
The Agent Has Converged After 21801 Episodes
The Agent Has Converged After 21411 Episodes
The Agent Has Converged After 26221 Episodes
The Agent Has Converged After 27431 Episodes
The Agent Has Converged After 29821 Episodes
The Agent Has Converged After 30261 Episodes
The Agent Has Converged After 30491 Episodes
The Agent Has Converged After 29771 Episodes
The Agent Has Converged After 28471 Episodes
The Agent Has Converged After 30191 Episodes
The Agent Has Converged After 29251 Episodes
The Agent Has Converged After 30181 Episodes
The Agent Has Converged After 29521 Episodes
The Agent Has Converged After 31551 Episodes
The Agent Has Converged After 31531 Episodes
The Agent Has Converged After 32931 Episodes

Environment changed. Applying local Q-learning.
The Agent Has Converged After 6591 Episodes
The Agent Has Converged After 33181 Episodes
The Agent Has Converged After 28131 Episodes
The Agent Has Converged After 31601 Episodes
The Agent Has Converged After 19441 Episodes
The Agent Has Converged After 13131 Episodes
The Agent Has Converged After 8081 Episodes
The Agent Has Converged After 17881 Episodes
The Agent Has Converged After 30331 Episodes
The Agent Has Converged After 15801 Episodes
The Agent Has Converged After 8641 Episodes

Environment changed. Performing local path planning for affected leaf nodes.
Training agent in leaf node: Start(187, 13), End(199, 24)
Training agent in leaf node: Start(0, 125), End(24, 149)
Training agent in leaf node: Start(49, 75), End(74, 99)
Training agent in leaf node: Start(124, 112), End(136, 124)
Training agent in leaf node: Start(174, 0), End(186, 12)
Training agent in leaf node: Start(99, 125), End(124, 149)
Training agent in leaf node: Start(0, 187), End(12, 199)
Training agent in leaf node: Start(37, 174), End(49, 186)
Training agent in leaf node: Start(49, 62), End(61, 74)
Training agent in leaf node: Start(125, 49), End(149, 74)
Training agent in leaf node: Start(124, 99), End(136, 111)
The Agent Has Converged After 6481 Episodes
The Agent Has Converged After 9101 Episodes
The Agent Has Converged After 9641 Episodes
The Agent Has Converged After 12411 Episodes
The Agent Has Converged After 14811 Episodes
The Agent Has Converged After 16601 Episodes
The Agent Has Converged After 15881 Episodes
The Agent Has Converged After 27481 Episodes
The Agent Has Converged After 28061 Episodes
The Agent Has Converged After 28721 Episodes
The Agent Has Converged After 29271 Episodes

Maze Size: 200x200

--- MasMat Results ---
Static Training Time   : 1632.9s
Dynamic Training Time  : 82.7718s
Average Planning Time  : 5.58729e-06s
Success Rate           : 100%
Average Path Length    : 2.65 steps

--- Local Path Planning Results ---
Static Training Time   : 219.44s
Dynamic Training Time  : 15.865s
Average Planning Time  : 5.20798e-06s
Success Rate           : 100%
Average Path Length    : 2.5 steps

Process finished with exit code 0